<html>
<body>
<pre>
<h1>µVision Build Log</h1>
<h2>Tool Versions:</h2>
IDE-Version: ¦ÌVision V5.24.2.0
Copyright (C) 2017 ARM Ltd and ARM Germany GmbH. All rights reserved.
License Information: Íõ XX, IoT-CluB, LIC=2WSKP-MT0AN-IYAVB-2AP9A-3HTEX-FC8U3
 
Tool Versions:
Toolchain:       MDK-ARM Basic (256K)  Version: 5.24.1
Toolchain Path:  D:\Keil_v5\ARM\ARMCC\Bin
C Compiler:      Armcc.exe V5.06 update 5 (build 528)
Assembler:       Armasm.exe V5.06 update 5 (build 528)
Linker/Locator:  ArmLink.exe V5.06 update 5 (build 528)
Library Manager: ArmAr.exe V5.06 update 5 (build 528)
Hex Converter:   FromElf.exe V5.06 update 5 (build 528)
CPU DLL:         SARMCM3.DLL V5.24.1
Dialog DLL:      DCM.DLL V1.16.0.0
Target DLL:      STLink\ST-LINKIII-KEIL_SWO.dll V3.0.1.0
Dialog DLL:      TCM.DLL V1.32.0.0
 
<h2>Project:</h2>
D:\GitHub\EVB_M1_Liteos\targets\STM32L431_EVB_M1_Humiture_UDP\MDK-ARM\STM32L431RxTx.uvprojx
Project File Date:  06/30/2019

<h2>Output:</h2>
*** Using Compiler 'V5.06 update 5 (build 528)', folder: 'D:\Keil_v5\ARM\ARMCC\Bin'
Build target 'STM32L431RxTx'
compiling stm32l4xx_it.c...
compiling gpio.c...
compiling usart.c...
compiling stm32l4xx_hal_msp.c...
compiling i2c.c...
compiling adc.c...
compiling main.c...
compiling sys_init.c...
compiling dwt.c...
compiling at_hal.c...
compiling stm32l4xx_hal_i2c.c...
compiling stm32l4xx_hal_adc.c...
compiling stm32l4xx_hal_i2c_ex.c...
compiling stm32l4xx_hal_adc_ex.c...
compiling stm32l4xx_hal_tim_ex.c...
compiling stm32l4xx_hal_tim.c...
compiling stm32l4xx_hal_uart_ex.c...
compiling stm32l4xx_hal_uart.c...
compiling stm32l4xx_hal.c...
compiling stm32l4xx_hal_rcc.c...
compiling stm32l4xx_hal_rcc_ex.c...
compiling stm32l4xx_hal_flash_ex.c...
compiling stm32l4xx_hal_flash.c...
compiling stm32l4xx_hal_gpio.c...
compiling stm32l4xx_hal_flash_ramfunc.c...
compiling stm32l4xx_hal_dma.c...
compiling stm32l4xx_hal_dma_ex.c...
compiling stm32l4xx_hal_pwr.c...
compiling stm32l4xx_hal_pwr_ex.c...
compiling system_stm32l4xx.c...
compiling stm32l4xx_hal_cortex.c...
compiling cmsis_liteos.c...
compiling los_priqueue.c...
compiling los_swtmr.c...
compiling los_sys.c...
compiling los_task.c...
compiling los_tick.c...
compiling los_timeslice.c...
compiling los_event.c...
compiling los_mux.c...
compiling los_queue.c...
compiling los_sem.c...
compiling los_heap.c...
compiling los_memory.c...
compiling los_membox.c...
compiling los_memcheck.c...
compiling los_slab.c...
compiling los_memstat.c...
compiling los_slabmem.c...
compiling los_misc.c...
compiling los_err.c...
compiling los_init.c...
compiling los_tickless.c...
compiling los_hw.c...
compiling los_hw_tick.c...
compiling los_hwi.c...
..\..\..\arch\arm\arm-m\src\los_hwi.c(219): warning:  #186-D: pointless comparison of unsigned integer with zero
      if ((usHwiPrio > 
S_HWI_PRIO_LOWEST) || (usHwiPrio < 
S_HWI_PRIO_HIGHEST))
..\..\..\arch\arm\arm-m\src\los_hwi.c: 1 warning, 0 errors
compiling oled.c...
compiling DHT11_BUS.c...
compiling bc95.c...
compiling at_main.c...
compiling los_nb_api.c...
compiling nb_iot_demo.c...
linking...
Program Size: Code=32752 RO-data=2852 RW-data=1820 ZI-data=8620  
FromELF: creating hex file...
"STM32L431RxTx\STM32L431RxTx.axf" - 0 Error(s), 1 Warning(s).

<h2>Software Packages used:</h2>

Package Vendor: ARM
                http://www.keil.com/pack/ARM.CMSIS.5.0.1.pack
                ARM.CMSIS.5.0.1
                CMSIS (Cortex Microcontroller Software Interface Standard)
   * Component: CORE Version: 5.0.1

Package Vendor: Keil
                http://www.keil.com/pack/Keil.STM32L4xx_DFP.2.0.0.pack
                Keil.STM32L4xx_DFP.2.0.0
                STMicroelectronics STM32L4 Series Device Support, Drivers and Examples

<h2>Collection of Component include folders:</h2>
  .\RTE\_STM32L431RxTx
  D:\Keil_v5\ARM\PACK\ARM\CMSIS\5.0.1\CMSIS\Include
  D:\Keil_v5\ARM\PACK\Keil\STM32L4xx_DFP\2.0.0\Drivers\CMSIS\Device\ST\STM32L4xx\Include

<h2>Collection of Component Files used:</h2>

   * Component: ARM::CMSIS:CORE:5.0.1
Build Time Elapsed:  00:02:40
</pre>
</body>
</html>
