Component: ARM Compiler 5.06 update 5 (build 528) Tool: armlink [4d35e2]

==============================================================================

Section Cross References

    los_startup_keil.o(LOS_HEAP_INFO) refers to los_startup_keil.o(LOS_HEAP) for __los_heap_base
    los_startup_keil.o(RESET) refers to system_stm32l4xx.o(i.SystemInit) for SystemInit
    los_startup_keil.o(RESET) refers to entry.o(.ARM.Collect$$$$00000000) for __main
    system_stm32l4xx.o(i.SystemCoreClockUpdate) refers to system_stm32l4xx.o(.constdata) for .constdata
    system_stm32l4xx.o(i.SystemCoreClockUpdate) refers to system_stm32l4xx.o(.data) for .data
    main.o(i.HardWare_Init) refers to stm32l4xx_hal.o(i.HAL_Init) for HAL_Init
    main.o(i.HardWare_Init) refers to sys_init.o(i.SystemClock_Config) for SystemClock_Config
    main.o(i.HardWare_Init) refers to dwt.o(i.dwt_delay_init) for dwt_delay_init
    main.o(i.HardWare_Init) refers to gpio.o(i.MX_GPIO_Init) for MX_GPIO_Init
    main.o(i.HardWare_Init) refers to usart.o(i.MX_USART1_UART_Init) for MX_USART1_UART_Init
    main.o(i.HardWare_Init) refers to printf8.o(i.__0printf$8) for __2printf
    main.o(i.HardWare_Init) refers to system_stm32l4xx.o(.data) for SystemCoreClock
    main.o(i.creat_main_task) refers to los_task.o(i.LOS_TaskCreate) for LOS_TaskCreate
    main.o(i.creat_main_task) refers to main.o(i.main_task) for main_task
    main.o(i.creat_main_task) refers to main.o(.data) for .data
    main.o(i.main) refers to main.o(i.HardWare_Init) for HardWare_Init
    main.o(i.main) refers to los_init.o(i.LOS_KernelInit) for LOS_KernelInit
    main.o(i.main) refers to main.o(i.creat_main_task) for creat_main_task
    main.o(i.main) refers to los_init.o(i.LOS_Start) for LOS_Start
    main.o(i.main_task) refers to main.o(i.user_hw_init) for user_hw_init
    main.o(i.main_task) refers to printf8.o(i.__0printf$8) for __2printf
    main.o(i.main_task) refers to los_nb_api.o(i.los_nb_init) for los_nb_init
    main.o(i.main_task) refers to los_nb_api.o(i.los_nb_notify) for los_nb_notify
    main.o(i.main_task) refers to los_task.o(i.LOS_TaskDelay) for LOS_TaskDelay
    main.o(i.main_task) refers to nb_iot_demo.o(i.nb_iot_entry) for nb_iot_entry
    main.o(i.main_task) refers to nb_iot_cmd_ioctl.o(i.OC_cmd_match) for OC_cmd_match
    main.o(i.main_task) refers to nb_iot_cmd_ioctl.o(i.nb_cmd_data_ioctl) for nb_cmd_data_ioctl
    main.o(i.user_hw_init) refers to oled.o(i.OLED_Init) for OLED_Init
    main.o(i.user_hw_init) refers to oled.o(i.OLED_Clear) for OLED_Clear
    main.o(i.user_hw_init) refers to oled.o(i.OLED_ShowCHinese) for OLED_ShowCHinese
    main.o(i.user_hw_init) refers to oled.o(i.OLED_ShowString) for OLED_ShowString
    main.o(i.user_hw_init) refers to los_hwi.o(i.LOS_HwiCreate) for LOS_HwiCreate
    gpio.o(i.MX_GPIO_Init) refers to stm32l4xx_hal_gpio.o(i.HAL_GPIO_WritePin) for HAL_GPIO_WritePin
    gpio.o(i.MX_GPIO_Init) refers to stm32l4xx_hal_gpio.o(i.HAL_GPIO_Init) for HAL_GPIO_Init
    gpio.o(i.MX_GPIO_Init) refers to stm32l4xx_hal_cortex.o(i.HAL_NVIC_SetPriority) for HAL_NVIC_SetPriority
    gpio.o(i.MX_GPIO_Init) refers to stm32l4xx_hal_cortex.o(i.HAL_NVIC_EnableIRQ) for HAL_NVIC_EnableIRQ
    usart.o(i.HAL_UART_MspDeInit) refers to stm32l4xx_hal_gpio.o(i.HAL_GPIO_DeInit) for HAL_GPIO_DeInit
    usart.o(i.HAL_UART_MspDeInit) refers to stm32l4xx_hal_cortex.o(i.HAL_NVIC_DisableIRQ) for HAL_NVIC_DisableIRQ
    usart.o(i.HAL_UART_MspInit) refers to stm32l4xx_hal_gpio.o(i.HAL_GPIO_Init) for HAL_GPIO_Init
    usart.o(i.HAL_UART_MspInit) refers to stm32l4xx_hal_cortex.o(i.HAL_NVIC_SetPriority) for HAL_NVIC_SetPriority
    usart.o(i.HAL_UART_MspInit) refers to stm32l4xx_hal_cortex.o(i.HAL_NVIC_EnableIRQ) for HAL_NVIC_EnableIRQ
    usart.o(i.MX_USART1_UART_Init) refers to stm32l4xx_hal_uart.o(i.HAL_UART_Init) for HAL_UART_Init
    usart.o(i.MX_USART1_UART_Init) refers to sys_init.o(i._Error_Handler) for _Error_Handler
    usart.o(i.MX_USART1_UART_Init) refers to usart.o(.bss) for .bss
    usart.o(i.MX_USART2_UART_Init) refers to stm32l4xx_hal_uart.o(i.HAL_UART_Init) for HAL_UART_Init
    usart.o(i.MX_USART2_UART_Init) refers to sys_init.o(i._Error_Handler) for _Error_Handler
    usart.o(i.MX_USART2_UART_Init) refers to usart.o(.bss) for .bss
    usart.o(i.fputc) refers to stm32l4xx_hal_uart.o(i.HAL_UART_Transmit) for HAL_UART_Transmit
    usart.o(i.fputc) refers to usart.o(.bss) for .bss
    stm32l4xx_hal_msp.o(i.HAL_MspInit) refers to stm32l4xx_hal_cortex.o(i.HAL_NVIC_SetPriorityGrouping) for HAL_NVIC_SetPriorityGrouping
    stm32l4xx_hal_msp.o(i.HAL_MspInit) refers to stm32l4xx_hal_cortex.o(i.HAL_NVIC_SetPriority) for HAL_NVIC_SetPriority
    dwt.o(i.delayms) refers to dwt.o(i.delayus) for delayus
    dwt.o(i.delayus) refers to los_dispatch_keil.o(.text) for LOS_IntLock
    dwt.o(i.delayus) refers to dwt.o(.data) for .data
    dwt.o(i.dwt_delay_init) refers to dwt.o(.data) for .data
[...]
    stm32l4xx_hal_flash.o(i.HAL_FLASH_IRQHandler) refers to stm32l4xx_hal_flash.o(i.HAL_FLASH_EndOfOperationCallback) for HAL_FLASH_EndOfOperationCallback
    stm32l4xx_hal_flash.o(i.HAL_FLASH_IRQHandler) refers to stm32l4xx_hal_flash_ex.o(i.FLASH_PageErase) for FLASH_PageErase
    stm32l4xx_hal_flash.o(i.HAL_FLASH_IRQHandler) refers to stm32l4xx_hal_flash.o(.data) for .data
    stm32l4xx_hal_flash.o(i.HAL_FLASH_OB_Launch) refers to stm32l4xx_hal_flash.o(i.FLASH_WaitForLastOperation) for FLASH_WaitForLastOperation
    stm32l4xx_hal_flash.o(i.HAL_FLASH_Program) refers to stm32l4xx_hal_flash.o(i.FLASH_WaitForLastOperation) for FLASH_WaitForLastOperation
    stm32l4xx_hal_flash.o(i.HAL_FLASH_Program) refers to stm32l4xx_hal_flash.o(i.FLASH_Program_DoubleWord) for FLASH_Program_DoubleWord
    stm32l4xx_hal_flash.o(i.HAL_FLASH_Program) refers to stm32l4xx_hal_flash.o(i.FLASH_Program_Fast) for FLASH_Program_Fast
    stm32l4xx_hal_flash.o(i.HAL_FLASH_Program) refers to stm32l4xx_hal_flash_ex.o(i.FLASH_FlushCaches) for FLASH_FlushCaches
    stm32l4xx_hal_flash.o(i.HAL_FLASH_Program) refers to stm32l4xx_hal_flash.o(.data) for .data
    stm32l4xx_hal_flash.o(i.HAL_FLASH_Program_IT) refers to stm32l4xx_hal_flash.o(i.FLASH_Program_DoubleWord) for FLASH_Program_DoubleWord
    stm32l4xx_hal_flash.o(i.HAL_FLASH_Program_IT) refers to stm32l4xx_hal_flash.o(i.FLASH_Program_Fast) for FLASH_Program_Fast
    stm32l4xx_hal_flash.o(i.HAL_FLASH_Program_IT) refers to stm32l4xx_hal_flash.o(.data) for .data
    stm32l4xx_hal_flash_ex.o(i.FLASH_FlushCaches) refers to stm32l4xx_hal_flash.o(.data) for pFlash
    stm32l4xx_hal_flash_ex.o(i.FLASH_OB_PCROPConfig) refers to stm32l4xx_hal_flash.o(i.FLASH_WaitForLastOperation) for FLASH_WaitForLastOperation
    stm32l4xx_hal_flash_ex.o(i.FLASH_OB_UserConfig) refers to stm32l4xx_hal_flash.o(i.FLASH_WaitForLastOperation) for FLASH_WaitForLastOperation
    stm32l4xx_hal_flash_ex.o(i.HAL_FLASHEx_Erase) refers to stm32l4xx_hal_flash.o(i.FLASH_WaitForLastOperation) for FLASH_WaitForLastOperation
    stm32l4xx_hal_flash_ex.o(i.HAL_FLASHEx_Erase) refers to stm32l4xx_hal_flash_ex.o(i.FLASH_MassErase) for FLASH_MassErase
    stm32l4xx_hal_flash_ex.o(i.HAL_FLASHEx_Erase) refers to stm32l4xx_hal_flash_ex.o(i.FLASH_PageErase) for FLASH_PageErase
    stm32l4xx_hal_flash_ex.o(i.HAL_FLASHEx_Erase) refers to stm32l4xx_hal_flash_ex.o(i.FLASH_FlushCaches) for FLASH_FlushCaches
    stm32l4xx_hal_flash_ex.o(i.HAL_FLASHEx_Erase) refers to stm32l4xx_hal_flash.o(.data) for pFlash
    stm32l4xx_hal_flash_ex.o(i.HAL_FLASHEx_Erase_IT) refers to stm32l4xx_hal_flash_ex.o(i.FLASH_PageErase) for FLASH_PageErase
    stm32l4xx_hal_flash_ex.o(i.HAL_FLASHEx_Erase_IT) refers to stm32l4xx_hal_flash_ex.o(i.FLASH_MassErase) for FLASH_MassErase
    stm32l4xx_hal_flash_ex.o(i.HAL_FLASHEx_Erase_IT) refers to stm32l4xx_hal_flash.o(.data) for pFlash
    stm32l4xx_hal_flash_ex.o(i.HAL_FLASHEx_OBProgram) refers to stm32l4xx_hal_flash.o(i.FLASH_WaitForLastOperation) for FLASH_WaitForLastOperation
    stm32l4xx_hal_flash_ex.o(i.HAL_FLASHEx_OBProgram) refers to stm32l4xx_hal_flash_ex.o(i.FLASH_OB_UserConfig) for FLASH_OB_UserConfig
    stm32l4xx_hal_flash_ex.o(i.HAL_FLASHEx_OBProgram) refers to stm32l4xx_hal_flash_ex.o(i.FLASH_OB_PCROPConfig) for FLASH_OB_PCROPConfig
    stm32l4xx_hal_flash_ex.o(i.HAL_FLASHEx_OBProgram) refers to stm32l4xx_hal_flash.o(.data) for pFlash
    stm32l4xx_hal_gpio.o(i.HAL_GPIO_EXTI_IRQHandler) refers to stm32l4xx_hal_gpio.o(i.HAL_GPIO_EXTI_Callback) for HAL_GPIO_EXTI_Callback
    stm32l4xx_hal_dma.o(i.HAL_DMA_PollForTransfer) refers to sys_init.o(i.HAL_GetTick) for HAL_GetTick
    stm32l4xx_hal_dma.o(i.HAL_DMA_Start) refers to stm32l4xx_hal_dma.o(i.DMA_SetConfig) for DMA_SetConfig
    stm32l4xx_hal_dma.o(i.HAL_DMA_Start_IT) refers to stm32l4xx_hal_dma.o(i.DMA_SetConfig) for DMA_SetConfig
    stm32l4xx_hal_pwr.o(i.HAL_PWR_EnterSLEEPMode) refers to stm32l4xx_hal_pwr_ex.o(i.HAL_PWREx_EnableLowPowerRunMode) for HAL_PWREx_EnableLowPowerRunMode
    stm32l4xx_hal_pwr.o(i.HAL_PWR_EnterSLEEPMode) refers to stm32l4xx_hal_pwr_ex.o(i.HAL_PWREx_DisableLowPowerRunMode) for HAL_PWREx_DisableLowPowerRunMode
    stm32l4xx_hal_pwr.o(i.HAL_PWR_EnterSTOPMode) refers to stm32l4xx_hal_pwr_ex.o(i.HAL_PWREx_EnterSTOP0Mode) for HAL_PWREx_EnterSTOP0Mode
    stm32l4xx_hal_pwr.o(i.HAL_PWR_EnterSTOPMode) refers to stm32l4xx_hal_pwr_ex.o(i.HAL_PWREx_EnterSTOP1Mode) for HAL_PWREx_EnterSTOP1Mode
    stm32l4xx_hal_pwr_ex.o(i.HAL_PWREx_ControlVoltageScaling) refers to system_stm32l4xx.o(.data) for SystemCoreClock
    stm32l4xx_hal_pwr_ex.o(i.HAL_PWREx_DisableLowPowerRunMode) refers to system_stm32l4xx.o(.data) for SystemCoreClock
    stm32l4xx_hal_pwr_ex.o(i.HAL_PWREx_PVD_PVM_IRQHandler) refers to stm32l4xx_hal_pwr.o(i.HAL_PWR_PVDCallback) for HAL_PWR_PVDCallback
    stm32l4xx_hal_pwr_ex.o(i.HAL_PWREx_PVD_PVM_IRQHandler) refers to stm32l4xx_hal_pwr_ex.o(i.HAL_PWREx_PVM3Callback) for HAL_PWREx_PVM3Callback
    stm32l4xx_hal_pwr_ex.o(i.HAL_PWREx_PVD_PVM_IRQHandler) refers to stm32l4xx_hal_pwr_ex.o(i.HAL_PWREx_PVM4Callback) for HAL_PWREx_PVM4Callback
    stm32l4xx_hal_cortex.o(i.HAL_NVIC_SetPriority) refers to stm32l4xx_hal_cortex.o(i.__NVIC_SetPriority) for __NVIC_SetPriority
    stm32l4xx_hal_cortex.o(i.HAL_SYSTICK_Config) refers to stm32l4xx_hal_cortex.o(i.__NVIC_SetPriority) for __NVIC_SetPriority
    stm32l4xx_hal_cortex.o(i.HAL_SYSTICK_IRQHandler) refers to stm32l4xx_hal_cortex.o(i.HAL_SYSTICK_Callback) for HAL_SYSTICK_Callback
    stm32l4xx_hal_rng.o(i.HAL_RNG_DeInit) refers to stm32l4xx_hal_rng.o(i.HAL_RNG_MspDeInit) for HAL_RNG_MspDeInit
    stm32l4xx_hal_rng.o(i.HAL_RNG_GenerateRandomNumber) refers to sys_init.o(i.HAL_GetTick) for HAL_GetTick
    stm32l4xx_hal_rng.o(i.HAL_RNG_GetRandomNumber) refers to stm32l4xx_hal_rng.o(i.HAL_RNG_GenerateRandomNumber) for HAL_RNG_GenerateRandomNumber
    stm32l4xx_hal_rng.o(i.HAL_RNG_IRQHandler) refers to stm32l4xx_hal_rng.o(i.HAL_RNG_ErrorCallback) for HAL_RNG_ErrorCallback
    stm32l4xx_hal_rng.o(i.HAL_RNG_IRQHandler) refers to stm32l4xx_hal_rng.o(i.HAL_RNG_ReadyDataCallback) for HAL_RNG_ReadyDataCallback
    stm32l4xx_hal_rng.o(i.HAL_RNG_Init) refers to stm32l4xx_hal_rng.o(i.HAL_RNG_MspInit) for HAL_RNG_MspInit
    bh1750.o(i.Cmd_Write_BH1750) refers to bh1750.o(i.I2C_Start) for I2C_Start
    bh1750.o(i.Cmd_Write_BH1750) refers to bh1750.o(i.I2C_SendByte) for I2C_SendByte
    bh1750.o(i.Cmd_Write_BH1750) refers to bh1750.o(i.I2C_WaitAck) for I2C_WaitAck
    bh1750.o(i.Cmd_Write_BH1750) refers to bh1750.o(i.delayus) for delayus
    bh1750.o(i.Cmd_Write_BH1750) refers to bh1750.o(i.I2C_Stop) for I2C_Stop
    bh1750.o(i.Cmd_Write_BH1750) refers to los_task.o(i.LOS_TaskDelay) for LOS_TaskDelay
    bh1750.o(i.Convert_BH1750) refers to bh1750.o(i.Start_BH1750) for Start_BH1750
    bh1750.o(i.Convert_BH1750) refers to los_task.o(i.LOS_TaskDelay) for LOS_TaskDelay
    bh1750.o(i.Convert_BH1750) refers to bh1750.o(i.Read_BH1750) for Read_BH1750
    bh1750.o(i.Convert_BH1750) refers to dfltui.o(.text) for __aeabi_ui2d
    bh1750.o(i.Convert_BH1750) refers to ddiv.o(.text) for __aeabi_ddiv
    bh1750.o(i.Convert_BH1750) refers to d2f.o(.text) for __aeabi_d2f
    bh1750.o(i.Convert_BH1750) refers to bh1750.o(.data) for .data
    bh1750.o(i.I2C_Ack) refers to stm32l4xx_hal_gpio.o(i.HAL_GPIO_WritePin) for HAL_GPIO_WritePin
    bh1750.o(i.I2C_Ack) refers to bh1750.o(i.delayus) for delayus
    bh1750.o(i.I2C_CheckDevice) refers to bh1750.o(i.I2C_InitGPIO) for I2C_InitGPIO
    bh1750.o(i.I2C_CheckDevice) refers to bh1750.o(i.I2C_Start) for I2C_Start
    bh1750.o(i.I2C_CheckDevice) refers to bh1750.o(i.I2C_SendByte) for I2C_SendByte
    bh1750.o(i.I2C_CheckDevice) refers to bh1750.o(i.I2C_WaitAck) for I2C_WaitAck
    bh1750.o(i.I2C_CheckDevice) refers to bh1750.o(i.I2C_Stop) for I2C_Stop
    bh1750.o(i.I2C_InitGPIO) refers to stm32l4xx_hal_gpio.o(i.HAL_GPIO_Init) for HAL_GPIO_Init
    bh1750.o(i.I2C_InitGPIO) refers to stm32l4xx_hal_gpio.o(i.HAL_GPIO_WritePin) for HAL_GPIO_WritePin
    bh1750.o(i.I2C_NAck) refers to stm32l4xx_hal_gpio.o(i.HAL_GPIO_WritePin) for HAL_GPIO_WritePin
    bh1750.o(i.I2C_NAck) refers to bh1750.o(i.delayus) for delayus
    bh1750.o(i.I2C_ReadByte) refers to stm32l4xx_hal_gpio.o(i.HAL_GPIO_WritePin) for HAL_GPIO_WritePin
    bh1750.o(i.I2C_ReadByte) refers to bh1750.o(i.delayus) for delayus
    bh1750.o(i.I2C_ReadByte) refers to stm32l4xx_hal_gpio.o(i.HAL_GPIO_ReadPin) for HAL_GPIO_ReadPin
    bh1750.o(i.I2C_ReadByte) refers to bh1750.o(i.I2C_Ack) for I2C_Ack
    bh1750.o(i.I2C_ReadByte) refers to bh1750.o(i.I2C_NAck) for I2C_NAck
    bh1750.o(i.I2C_SendByte) refers to stm32l4xx_hal_gpio.o(i.HAL_GPIO_WritePin) for HAL_GPIO_WritePin
    bh1750.o(i.I2C_SendByte) refers to bh1750.o(i.delayus) for delayus
    bh1750.o(i.I2C_Start) refers to stm32l4xx_hal_gpio.o(i.HAL_GPIO_WritePin) for HAL_GPIO_WritePin
    bh1750.o(i.I2C_Start) refers to bh1750.o(i.delayus) for delayus
    bh1750.o(i.I2C_Stop) refers to stm32l4xx_hal_gpio.o(i.HAL_GPIO_WritePin) for HAL_GPIO_WritePin
    bh1750.o(i.I2C_Stop) refers to bh1750.o(i.delayus) for delayus
    bh1750.o(i.I2C_WaitAck) refers to stm32l4xx_hal_gpio.o(i.HAL_GPIO_WritePin) for HAL_GPIO_WritePin
    bh1750.o(i.I2C_WaitAck) refers to bh1750.o(i.delayus) for delayus
    bh1750.o(i.I2C_WaitAck) refers to bh1750.o(i.I2C_Stop) for I2C_Stop
    bh1750.o(i.I2C_WaitAck) refers to stm32l4xx_hal_gpio.o(i.HAL_GPIO_ReadPin) for HAL_GPIO_ReadPin
    bh1750.o(i.Init_BH1750) refers to bh1750.o(i.I2C_InitGPIO) for I2C_InitGPIO
    bh1750.o(i.Init_BH1750) refers to bh1750.o(i.Cmd_Write_BH1750) for Cmd_Write_BH1750
    bh1750.o(i.Read_BH1750) refers to bh1750.o(i.I2C_Start) for I2C_Start
    bh1750.o(i.Read_BH1750) refers to bh1750.o(i.I2C_SendByte) for I2C_SendByte
    bh1750.o(i.Read_BH1750) refers to bh1750.o(i.I2C_WaitAck) for I2C_WaitAck
    bh1750.o(i.Read_BH1750) refers to bh1750.o(i.I2C_ReadByte) for I2C_ReadByte
    bh1750.o(i.Read_BH1750) refers to bh1750.o(i.I2C_Stop) for I2C_Stop
    bh1750.o(i.Read_BH1750) refers to los_task.o(i.LOS_TaskDelay) for LOS_TaskDelay
    bh1750.o(i.Read_BH1750) refers to bh1750.o(.data) for .data
    bh1750.o(i.Start_BH1750) refers to bh1750.o(i.Cmd_Write_BH1750) for Cmd_Write_BH1750
    oled.o(i.IIC_Start) refers to stm32l4xx_hal_gpio.o(i.HAL_GPIO_WritePin) for HAL_GPIO_WritePin
    oled.o(i.IIC_Stop) refers to stm32l4xx_hal_gpio.o(i.HAL_GPIO_WritePin) for HAL_GPIO_WritePin
    oled.o(i.IIC_Wait_Ack) refers to stm32l4xx_hal_gpio.o(i.HAL_GPIO_WritePin) for HAL_GPIO_WritePin
    oled.o(i.OLED_Clear) refers to oled.o(i.OLED_WR_Byte) for OLED_WR_Byte
    oled.o(i.OLED_Display_Off) refers to oled.o(i.OLED_WR_Byte) for OLED_WR_Byte
    oled.o(i.OLED_Display_On) refers to oled.o(i.OLED_WR_Byte) for OLED_WR_Byte
    oled.o(i.OLED_DrawBMP) refers to oled.o(i.OLED_Set_Pos) for OLED_Set_Pos
    oled.o(i.OLED_DrawBMP) refers to oled.o(i.OLED_WR_Byte) for OLED_WR_Byte
    oled.o(i.OLED_Init) refers to stm32l4xx_hal.o(i.HAL_Delay) for HAL_Delay
    oled.o(i.OLED_Init) refers to oled.o(i.OLED_WR_Byte) for OLED_WR_Byte
    oled.o(i.OLED_Init) refers to oled.o(i.OLED_Clear) for OLED_Clear
    oled.o(i.OLED_On) refers to oled.o(i.OLED_WR_Byte) for OLED_WR_Byte
    oled.o(i.OLED_Set_Pos) refers to oled.o(i.OLED_WR_Byte) for OLED_WR_Byte
    oled.o(i.OLED_ShowCHinese) refers to oled.o(i.OLED_Set_Pos) for OLED_Set_Pos
    oled.o(i.OLED_ShowCHinese) refers to oled.o(i.OLED_WR_Byte) for OLED_WR_Byte
    oled.o(i.OLED_ShowCHinese) refers to oled.o(.data) for .data
    oled.o(i.OLED_ShowChar) refers to oled.o(i.OLED_Set_Pos) for OLED_Set_Pos
    oled.o(i.OLED_ShowChar) refers to oled.o(i.OLED_WR_Byte) for OLED_WR_Byte
    oled.o(i.OLED_ShowChar) refers to oled.o(.constdata) for .constdata
    oled.o(i.OLED_ShowNum) refers to oled.o(i.oled_pow) for oled_pow
    oled.o(i.OLED_ShowNum) refers to oled.o(i.OLED_ShowChar) for OLED_ShowChar
    oled.o(i.OLED_ShowString) refers to oled.o(i.OLED_ShowChar) for OLED_ShowChar
    oled.o(i.OLED_WR_Byte) refers to oled.o(i.Write_IIC_Data) for Write_IIC_Data
    oled.o(i.OLED_WR_Byte) refers to oled.o(i.Write_IIC_Command) for Write_IIC_Command
    oled.o(i.Write_IIC_Byte) refers to stm32l4xx_hal_gpio.o(i.HAL_GPIO_WritePin) for HAL_GPIO_WritePin
    oled.o(i.Write_IIC_Command) refers to oled.o(i.IIC_Start) for IIC_Start
    oled.o(i.Write_IIC_Command) refers to oled.o(i.Write_IIC_Byte) for Write_IIC_Byte
    oled.o(i.Write_IIC_Command) refers to oled.o(i.IIC_Wait_Ack) for IIC_Wait_Ack
    oled.o(i.Write_IIC_Command) refers to oled.o(i.IIC_Stop) for IIC_Stop
    oled.o(i.Write_IIC_Data) refers to oled.o(i.IIC_Start) for IIC_Start
    oled.o(i.Write_IIC_Data) refers to oled.o(i.Write_IIC_Byte) for Write_IIC_Byte
    oled.o(i.Write_IIC_Data) refers to oled.o(i.IIC_Wait_Ack) for IIC_Wait_Ack
    oled.o(i.Write_IIC_Data) refers to oled.o(i.IIC_Stop) for IIC_Stop
    oled.o(i.fill_picture) refers to oled.o(i.OLED_WR_Byte) for OLED_WR_Byte
    at_api.o(i.at_api_bind) refers to at_api.o(.data) for .data
    at_api.o(i.at_api_close) refers to at_api.o(.data) for .data
    at_api.o(i.at_api_connect) refers to at_api.o(.data) for .data
    at_api.o(i.at_api_recv) refers to at_api.o(.data) for .data
    at_api.o(i.at_api_recv_timeout) refers to at_api.o(.data) for .data
    at_api.o(i.at_api_register) refers to at_api.o(.data) for .data
    at_api.o(i.at_api_send) refers to at_api.o(.data) for .data
    at_api.o(i.at_api_sendto) refers to at_api.o(.data) for .data
    at_main.o(i.at_cmd) refers to memseta.o(.text) for __aeabi_memclr4
    at_main.o(i.at_cmd) refers to at_main.o(i.at_cmd_multi_suffix) for at_cmd_multi_suffix
    at_main.o(i.at_cmd_in_callback) refers to los_mux.o(i.LOS_MuxPend) for LOS_MuxPend
    at_main.o(i.at_cmd_in_callback) refers to at_hal.o(i.at_transmit) for at_transmit
    at_main.o(i.at_cmd_in_callback) refers to at_main.o(i.at_malloc) for at_malloc
    at_main.o(i.at_cmd_in_callback) refers to memseta.o(.text) for __aeabi_memclr4
    at_main.o(i.at_cmd_in_callback) refers to at_main.o(i.at_get_time) for at_get_time
    at_main.o(i.at_cmd_in_callback) refers to at_main.o(i.at_listener_list_add) for at_listener_list_add
    at_main.o(i.at_cmd_in_callback) refers to los_mux.o(i.LOS_MuxPost) for LOS_MuxPost
    at_main.o(i.at_cmd_in_callback) refers to printf8.o(i.__0printf$8) for __2printf
    at_main.o(i.at_cmd_in_callback) refers to at_main.o(.data) for .data
    at_main.o(i.at_cmd_in_callback) refers to at_main.o(.constdata) for .constdata
    at_main.o(i.at_cmd_multi_suffix) refers to memseta.o(.text) for __aeabi_memclr4
    at_main.o(i.at_cmd_multi_suffix) refers to memcpya.o(.text) for __aeabi_memcpy4
    at_main.o(i.at_cmd_multi_suffix) refers to at_main.o(i.at_get_time) for at_get_time
    at_main.o(i.at_cmd_multi_suffix) refers to printf8.o(i.__0printf$8) for __2printf
    at_main.o(i.at_cmd_multi_suffix) refers to los_mux.o(i.LOS_MuxPend) for LOS_MuxPend
    at_main.o(i.at_cmd_multi_suffix) refers to at_main.o(i.at_listener_list_add) for at_listener_list_add
    at_main.o(i.at_cmd_multi_suffix) refers to at_hal.o(i.at_transmit) for at_transmit
    at_main.o(i.at_cmd_multi_suffix) refers to los_mux.o(i.LOS_MuxPost) for LOS_MuxPost
    at_main.o(i.at_cmd_multi_suffix) refers to los_sem.o(i.LOS_SemPend) for LOS_SemPend
    at_main.o(i.at_cmd_multi_suffix) refers to at_main.o(i.at_listner_list_del) for at_listner_list_del
    at_main.o(i.at_cmd_multi_suffix) refers to at_hal.o(i.write_at_task_msg) for write_at_task_msg
    at_main.o(i.at_cmd_multi_suffix) refers to at_main.o(.constdata) for .constdata
    at_main.o(i.at_cmd_multi_suffix) refers to at_main.o(.data) for .data
    at_main.o(i.at_cmd_multi_suffix) refers to at_main.o(.conststring) for .conststring
    at_main.o(i.at_deinit) refers to at_hal.o(i.write_at_task_msg) for write_at_task_msg
    at_main.o(i.at_deinit) refers to los_task.o(i.LOS_TaskDelay) for LOS_TaskDelay
    at_main.o(i.at_deinit) refers to los_task.o(i.LOS_TaskNameGet) for LOS_TaskNameGet
    at_main.o(i.at_deinit) refers to los_task.o(i.LOS_TaskDelete) for LOS_TaskDelete
    at_main.o(i.at_deinit) refers to at_main.o(i.at_get_time) for at_get_time
    at_main.o(i.at_deinit) refers to printf8.o(i.__0printf$8) for __2printf
    at_main.o(i.at_deinit) refers to at_hal.o(i.at_usart_deinit) for at_usart_deinit
    at_main.o(i.at_deinit) refers to at_main.o(i.at_struct_deinit) for at_struct_deinit
    at_main.o(i.at_deinit) refers to at_main.o(i.at_init_oob) for at_init_oob
    at_main.o(i.at_deinit) refers to at_main.o(.data) for .data
    at_main.o(i.at_deinit) refers to at_main.o(.constdata) for .constdata
    at_main.o(i.at_free) refers to los_memory.o(i.LOS_MemFree) for LOS_MemFree
    at_main.o(i.at_free) refers to los_init.o(.data) for m_aucSysMem0
    at_main.o(i.at_get_queue_wait_time) refers to los_mux.o(i.LOS_MuxPend) for LOS_MuxPend
    at_main.o(i.at_get_queue_wait_time) refers to at_main.o(i.at_get_time) for at_get_time
    at_main.o(i.at_get_queue_wait_time) refers to los_mux.o(i.LOS_MuxPost) for LOS_MuxPost
    at_main.o(i.at_get_queue_wait_time) refers to at_main.o(.data) for .data
    at_main.o(i.at_get_time) refers to los_sys.o(i.LOS_TickCountGet) for LOS_TickCountGet
    at_main.o(i.at_get_unuse_linkid) refers to at_main.o(.data) for .data
    at_main.o(i.at_get_unuse_linkid) refers to bc95.o(.data) for at_user_conf
    at_main.o(i.at_handle_resp) refers to at_main.o(i.at_rm_node) for at_rm_node
    at_main.o(i.at_handle_resp) refers to los_sem.o(i.LOS_SemPost) for LOS_SemPost
    at_main.o(i.at_handle_resp) refers to strstr.o(.text) for strstr
    at_main.o(i.at_handle_resp) refers to at_main.o(i.store_resp_buf) for store_resp_buf
    at_main.o(i.at_handle_resp) refers to at_main.o(.data) for .data
    at_main.o(i.at_init) refers to at_main.o(i.at_get_time) for at_get_time
    at_main.o(i.at_init) refers to printf8.o(i.__0printf$8) for __2printf
    at_main.o(i.at_init) refers to los_task.o(i.LOS_TaskDelay) for LOS_TaskDelay
    at_main.o(i.at_init) refers to at_main.o(i.at_struct_init) for at_struct_init
    at_main.o(i.at_init) refers to at_main.o(i.at_init_oob) for at_init_oob
    at_main.o(i.at_init) refers to at_hal.o(i.at_usart_init) for at_usart_init
    at_main.o(i.at_init) refers to at_main.o(i.create_at_recv_task) for create_at_recv_task
    at_main.o(i.at_init) refers to at_hal.o(i.at_usart_deinit) for at_usart_deinit
    at_main.o(i.at_init) refers to at_main.o(i.at_struct_deinit) for at_struct_deinit
    at_main.o(i.at_init) refers to bc95.o(.data) for at_user_conf
    at_main.o(i.at_init) refers to at_main.o(.constdata) for .constdata
    at_main.o(i.at_init) refers to at_main.o(.data) for .data
    at_main.o(i.at_init_oob) refers to memseta.o(.text) for __aeabi_memclr4
    at_main.o(i.at_init_oob) refers to at_main.o(.bss) for .bss
    at_main.o(i.at_listener_list_add) refers to at_main.o(.data) for .data
    at_main.o(i.at_listner_list_del) refers to at_main.o(.data) for .data
    at_main.o(i.at_listner_list_destroy) refers to at_main.o(i.at_free) for at_free
    at_main.o(i.at_malloc) refers to los_memory.o(i.LOS_MemAlloc) for LOS_MemAlloc
    at_main.o(i.at_malloc) refers to memseta.o(.text) for __aeabi_memclr
    at_main.o(i.at_malloc) refers to los_init.o(.data) for m_aucSysMem0
    at_main.o(i.at_oob_register) refers to memcpya.o(.text) for __aeabi_memcpy
    at_main.o(i.at_oob_register) refers to strlen.o(.text) for strlen
    at_main.o(i.at_oob_register) refers to at_main.o(.bss) for .bss
    at_main.o(i.at_recv_task) refers to at_main.o(i.at_get_queue_wait_time) for at_get_queue_wait_time
    at_main.o(i.at_recv_task) refers to los_queue.o(i.LOS_QueueReadCopy) for LOS_QueueReadCopy
    at_main.o(i.at_recv_task) refers to los_mux.o(i.LOS_MuxPend) for LOS_MuxPend
    at_main.o(i.at_recv_task) refers to at_main.o(i.at_rm_timeout_nodes) for at_rm_timeout_nodes
    at_main.o(i.at_recv_task) refers to los_mux.o(i.LOS_MuxPost) for LOS_MuxPost
    at_main.o(i.at_recv_task) refers to at_main.o(i.at_get_time) for at_get_time
    at_main.o(i.at_recv_task) refers to printf8.o(i.__0printf$8) for __2printf
    at_main.o(i.at_recv_task) refers to memseta.o(.text) for __aeabi_memclr
    at_main.o(i.at_recv_task) refers to at_hal.o(i.read_resp) for read_resp
    at_main.o(i.at_recv_task) refers to at_main.o(i.cloud_cmd_matching) for cloud_cmd_matching
    at_main.o(i.at_recv_task) refers to at_main.o(i.at_handle_resp) for at_handle_resp
    at_main.o(i.at_recv_task) refers to at_main.o(.data) for .data
    at_main.o(i.at_recv_task) refers to at_main.o(.constdata) for .constdata
    at_main.o(i.at_recv_task) refers to bc95.o(.data) for at_user_conf
    at_main.o(i.at_rm_node) refers to at_main.o(i.at_free) for at_free
    at_main.o(i.at_rm_node) refers to los_mux.o(i.LOS_MuxPost) for LOS_MuxPost
    at_main.o(i.at_rm_node) refers to at_main.o(.data) for .data
    at_main.o(i.at_rm_timeout_nodes) refers to at_main.o(i.at_get_time) for at_get_time
    at_main.o(i.at_rm_timeout_nodes) refers to printf8.o(i.__0printf$8) for __2printf
    at_main.o(i.at_rm_timeout_nodes) refers to at_main.o(i.at_rm_node) for at_rm_node
    at_main.o(i.at_rm_timeout_nodes) refers to at_main.o(.data) for .data
    at_main.o(i.at_rm_timeout_nodes) refers to at_main.o(.constdata) for .constdata
    at_main.o(i.at_struct_deinit) refers to los_mux.o(i.LOS_MuxPend) for LOS_MuxPend
    at_main.o(i.at_struct_deinit) refers to at_main.o(i.at_listner_list_destroy) for at_listner_list_destroy
    at_main.o(i.at_struct_deinit) refers to los_mux.o(i.LOS_MuxPost) for LOS_MuxPost
    at_main.o(i.at_struct_deinit) refers to los_sem.o(i.LOS_SemDelete) for LOS_SemDelete
    at_main.o(i.at_struct_deinit) refers to at_main.o(i.at_get_time) for at_get_time
    at_main.o(i.at_struct_deinit) refers to printf8.o(i.__0printf$8) for __2printf
    at_main.o(i.at_struct_deinit) refers to los_mux.o(i.LOS_MuxDelete) for LOS_MuxDelete
    at_main.o(i.at_struct_deinit) refers to los_queue.o(i.LOS_QueueDelete) for LOS_QueueDelete
    at_main.o(i.at_struct_deinit) refers to at_main.o(i.at_free) for at_free
    at_main.o(i.at_struct_deinit) refers to at_main.o(.constdata) for .constdata
    at_main.o(i.at_struct_init) refers to los_queue.o(i.LOS_QueueCreate) for LOS_QueueCreate
    at_main.o(i.at_struct_init) refers to at_main.o(i.at_get_time) for at_get_time
    at_main.o(i.at_struct_init) refers to printf8.o(i.__0printf$8) for __2printf
    at_main.o(i.at_struct_init) refers to los_sem.o(i.LOS_SemCreate) for LOS_SemCreate
    at_main.o(i.at_struct_init) refers to los_mux.o(i.LOS_MuxCreate) for LOS_MuxCreate
    at_main.o(i.at_struct_init) refers to at_main.o(i.at_malloc) for at_malloc
    at_main.o(i.at_struct_init) refers to at_main.o(i.at_free) for at_free
    at_main.o(i.at_struct_init) refers to los_sem.o(i.LOS_SemDelete) for LOS_SemDelete
    at_main.o(i.at_struct_init) refers to los_mux.o(i.LOS_MuxDelete) for LOS_MuxDelete
    at_main.o(i.at_struct_init) refers to los_queue.o(i.LOS_QueueDelete) for LOS_QueueDelete
    at_main.o(i.at_struct_init) refers to at_main.o(.constdata) for .constdata
    at_main.o(i.at_struct_init) refers to bc95.o(.data) for at_user_conf
    at_main.o(i.at_write) refers to memseta.o(.text) for __aeabi_memclr4
    at_main.o(i.at_write) refers to los_mux.o(i.LOS_MuxPend) for LOS_MuxPend
    at_main.o(i.at_write) refers to at_main.o(i.at_listener_list_add) for at_listener_list_add
    at_main.o(i.at_write) refers to strlen.o(.text) for strlen
    at_main.o(i.at_write) refers to at_hal.o(i.at_transmit) for at_transmit
    at_main.o(i.at_write) refers to los_mux.o(i.LOS_MuxPost) for LOS_MuxPost
    at_main.o(i.at_write) refers to los_sem.o(i.LOS_SemPend) for LOS_SemPend
    at_main.o(i.at_write) refers to at_main.o(i.at_listner_list_del) for at_listner_list_del
    at_main.o(i.at_write) refers to at_hal.o(i.write_at_task_msg) for write_at_task_msg
    at_main.o(i.at_write) refers to at_main.o(i.at_get_time) for at_get_time
    at_main.o(i.at_write) refers to printf8.o(i.__0printf$8) for __2printf
    at_main.o(i.at_write) refers to at_main.o(.data) for .data
    at_main.o(i.at_write) refers to at_main.o(.constdata) for .constdata
    at_main.o(i.at_write) refers to at_main.o(.conststring) for .conststring
    at_main.o(i.cloud_cmd_matching) refers to at_main.o(.bss) for .bss
    at_main.o(i.create_at_recv_task) refers to los_task.o(i.LOS_TaskCreate) for LOS_TaskCreate
    at_main.o(i.create_at_recv_task) refers to at_main.o(i.at_recv_task) for at_recv_task
    at_main.o(i.create_at_recv_task) refers to at_main.o(.data) for .data
    at_main.o(i.store_resp_buf) refers to memcpya.o(.text) for __aeabi_memcpy
    at_main.o(.data) refers to at_main.o(i.at_init) for at_init
    at_main.o(.data) refers to at_main.o(i.at_cmd) for at_cmd
    at_main.o(.data) refers to at_main.o(i.at_write) for at_write
    at_main.o(.data) refers to at_main.o(i.at_get_unuse_linkid) for at_get_unuse_linkid
    at_main.o(.data) refers to at_main.o(i.at_oob_register) for at_oob_register
    at_main.o(.data) refers to at_main.o(i.at_deinit) for at_deinit
    at_main.o(.data) refers to at_main.o(i.at_cmd_multi_suffix) for at_cmd_multi_suffix
    los_nb_api.o(i.los_nb_deinit) refers to bc95.o(i.nb_reboot) for nb_reboot
    los_nb_api.o(i.los_nb_deinit) refers to at_main.o(.data) for at
    los_nb_api.o(i.los_nb_init) refers to bc95.o(i.nb_reboot) for nb_reboot
    los_nb_api.o(i.los_nb_init) refers to los_task.o(i.LOS_TaskDelay) for LOS_TaskDelay
    los_nb_api.o(i.los_nb_init) refers to bc95.o(i.nb_send_psk) for nb_send_psk
    los_nb_api.o(i.los_nb_init) refers to bc95.o(i.nb_set_no_encrypt) for nb_set_no_encrypt
    los_nb_api.o(i.los_nb_init) refers to bc95.o(i.nb_hw_detect) for nb_hw_detect
    los_nb_api.o(i.los_nb_init) refers to printf8.o(i.__0printf$8) for __2printf
    los_nb_api.o(i.los_nb_init) refers to bc95.o(i.nb_get_netstat) for nb_get_netstat
    los_nb_api.o(i.los_nb_init) refers to bc95.o(i.nb_check_csq) for nb_check_csq
    los_nb_api.o(i.los_nb_init) refers to bc95.o(i.nb_query_ip) for nb_query_ip
    los_nb_api.o(i.los_nb_init) refers to bc95.o(i.nb_set_cdpserver) for nb_set_cdpserver
    los_nb_api.o(i.los_nb_init) refers to at_main.o(.data) for at
    los_nb_api.o(i.los_nb_notify) refers to at_main.o(.data) for at
    los_nb_api.o(i.los_nb_report) refers to bc95.o(i.nb_send_payload) for nb_send_payload
    nb_iot_cmd_ioctl.o(i.OC_cmd_match) refers to strstr.o(.text) for strstr
    nb_iot_cmd_ioctl.o(i.nb_cmd_data_ioctl) refers to _scanf_int.o(.text) for _scanf_int
    nb_iot_cmd_ioctl.o(i.nb_cmd_data_ioctl) refers to _scanf_str.o(.text) for _scanf_string
    nb_iot_cmd_ioctl.o(i.nb_cmd_data_ioctl) refers to memseta.o(.text) for __aeabi_memclr4
    nb_iot_cmd_ioctl.o(i.nb_cmd_data_ioctl) refers to at_main.o(i.at_get_time) for at_get_time
    nb_iot_cmd_ioctl.o(i.nb_cmd_data_ioctl) refers to printf8.o(i.__0printf$8) for __2printf
    nb_iot_cmd_ioctl.o(i.nb_cmd_data_ioctl) refers to __0sscanf.o(.text) for __0sscanf
    nb_iot_cmd_ioctl.o(i.nb_cmd_data_ioctl) refers to bc95.o(i.HexStrToStr) for HexStrToStr
    nb_iot_cmd_ioctl.o(i.nb_cmd_data_ioctl) refers to strcmp.o(.text) for strcmp
    nb_iot_cmd_ioctl.o(i.nb_cmd_data_ioctl) refers to stm32l4xx_hal_gpio.o(i.HAL_GPIO_WritePin) for HAL_GPIO_WritePin
    nb_iot_cmd_ioctl.o(i.nb_cmd_data_ioctl) refers to nb_iot_cmd_ioctl.o(.constdata) for .constdata
    nb_iot_cmd_ioctl.o(i.nb_cmd_data_ioctl) refers to main.o(.bss) for bc95_net_data
    nb_iot_demo.o(i.creat_data_collection_task) refers to los_task.o(i.LOS_TaskCreate) for LOS_TaskCreate
    nb_iot_demo.o(i.creat_data_collection_task) refers to nb_iot_demo.o(i.data_collection_task) for data_collection_task
    nb_iot_demo.o(i.creat_data_report_task) refers to los_task.o(i.LOS_TaskCreate) for LOS_TaskCreate
    nb_iot_demo.o(i.creat_data_report_task) refers to nb_iot_demo.o(i.data_report_task) for data_report_task
    nb_iot_demo.o(i.data_collection_task) refers to bh1750.o(i.Init_BH1750) for Init_BH1750
    nb_iot_demo.o(i.data_collection_task) refers to printf8.o(i.__0printf$8) for __2printf
    nb_iot_demo.o(i.data_collection_task) refers to bh1750.o(i.Convert_BH1750) for Convert_BH1750
    nb_iot_demo.o(i.data_collection_task) refers to printf8.o(i.__0sprintf$8) for __2sprintf
    nb_iot_demo.o(i.data_collection_task) refers to los_task.o(i.LOS_TaskDelay) for LOS_TaskDelay
    nb_iot_demo.o(i.data_collection_task) refers to main.o(.data) for BH1750_send
    nb_iot_demo.o(i.data_report_task) refers to los_nb_api.o(i.los_nb_report) for los_nb_report
    nb_iot_demo.o(i.data_report_task) refers to printf8.o(i.__0printf$8) for __2printf
    nb_iot_demo.o(i.data_report_task) refers to los_task.o(i.LOS_TaskDelay) for LOS_TaskDelay
    nb_iot_demo.o(i.data_report_task) refers to main.o(.data) for BH1750_send
    nb_iot_demo.o(i.nb_iot_entry) refers to nb_iot_demo.o(i.creat_data_collection_task) for creat_data_collection_task
    nb_iot_demo.o(i.nb_iot_entry) refers to nb_iot_demo.o(i.creat_data_report_task) for creat_data_report_task
    entry.o(.ARM.Collect$$$$00000000) refers (Special) to entry10a.o(.ARM.Collect$$$$0000000D) for __rt_final_cpp
    entry.o(.ARM.Collect$$$$00000000) refers (Special) to entry11a.o(.ARM.Collect$$$$0000000F) for __rt_final_exit
    entry.o(.ARM.Collect$$$$00000000) refers (Special) to entry7b.o(.ARM.Collect$$$$00000008) for _main_clock
    entry.o(.ARM.Collect$$$$00000000) refers (Special) to entry8b.o(.ARM.Collect$$$$0000000A) for _main_cpp_init
    entry.o(.ARM.Collect$$$$00000000) refers (Special) to entry9a.o(.ARM.Collect$$$$0000000B) for _main_init
    entry.o(.ARM.Collect$$$$00000000) refers (Special) to entry5.o(.ARM.Collect$$$$00000004) for _main_scatterload
    entry.o(.ARM.Collect$$$$00000000) refers (Special) to entry3.o(.ARM.Collect$$$$00000002) for _main_stk
    uldiv.o(.text) refers to llushr.o(.text) for __aeabi_llsr
    uldiv.o(.text) refers to llshl.o(.text) for __aeabi_llsl
    printfb.o(i.__0fprintf$bare) refers to printfb.o(i._printf_core) for _printf_core
    printfb.o(i.__0fprintf$bare) refers to usart.o(i.fputc) for fputc
    printfb.o(i.__0printf$bare) refers to printfb.o(i._printf_core) for _printf_core
    printfb.o(i.__0printf$bare) refers to usart.o(i.fputc) for fputc
    printfb.o(i.__0printf$bare) refers to stdout.o(.data) for __stdout
    printfb.o(i.__0snprintf$bare) refers to printfb.o(i._printf_core) for _printf_core
    printfb.o(i.__0snprintf$bare) refers to printfb.o(i._snputc) for _snputc
    printfb.o(i.__0sprintf$bare) refers to printfb.o(i._printf_core) for _printf_core
    printfb.o(i.__0sprintf$bare) refers to printfb.o(i._sputc) for _sputc
    printfb.o(i.__0vfprintf$bare) refers to printfb.o(i._printf_core) for _printf_core
    printfb.o(i.__0vfprintf$bare) refers to usart.o(i.fputc) for fputc
    printfb.o(i.__0vprintf$bare) refers to printfb.o(i._printf_core) for _printf_core
    printfb.o(i.__0vprintf$bare) refers to usart.o(i.fputc) for fputc
    printfb.o(i.__0vprintf$bare) refers to stdout.o(.data) for __stdout
    printfb.o(i.__0vsnprintf$bare) refers to printfb.o(i._printf_core) for _printf_core
    printfb.o(i.__0vsnprintf$bare) refers to printfb.o(i._snputc) for _snputc
    printfb.o(i.__0vsprintf$bare) refers to printfb.o(i._printf_core) for _printf_core
    printfb.o(i.__0vsprintf$bare) refers to printfb.o(i._sputc) for _sputc
    printf0.o(i.__0fprintf$0) refers to printf0.o(i._printf_core) for _printf_core
    printf0.o(i.__0fprintf$0) refers to usart.o(i.fputc) for fputc
    printf0.o(i.__0printf$0) refers to printf0.o(i._printf_core) for _printf_core
    printf0.o(i.__0printf$0) refers to usart.o(i.fputc) for fputc
    printf0.o(i.__0printf$0) refers to stdout.o(.data) for __stdout
    printf0.o(i.__0snprintf$0) refers to printf0.o(i._printf_core) for _printf_core
    printf0.o(i.__0snprintf$0) refers to printf0.o(i._snputc) for _snputc
    printf0.o(i.__0sprintf$0) refers to printf0.o(i._printf_core) for _printf_core
    printf0.o(i.__0sprintf$0) refers to printf0.o(i._sputc) for _sputc
    printf0.o(i.__0vfprintf$0) refers to printf0.o(i._printf_core) for _printf_core
    printf0.o(i.__0vfprintf$0) refers to usart.o(i.fputc) for fputc
    printf0.o(i.__0vprintf$0) refers to printf0.o(i._printf_core) for _printf_core
    printf0.o(i.__0vprintf$0) refers to usart.o(i.fputc) for fputc
    printf0.o(i.__0vprintf$0) refers to stdout.o(.data) for __stdout
    printf0.o(i.__0vsnprintf$0) refers to printf0.o(i._printf_core) for _printf_core
    printf0.o(i.__0vsnprintf$0) refers to printf0.o(i._snputc) for _snputc
    printf0.o(i.__0vsprintf$0) refers to printf0.o(i._printf_core) for _printf_core
    printf0.o(i.__0vsprintf$0) refers to printf0.o(i._sputc) for _sputc
    printf1.o(i.__0fprintf$1) refers to printf1.o(i._printf_core) for _printf_core
    printf1.o(i.__0fprintf$1) refers to usart.o(i.fputc) for fputc
    printf1.o(i.__0printf$1) refers to printf1.o(i._printf_core) for _printf_core
    printf1.o(i.__0printf$1) refers to usart.o(i.fputc) for fputc
    printf1.o(i.__0printf$1) refers to stdout.o(.data) for __stdout
    printf1.o(i.__0snprintf$1) refers to printf1.o(i._printf_core) for _printf_core
    printf1.o(i.__0snprintf$1) refers to printf1.o(i._snputc) for _snputc
    printf1.o(i.__0sprintf$1) refers to printf1.o(i._printf_core) for _printf_core
    printf1.o(i.__0sprintf$1) refers to printf1.o(i._sputc) for _sputc
    printf1.o(i.__0vfprintf$1) refers to printf1.o(i._printf_core) for _printf_core
    printf1.o(i.__0vfprintf$1) refers to usart.o(i.fputc) for fputc
    printf1.o(i.__0vprintf$1) refers to printf1.o(i._printf_core) for _printf_core
    printf1.o(i.__0vprintf$1) refers to usart.o(i.fputc) for fputc
    printf1.o(i.__0vprintf$1) refers to stdout.o(.data) for __stdout
    printf1.o(i.__0vsnprintf$1) refers to printf1.o(i._printf_core) for _printf_core
    printf1.o(i.__0vsnprintf$1) refers to printf1.o(i._snputc) for _snputc
    printf1.o(i.__0vsprintf$1) refers to printf1.o(i._printf_core) for _printf_core
    printf1.o(i.__0vsprintf$1) refers to printf1.o(i._sputc) for _sputc
    printf1.o(i._printf_core) refers to uidiv.o(.text) for __aeabi_uidivmod
    printf2.o(i.__0fprintf$2) refers to printf2.o(i._printf_core) for _printf_core
    printf2.o(i.__0fprintf$2) refers to usart.o(i.fputc) for fputc
    printf2.o(i.__0printf$2) refers to printf2.o(i._printf_core) for _printf_core
    printf2.o(i.__0printf$2) refers to usart.o(i.fputc) for fputc
    printf2.o(i.__0printf$2) refers to stdout.o(.data) for __stdout
    printf2.o(i.__0snprintf$2) refers to printf2.o(i._printf_core) for _printf_core
    printf2.o(i.__0snprintf$2) refers to printf2.o(i._snputc) for _snputc
    printf2.o(i.__0sprintf$2) refers to printf2.o(i._printf_core) for _printf_core
    printf2.o(i.__0sprintf$2) refers to printf2.o(i._sputc) for _sputc
    printf2.o(i.__0vfprintf$2) refers to printf2.o(i._printf_core) for _printf_core
    printf2.o(i.__0vfprintf$2) refers to usart.o(i.fputc) for fputc
    printf2.o(i.__0vprintf$2) refers to printf2.o(i._printf_core) for _printf_core
    printf2.o(i.__0vprintf$2) refers to usart.o(i.fputc) for fputc
    printf2.o(i.__0vprintf$2) refers to stdout.o(.data) for __stdout
    printf2.o(i.__0vsnprintf$2) refers to printf2.o(i._printf_core) for _printf_core
    printf2.o(i.__0vsnprintf$2) refers to printf2.o(i._snputc) for _snputc
    printf2.o(i.__0vsprintf$2) refers to printf2.o(i._printf_core) for _printf_core
    printf2.o(i.__0vsprintf$2) refers to printf2.o(i._sputc) for _sputc
    printf3.o(i.__0fprintf$3) refers to printf3.o(i._printf_core) for _printf_core
    printf3.o(i.__0fprintf$3) refers to usart.o(i.fputc) for fputc
    printf3.o(i.__0printf$3) refers to printf3.o(i._printf_core) for _printf_core
    printf3.o(i.__0printf$3) refers to usart.o(i.fputc) for fputc
    printf3.o(i.__0printf$3) refers to stdout.o(.data) for __stdout
    printf3.o(i.__0snprintf$3) refers to printf3.o(i._printf_core) for _printf_core
    printf3.o(i.__0snprintf$3) refers to printf3.o(i._snputc) for _snputc
    printf3.o(i.__0sprintf$3) refers to printf3.o(i._printf_core) for _printf_core
    printf3.o(i.__0sprintf$3) refers to printf3.o(i._sputc) for _sputc
    printf3.o(i.__0vfprintf$3) refers to printf3.o(i._printf_core) for _printf_core
    printf3.o(i.__0vfprintf$3) refers to usart.o(i.fputc) for fputc
    printf3.o(i.__0vprintf$3) refers to printf3.o(i._printf_core) for _printf_core
    printf3.o(i.__0vprintf$3) refers to usart.o(i.fputc) for fputc
    printf3.o(i.__0vprintf$3) refers to stdout.o(.data) for __stdout
    printf3.o(i.__0vsnprintf$3) refers to printf3.o(i._printf_core) for _printf_core
    printf3.o(i.__0vsnprintf$3) refers to printf3.o(i._snputc) for _snputc
    printf3.o(i.__0vsprintf$3) refers to printf3.o(i._printf_core) for _printf_core
    printf3.o(i.__0vsprintf$3) refers to printf3.o(i._sputc) for _sputc
    printf3.o(i._printf_core) refers to uidiv.o(.text) for __aeabi_uidivmod
    printf4.o(i.__0fprintf$4) refers to printf4.o(i._printf_core) for _printf_core
    printf4.o(i.__0fprintf$4) refers to usart.o(i.fputc) for fputc
    printf4.o(i.__0printf$4) refers to printf4.o(i._printf_core) for _printf_core
    printf4.o(i.__0printf$4) refers to usart.o(i.fputc) for fputc
    printf4.o(i.__0printf$4) refers to stdout.o(.data) for __stdout
    printf4.o(i.__0snprintf$4) refers to printf4.o(i._printf_core) for _printf_core
    printf4.o(i.__0snprintf$4) refers to printf4.o(i._snputc) for _snputc
    printf4.o(i.__0sprintf$4) refers to printf4.o(i._printf_core) for _printf_core
    printf4.o(i.__0sprintf$4) refers to printf4.o(i._sputc) for _sputc
    printf4.o(i.__0vfprintf$4) refers to printf4.o(i._printf_core) for _printf_core
    printf4.o(i.__0vfprintf$4) refers to usart.o(i.fputc) for fputc
    printf4.o(i.__0vprintf$4) refers to printf4.o(i._printf_core) for _printf_core
    printf4.o(i.__0vprintf$4) refers to usart.o(i.fputc) for fputc
    printf4.o(i.__0vprintf$4) refers to stdout.o(.data) for __stdout
    printf4.o(i.__0vsnprintf$4) refers to printf4.o(i._printf_core) for _printf_core
    printf4.o(i.__0vsnprintf$4) refers to printf4.o(i._snputc) for _snputc
    printf4.o(i.__0vsprintf$4) refers to printf4.o(i._printf_core) for _printf_core
    printf4.o(i.__0vsprintf$4) refers to printf4.o(i._sputc) for _sputc
    printf4.o(i._printf_core) refers to uldiv.o(.text) for __aeabi_uldivmod
    printf5.o(i.__0fprintf$5) refers to printf5.o(i._printf_core) for _printf_core
    printf5.o(i.__0fprintf$5) refers to usart.o(i.fputc) for fputc
    printf5.o(i.__0printf$5) refers to printf5.o(i._printf_core) for _printf_core
    printf5.o(i.__0printf$5) refers to usart.o(i.fputc) for fputc
    printf5.o(i.__0printf$5) refers to stdout.o(.data) for __stdout
    printf5.o(i.__0snprintf$5) refers to printf5.o(i._printf_core) for _printf_core
    printf5.o(i.__0snprintf$5) refers to printf5.o(i._snputc) for _snputc
    printf5.o(i.__0sprintf$5) refers to printf5.o(i._printf_core) for _printf_core
    printf5.o(i.__0sprintf$5) refers to printf5.o(i._sputc) for _sputc
    printf5.o(i.__0vfprintf$5) refers to printf5.o(i._printf_core) for _printf_core
    printf5.o(i.__0vfprintf$5) refers to usart.o(i.fputc) for fputc
    printf5.o(i.__0vprintf$5) refers to printf5.o(i._printf_core) for _printf_core
    printf5.o(i.__0vprintf$5) refers to usart.o(i.fputc) for fputc
    printf5.o(i.__0vprintf$5) refers to stdout.o(.data) for __stdout
    printf5.o(i.__0vsnprintf$5) refers to printf5.o(i._printf_core) for _printf_core
    printf5.o(i.__0vsnprintf$5) refers to printf5.o(i._snputc) for _snputc
    printf5.o(i.__0vsprintf$5) refers to printf5.o(i._printf_core) for _printf_core
    printf5.o(i.__0vsprintf$5) refers to printf5.o(i._sputc) for _sputc
    printf5.o(i._printf_core) refers to uldiv.o(.text) for __aeabi_uldivmod
    printf6.o(i.__0fprintf$6) refers to printf6.o(i._printf_core) for _printf_core
    printf6.o(i.__0fprintf$6) refers to usart.o(i.fputc) for fputc
    printf6.o(i.__0printf$6) refers to printf6.o(i._printf_core) for _printf_core
    printf6.o(i.__0printf$6) refers to usart.o(i.fputc) for fputc
    printf6.o(i.__0printf$6) refers to stdout.o(.data) for __stdout
    printf6.o(i.__0snprintf$6) refers to printf6.o(i._printf_core) for _printf_core
    printf6.o(i.__0snprintf$6) refers to printf6.o(i._snputc) for _snputc
    printf6.o(i.__0sprintf$6) refers to printf6.o(i._printf_core) for _printf_core
    printf6.o(i.__0sprintf$6) refers to printf6.o(i._sputc) for _sputc
    printf6.o(i.__0vfprintf$6) refers to printf6.o(i._printf_core) for _printf_core
    printf6.o(i.__0vfprintf$6) refers to usart.o(i.fputc) for fputc
    printf6.o(i.__0vprintf$6) refers to printf6.o(i._printf_core) for _printf_core
    printf6.o(i.__0vprintf$6) refers to usart.o(i.fputc) for fputc
    printf6.o(i.__0vprintf$6) refers to stdout.o(.data) for __stdout
    printf6.o(i.__0vsnprintf$6) refers to printf6.o(i._printf_core) for _printf_core
    printf6.o(i.__0vsnprintf$6) refers to printf6.o(i._snputc) for _snputc
    printf6.o(i.__0vsprintf$6) refers to printf6.o(i._printf_core) for _printf_core
    printf6.o(i.__0vsprintf$6) refers to printf6.o(i._sputc) for _sputc
    printf6.o(i._printf_core) refers to printf6.o(i._printf_pre_padding) for _printf_pre_padding
    printf6.o(i._printf_core) refers to uidiv.o(.text) for __aeabi_uidivmod
    printf6.o(i._printf_core) refers to printf6.o(i._printf_post_padding) for _printf_post_padding
    printf7.o(i.__0fprintf$7) refers to printf7.o(i._printf_core) for _printf_core
    printf7.o(i.__0fprintf$7) refers to usart.o(i.fputc) for fputc
    printf7.o(i.__0printf$7) refers to printf7.o(i._printf_core) for _printf_core
    printf7.o(i.__0printf$7) refers to usart.o(i.fputc) for fputc
    printf7.o(i.__0printf$7) refers to stdout.o(.data) for __stdout
    printf7.o(i.__0snprintf$7) refers to printf7.o(i._printf_core) for _printf_core
    printf7.o(i.__0snprintf$7) refers to printf7.o(i._snputc) for _snputc
    printf7.o(i.__0sprintf$7) refers to printf7.o(i._printf_core) for _printf_core
    printf7.o(i.__0sprintf$7) refers to printf7.o(i._sputc) for _sputc
    printf7.o(i.__0vfprintf$7) refers to printf7.o(i._printf_core) for _printf_core
    printf7.o(i.__0vfprintf$7) refers to usart.o(i.fputc) for fputc
    printf7.o(i.__0vprintf$7) refers to printf7.o(i._printf_core) for _printf_core
    printf7.o(i.__0vprintf$7) refers to usart.o(i.fputc) for fputc
    printf7.o(i.__0vprintf$7) refers to stdout.o(.data) for __stdout
    printf7.o(i.__0vsnprintf$7) refers to printf7.o(i._printf_core) for _printf_core
    printf7.o(i.__0vsnprintf$7) refers to printf7.o(i._snputc) for _snputc
    printf7.o(i.__0vsprintf$7) refers to printf7.o(i._printf_core) for _printf_core
    printf7.o(i.__0vsprintf$7) refers to printf7.o(i._sputc) for _sputc
    printf7.o(i._printf_core) refers to printf7.o(i._printf_pre_padding) for _printf_pre_padding
    printf7.o(i._printf_core) refers to uldiv.o(.text) for __aeabi_uldivmod
    printf7.o(i._printf_core) refers to printf7.o(i._printf_post_padding) for _printf_post_padding
    printf8.o(i.__0fprintf$8) refers to printf8.o(i._printf_core) for _printf_core
    printf8.o(i.__0fprintf$8) refers to usart.o(i.fputc) for fputc
    printf8.o(i.__0printf$8) refers to printf8.o(i._printf_core) for _printf_core
    printf8.o(i.__0printf$8) refers to usart.o(i.fputc) for fputc
    printf8.o(i.__0printf$8) refers to stdout.o(.data) for __stdout
    printf8.o(i.__0snprintf$8) refers to printf8.o(i._printf_core) for _printf_core
    printf8.o(i.__0snprintf$8) refers to printf8.o(i._snputc) for _snputc
    printf8.o(i.__0sprintf$8) refers to printf8.o(i._printf_core) for _printf_core
    printf8.o(i.__0sprintf$8) refers to printf8.o(i._sputc) for _sputc
    printf8.o(i.__0vfprintf$8) refers to printf8.o(i._printf_core) for _printf_core
    printf8.o(i.__0vfprintf$8) refers to usart.o(i.fputc) for fputc
    printf8.o(i.__0vprintf$8) refers to printf8.o(i._printf_core) for _printf_core
    printf8.o(i.__0vprintf$8) refers to usart.o(i.fputc) for fputc
    printf8.o(i.__0vprintf$8) refers to stdout.o(.data) for __stdout
    printf8.o(i.__0vsnprintf$8) refers to printf8.o(i._printf_core) for _printf_core
    printf8.o(i.__0vsnprintf$8) refers to printf8.o(i._snputc) for _snputc
    printf8.o(i.__0vsprintf$8) refers to printf8.o(i._printf_core) for _printf_core
    printf8.o(i.__0vsprintf$8) refers to printf8.o(i._sputc) for _sputc
    printf8.o(i._printf_core) refers to printf8.o(i._printf_pre_padding) for _printf_pre_padding
    printf8.o(i._printf_core) refers to uldiv.o(.text) for __aeabi_uldivmod
    printf8.o(i._printf_core) refers to printf8.o(i._printf_post_padding) for _printf_post_padding
    printfa.o(i.__0fprintf) refers (Special) to iusefp.o(.text) for __I$use$fp
    printfa.o(i.__0fprintf) refers to printfa.o(i._printf_core) for _printf_core
    printfa.o(i.__0fprintf) refers to usart.o(i.fputc) for fputc
    printfa.o(i.__0printf) refers (Special) to iusefp.o(.text) for __I$use$fp
    printfa.o(i.__0printf) refers to printfa.o(i._printf_core) for _printf_core
    printfa.o(i.__0printf) refers to usart.o(i.fputc) for fputc
    printfa.o(i.__0printf) refers to stdout.o(.data) for __stdout
    printfa.o(i.__0snprintf) refers (Special) to iusefp.o(.text) for __I$use$fp
    printfa.o(i.__0snprintf) refers to printfa.o(i._printf_core) for _printf_core
    printfa.o(i.__0snprintf) refers to printfa.o(i._snputc) for _snputc
    printfa.o(i.__0sprintf) refers (Special) to iusefp.o(.text) for __I$use$fp
    printfa.o(i.__0sprintf) refers to printfa.o(i._printf_core) for _printf_core
    printfa.o(i.__0sprintf) refers to printfa.o(i._sputc) for _sputc
    printfa.o(i.__0vfprintf) refers (Special) to iusefp.o(.text) for __I$use$fp
    printfa.o(i.__0vfprintf) refers to printfa.o(i._printf_core) for _printf_core
    printfa.o(i.__0vfprintf) refers to usart.o(i.fputc) for fputc
    printfa.o(i.__0vprintf) refers (Special) to iusefp.o(.text) for __I$use$fp
    printfa.o(i.__0vprintf) refers to printfa.o(i._printf_core) for _printf_core
    printfa.o(i.__0vprintf) refers to usart.o(i.fputc) for fputc
    printfa.o(i.__0vprintf) refers to stdout.o(.data) for __stdout
    printfa.o(i.__0vsnprintf) refers (Special) to iusefp.o(.text) for __I$use$fp
    printfa.o(i.__0vsnprintf) refers to printfa.o(i._printf_core) for _printf_core
    printfa.o(i.__0vsnprintf) refers to printfa.o(i._snputc) for _snputc
    printfa.o(i.__0vsprintf) refers (Special) to iusefp.o(.text) for __I$use$fp
    printfa.o(i.__0vsprintf) refers to printfa.o(i._printf_core) for _printf_core
    printfa.o(i.__0vsprintf) refers to printfa.o(i._sputc) for _sputc
    printfa.o(i._fp_digits) refers (Special) to iusefp.o(.text) for __I$use$fp
    printfa.o(i._fp_digits) refers to dmul.o(.text) for __aeabi_dmul
    printfa.o(i._fp_digits) refers to ddiv.o(.text) for __aeabi_ddiv
    printfa.o(i._fp_digits) refers to cdrcmple.o(.text) for __aeabi_cdrcmple
    printfa.o(i._fp_digits) refers to dadd.o(.text) for __aeabi_dadd
    printfa.o(i._fp_digits) refers to dfixul.o(.text) for __aeabi_d2ulz
    printfa.o(i._fp_digits) refers to uldiv.o(.text) for __aeabi_uldivmod
    printfa.o(i._printf_core) refers (Special) to iusefp.o(.text) for __I$use$fp
    printfa.o(i._printf_core) refers to printfa.o(i._printf_pre_padding) for _printf_pre_padding
    printfa.o(i._printf_core) refers to uldiv.o(.text) for __aeabi_uldivmod
    printfa.o(i._printf_core) refers to printfa.o(i._printf_post_padding) for _printf_post_padding
    printfa.o(i._printf_core) refers to printfa.o(i._fp_digits) for _fp_digits
    printfa.o(i._printf_core) refers to uidiv.o(.text) for __aeabi_uidivmod
    printfa.o(i._printf_post_padding) refers (Special) to iusefp.o(.text) for __I$use$fp
    printfa.o(i._printf_pre_padding) refers (Special) to iusefp.o(.text) for __I$use$fp
    printfa.o(i._snputc) refers (Special) to iusefp.o(.text) for __I$use$fp
    printfa.o(i._sputc) refers (Special) to iusefp.o(.text) for __I$use$fp
    __0sscanf.o(.text) refers to scanf_char.o(.text) for __vfscanf_char
    __0sscanf.o(.text) refers to _sgetc.o(.text) for _sgetc
    _scanf_int.o(.text) refers to _chval.o(.text) for _chval
    ddiv.o(.text) refers (Special) to iusefp.o(.text) for __I$use$fp
    ddiv.o(.text) refers to depilogue.o(.text) for _double_round
    dfltui.o(.text) refers (Special) to iusefp.o(.text) for __I$use$fp
    dfltui.o(.text) refers to depilogue.o(.text) for _double_epilogue
    dfltul.o(.text) refers (Special) to iusefp.o(.text) for __I$use$fp
    dfltul.o(.text) refers to depilogue.o(.text) for _double_epilogue
    dfixul.o(.text) refers (Special) to iusefp.o(.text) for __I$use$fp
    dfixul.o(.text) refers to llushr.o(.text) for __aeabi_llsr
    dfixul.o(.text) refers to llshl.o(.text) for __aeabi_llsl
    d2f.o(.text) refers (Special) to iusefp.o(.text) for __I$use$fp
    d2f.o(.text) refers to fepilogue.o(.text) for _float_round
    entry3.o(.ARM.Collect$$$$00000002) refers to entry3.o(.ARM.Collect$$$$00002713) for __lit__00000000
    entry3.o(__vectab_stack_and_reset_area) refers to entry.o(.ARM.Collect$$$$00000000) for __main
    entry5.o(.ARM.Collect$$$$00000004) refers to init.o(.text) for __scatterload
    entry9a.o(.ARM.Collect$$$$0000000B) refers to main.o(i.main) for main
    entry9b.o(.ARM.Collect$$$$0000000C) refers to main.o(i.main) for main
    scanf_char.o(.text) refers to _scanf.o(.text) for __vfscanf
    scanf_char.o(.text) refers to isspace_c.o(.text) for isspace
    depilogue.o(.text) refers to llshl.o(.text) for __aeabi_llsl
    depilogue.o(.text) refers to llushr.o(.text) for __aeabi_llsr
    dadd.o(.text) refers to llshl.o(.text) for __aeabi_llsl
    dadd.o(.text) refers to llsshr.o(.text) for __aeabi_lasr
    dadd.o(.text) refers to depilogue.o(.text) for _double_epilogue
    dmul.o(.text) refers to depilogue.o(.text) for _double_epilogue
    init.o(.text) refers to entry5.o(.ARM.Collect$$$$00000004) for __main_after_scatterload
    isspace_c.o(.text) refers to ctype_c.o(.text) for __ctype_lookup
    _scanf.o(.text) refers (Weak) to _scanf_int.o(.text) for _scanf_int
    _scanf.o(.text) refers (Weak) to _scanf_str.o(.text) for _scanf_string
    ctype_c.o(.text) refers to ctype_c.o(.constdata) for .constdata


==============================================================================

Removing Unused input sections from the image.

    Removing system_stm32l4xx.o(.rev16_text), (4 bytes).
    Removing system_stm32l4xx.o(.revsh_text), (4 bytes).
    Removing system_stm32l4xx.o(.rrx_text), (6 bytes).
    Removing system_stm32l4xx.o(i.SystemCoreClockUpdate), (168 bytes).
    Removing main.o(.rev16_text), (4 bytes).
    Removing main.o(.revsh_text), (4 bytes).
    Removing main.o(.rrx_text), (6 bytes).
    Removing gpio.o(.rev16_text), (4 bytes).
    Removing gpio.o(.revsh_text), (4 bytes).
    Removing gpio.o(.rrx_text), (6 bytes).
    Removing usart.o(.rev16_text), (4 bytes).
    Removing usart.o(.revsh_text), (4 bytes).
    Removing usart.o(.rrx_text), (6 bytes).
    Removing usart.o(i.HAL_UART_MspDeInit), (80 bytes).
    Removing usart.o(i.MX_USART2_UART_Init), (80 bytes).
    Removing stm32l4xx_hal_msp.o(.rev16_text), (4 bytes).
    Removing stm32l4xx_hal_msp.o(.revsh_text), (4 bytes).
    Removing stm32l4xx_hal_msp.o(.rrx_text), (6 bytes).
    Removing dwt.o(.rev16_text), (4 bytes).
    Removing dwt.o(.revsh_text), (4 bytes).
    Removing dwt.o(.rrx_text), (6 bytes).
    Removing dwt.o(i.delayms), (16 bytes).
    Removing dwt.o(i.delayus), (68 bytes).
    Removing sys_init.o(.rev16_text), (4 bytes).
    Removing sys_init.o(.revsh_text), (4 bytes).
    Removing sys_init.o(.rrx_text), (6 bytes).
    Removing at_hal.o(.rev16_text), (4 bytes).
    Removing at_hal.o(.revsh_text), (4 bytes).
    Removing at_hal.o(.rrx_text), (6 bytes).
    Removing bc95.o(.rev16_text), (4 bytes).
    Removing bc95.o(.revsh_text), (4 bytes).
    Removing bc95.o(.rrx_text), (6 bytes).
    Removing bc95.o(i.nb_alloc_sock), (164 bytes).
    Removing bc95.o(i.nb_bind), (56 bytes).
    Removing bc95.o(i.nb_close), (276 bytes).
    Removing bc95.o(i.nb_close_sock), (72 bytes).
    Removing bc95.o(i.nb_cmd_match), (16 bytes).
    Removing bc95.o(i.nb_cmd_rcv_data), (64 bytes).
    Removing bc95.o(i.nb_cmd_with_2_suffix), (148 bytes).
    Removing bc95.o(i.nb_connect), (232 bytes).
    Removing bc95.o(i.nb_create_sock), (340 bytes).
    Removing bc95.o(i.nb_create_sock_link), (324 bytes).
    Removing bc95.o(i.nb_decompose_str), (510 bytes).
    Removing bc95.o(i.nb_deinit), (52 bytes).
    Removing bc95.o(i.nb_handle_data_ind), (168 bytes).
    Removing bc95.o(i.nb_handle_sock_data), (72 bytes).
    Removing bc95.o(i.nb_int), (48 bytes).
    Removing bc95.o(i.nb_reattach), (112 bytes).
    Removing bc95.o(i.nb_recv), (18 bytes).
    Removing bc95.o(i.nb_recv_cb), (6 bytes).
    Removing bc95.o(i.nb_recv_timeout), (304 bytes).
    Removing bc95.o(i.nb_recvfrom), (18 bytes).
    Removing bc95.o(i.nb_send), (100 bytes).
    Removing bc95.o(i.nb_sendto), (330 bytes).
    Removing bc95.o(i.nb_sock_to_idx), (84 bytes).
    Removing bc95.o(i.nb_step), (60 bytes).
    Removing bc95.o(i.strnstr), (52 bytes).
    Removing bc95.o(.data), (52 bytes).
    Removing cmsis_liteos.o(.rev16_text), (4 bytes).
    Removing cmsis_liteos.o(.revsh_text), (4 bytes).
    Removing cmsis_liteos.o(.rrx_text), (6 bytes).
    Removing cmsis_liteos.o(i.osDelay), (16 bytes).
    Removing cmsis_liteos.o(i.osDelayUntil), (34 bytes).
    Removing cmsis_liteos.o(i.osEventFlagsClear), (52 bytes).
    Removing cmsis_liteos.o(i.osEventFlagsDelete), (48 bytes).
    Removing cmsis_liteos.o(i.osEventFlagsGet), (26 bytes).
    Removing cmsis_liteos.o(i.osEventFlagsGetName), (14 bytes).
    Removing cmsis_liteos.o(i.osEventFlagsNew), (48 bytes).
    Removing cmsis_liteos.o(i.osEventFlagsSet), (20 bytes).
    Removing cmsis_liteos.o(i.osEventFlagsWait), (84 bytes).
    Removing cmsis_liteos.o(i.osKernelGetInfo), (68 bytes).
    Removing cmsis_liteos.o(i.osKernelGetState), (60 bytes).
    Removing cmsis_liteos.o(i.osKernelGetSysTimerCount), (30 bytes).
    Removing cmsis_liteos.o(i.osKernelGetSysTimerFreq), (12 bytes).
    Removing cmsis_liteos.o(i.osKernelGetTick2ms), (4 bytes).
    Removing cmsis_liteos.o(i.osKernelGetTickCount), (40 bytes).
    Removing cmsis_liteos.o(i.osKernelGetTickFreq), (18 bytes).
    Removing cmsis_liteos.o(i.osKernelInitialize), (48 bytes).
    Removing cmsis_liteos.o(i.osKernelLock), (52 bytes).
    Removing cmsis_liteos.o(i.osKernelRestoreLock), (68 bytes).
    Removing cmsis_liteos.o(i.osKernelStart), (48 bytes).
    Removing cmsis_liteos.o(i.osKernelUnlock), (56 bytes).
    Removing cmsis_liteos.o(i.osMessageQueueDelete), (56 bytes).
    Removing cmsis_liteos.o(i.osMessageQueueGet), (88 bytes).
    Removing cmsis_liteos.o(i.osMessageQueueGetCapacity), (8 bytes).
    Removing cmsis_liteos.o(i.osMessageQueueGetCount), (20 bytes).
    Removing cmsis_liteos.o(i.osMessageQueueGetMsgSize), (10 bytes).
    Removing cmsis_liteos.o(i.osMessageQueueGetSpace), (20 bytes).
    Removing cmsis_liteos.o(i.osMessageQueueNew), (64 bytes).
    Removing cmsis_liteos.o(i.osMessageQueuePut), (88 bytes).
    Removing cmsis_liteos.o(i.osMs2Tick), (2 bytes).
    Removing cmsis_liteos.o(i.osMutexAcquire), (68 bytes).
    Removing cmsis_liteos.o(i.osMutexDelete), (52 bytes).
    Removing cmsis_liteos.o(i.osMutexGetOwner), (30 bytes).
    Removing cmsis_liteos.o(i.osMutexNew), (40 bytes).
    Removing cmsis_liteos.o(i.osMutexRelease), (26 bytes).
    Removing cmsis_liteos.o(i.osSemaphoreAcquire), (84 bytes).
    Removing cmsis_liteos.o(i.osSemaphoreDelete), (52 bytes).
    Removing cmsis_liteos.o(i.osSemaphoreGetCount), (30 bytes).
    Removing cmsis_liteos.o(i.osSemaphoreNew), (52 bytes).
    Removing cmsis_liteos.o(i.osSemaphoreRelease), (40 bytes).
    Removing cmsis_liteos.o(i.osTaskStackWaterMarkGet), (88 bytes).
    Removing cmsis_liteos.o(i.osThreadGetCount), (56 bytes).
    Removing cmsis_liteos.o(i.osThreadGetId), (24 bytes).
    Removing cmsis_liteos.o(i.osThreadGetName), (20 bytes).
    Removing cmsis_liteos.o(i.osThreadGetPriority), (38 bytes).
    Removing cmsis_liteos.o(i.osThreadGetStackSize), (20 bytes).
    Removing cmsis_liteos.o(i.osThreadGetStackSpace), (26 bytes).
    Removing cmsis_liteos.o(i.osThreadGetState), (58 bytes).
    Removing cmsis_liteos.o(i.osThreadNew), (100 bytes).
    Removing cmsis_liteos.o(i.osThreadResume), (60 bytes).
    Removing cmsis_liteos.o(i.osThreadSetPriority), (80 bytes).
    Removing cmsis_liteos.o(i.osThreadSuspend), (88 bytes).
    Removing cmsis_liteos.o(i.osThreadTerminate), (64 bytes).
    Removing cmsis_liteos.o(i.osThreadYield), (28 bytes).
    Removing cmsis_liteos.o(i.osTimerDelete), (52 bytes).
    Removing cmsis_liteos.o(i.osTimerGetName), (4 bytes).
    Removing cmsis_liteos.o(i.osTimerIsRunning), (26 bytes).
    Removing cmsis_liteos.o(i.osTimerNew), (84 bytes).
    Removing cmsis_liteos.o(i.osTimerStart), (52 bytes).
    Removing cmsis_liteos.o(i.osTimerStop), (52 bytes).
    Removing cmsis_liteos.o(.constdata), (8 bytes).
    Removing cmsis_liteos.o(.data), (4 bytes).
    Removing los_priqueue.o(.rev16_text), (4 bytes).
    Removing los_priqueue.o(.revsh_text), (4 bytes).
    Removing los_priqueue.o(.rrx_text), (6 bytes).
    Removing los_priqueue.o(i.osPriqueueTotalSize), (24 bytes).
    Removing los_swtmr.o(.rev16_text), (4 bytes).
    Removing los_swtmr.o(.revsh_text), (4 bytes).
    Removing los_swtmr.o(.rrx_text), (6 bytes).
    Removing los_swtmr.o(i.LOS_SwtmrCreate), (178 bytes).
    Removing los_swtmr.o(i.LOS_SwtmrDelete), (116 bytes).
    Removing los_swtmr.o(i.LOS_SwtmrStart), (200 bytes).
    Removing los_swtmr.o(i.LOS_SwtmrStop), (112 bytes).
    Removing los_swtmr.o(i.LOS_SwtmrTimeGet), (128 bytes).
    Removing los_swtmr.o(i.osSwTmrAdjust), (76 bytes).
    Removing los_swtmr.o(i.osSwtimerInsert), (62 bytes).
    Removing los_swtmr.o(i.osSwtmrStop), (84 bytes).
    Removing los_swtmr.o(i.osSwtmrTimeGet), (28 bytes).
    Removing los_sys.o(.rev16_text), (4 bytes).
    Removing los_sys.o(.revsh_text), (4 bytes).
    Removing los_sys.o(.rrx_text), (6 bytes).
    Removing los_sys.o(i.LOS_CyclePerTickGet), (20 bytes).
    Removing los_sys.o(i.LOS_MS2Tick), (28 bytes).
    Removing los_sys.o(i.LOS_Tick2MS), (18 bytes).
    Removing los_sys.o(i.osCpuTick2MS), (100 bytes).
    Removing los_sys.o(i.osCpuTick2US), (100 bytes).
    Removing los_task.o(.rev16_text), (4 bytes).
    Removing los_task.o(.revsh_text), (4 bytes).
    Removing los_task.o(.rrx_text), (6 bytes).
    Removing los_task.o(i.LOS_CurTaskIDGet), (24 bytes).
    Removing los_task.o(i.LOS_CurTaskNameGet), (20 bytes).
    Removing los_task.o(i.LOS_CurTaskPriSet), (16 bytes).
    Removing los_task.o(i.LOS_NewTaskIDGet), (24 bytes).
    Removing los_task.o(i.LOS_NextTaskIDGet), (24 bytes).
    Removing los_task.o(i.LOS_TaskInfoGet), (240 bytes).
    Removing los_task.o(i.LOS_TaskInfoMonitor), (4 bytes).
    Removing los_task.o(i.LOS_TaskIsRunning), (12 bytes).
    Removing los_task.o(i.LOS_TaskLock), (28 bytes).
    Removing los_task.o(i.LOS_TaskPriGet), (64 bytes).
    Removing los_task.o(i.LOS_TaskPriSet), (160 bytes).
    Removing los_task.o(i.LOS_TaskResume), (140 bytes).
    Removing los_task.o(i.LOS_TaskStatusGet), (76 bytes).
    Removing los_task.o(i.LOS_TaskSuspend), (180 bytes).
    Removing los_task.o(i.LOS_TaskSwitchInfoGet), (68 bytes).
    Removing los_task.o(i.LOS_TaskUnlock), (48 bytes).
    Removing los_task.o(i.osConvertTskStatus), (164 bytes).
    Removing los_task.o(i.osGetAllTskInfo), (228 bytes).
    Removing los_task.o(i.osGetTaskWaterLine), (132 bytes).
    Removing los_task.o(.conststring), (336 bytes).
    Removing los_tick.o(.rev16_text), (4 bytes).
    Removing los_tick.o(.revsh_text), (4 bytes).
    Removing los_tick.o(.rrx_text), (6 bytes).
    Removing los_tick.o(i.LOS_SysClockGet), (12 bytes).
    Removing los_tick.o(.data), (4 bytes).
    Removing los_tick.o(.data), (4 bytes).
    Removing los_timeslice.o(.rev16_text), (4 bytes).
    Removing los_timeslice.o(.revsh_text), (4 bytes).
    Removing los_timeslice.o(.rrx_text), (6 bytes).
    Removing los_event.o(.rev16_text), (4 bytes).
    Removing los_event.o(.revsh_text), (4 bytes).
    Removing los_event.o(.rrx_text), (6 bytes).
    Removing los_event.o(i.LOS_EventClear), (36 bytes).
    Removing los_event.o(i.LOS_EventDestory), (52 bytes).
    Removing los_event.o(i.LOS_EventInit), (24 bytes).
    Removing los_event.o(i.LOS_EventPoll), (70 bytes).
    Removing los_event.o(i.LOS_EventRead), (232 bytes).
    Removing los_event.o(i.LOS_EventWrite), (144 bytes).
    Removing los_mux.o(.rev16_text), (4 bytes).
    Removing los_mux.o(.revsh_text), (4 bytes).
    Removing los_mux.o(.rrx_text), (6 bytes).
    Removing los_queue.o(.rev16_text), (4 bytes).
    Removing los_queue.o(.revsh_text), (4 bytes).
    Removing los_queue.o(.rrx_text), (6 bytes).
    Removing los_queue.o(i.LOS_QueueInfoGet), (196 bytes).
    Removing los_queue.o(i.LOS_QueueRead), (38 bytes).
    Removing los_queue.o(i.LOS_QueueWrite), (44 bytes).
    Removing los_queue.o(i.LOS_QueueWriteHead), (28 bytes).
    Removing los_queue.o(i.LOS_QueueWriteHeadCopy), (38 bytes).
    Removing los_queue.o(i.osQueueMailAlloc), (144 bytes).
    Removing los_queue.o(i.osQueueMailFree), (148 bytes).
    Removing los_sem.o(.rev16_text), (4 bytes).
    Removing los_sem.o(.revsh_text), (4 bytes).
    Removing los_sem.o(.rrx_text), (6 bytes).
    Removing los_sem.o(i.LOS_BinarySemCreate), (8 bytes).
    Removing los_heap.o(.rev16_text), (4 bytes).
    Removing los_heap.o(.revsh_text), (4 bytes).
    Removing los_heap.o(.rrx_text), (6 bytes).
    Removing los_heap.o(i.osHeapGetHeapMemoryPeak), (12 bytes).
    Removing los_heap.o(i.osHeapGetMaxFreeBlkSize), (40 bytes).
    Removing los_memory.o(.rev16_text), (4 bytes).
    Removing los_memory.o(.revsh_text), (4 bytes).
    Removing los_memory.o(.rrx_text), (6 bytes).
    Removing los_memory.o(i.LOS_MemDeInit), (76 bytes).
    Removing los_memory.o(i.LOS_MemGetMaxFreeBlkSize), (24 bytes).
    Removing los_memory.o(i.LOS_MemPoolList), (32 bytes).
    Removing los_memory.o(i.LOS_MemRealloc), (126 bytes).
    Removing los_memory.o(i.LOS_MemStatisticsGet), (92 bytes).
    Removing los_membox.o(.rev16_text), (4 bytes).
    Removing los_membox.o(.revsh_text), (4 bytes).
    Removing los_membox.o(.rrx_text), (6 bytes).
    Removing los_membox.o(i.LOS_MemboxAlloc), (56 bytes).
    Removing los_membox.o(i.LOS_MemboxClr), (22 bytes).
    Removing los_membox.o(i.LOS_MemboxFree), (92 bytes).
    Removing los_membox.o(i.LOS_MemboxInit), (94 bytes).
    Removing los_membox.o(i.LOS_MemboxStatisticsGet), (30 bytes).
    Removing los_memcheck.o(.rev16_text), (4 bytes).
    Removing los_memcheck.o(.revsh_text), (4 bytes).
    Removing los_memcheck.o(.rrx_text), (6 bytes).
    Removing los_memcheck.o(.data), (4 bytes).
    Removing los_slab.o(.rev16_text), (4 bytes).
    Removing los_slab.o(.revsh_text), (4 bytes).
    Removing los_slab.o(.rrx_text), (6 bytes).
    Removing los_slab.o(i.osAtomicBitsetEmpty), (56 bytes).
    Removing los_slab.o(i.osAtomicBitsetIdxChgToNatural), (30 bytes).
    Removing los_slab.o(i.osSlabAllocatorCheck), (44 bytes).
    Removing los_slab.o(i.osSlabAllocatorDestroy), (4 bytes).
    Removing los_slab.o(i.osSlabAllocatorEmpty), (6 bytes).
    Removing los_slab.o(i.osSlabAllocatorGetIdxP), (8 bytes).
    Removing los_slab.o(i.osSlabAllocatorGetIndex), (48 bytes).
    Removing los_slab.o(i.osSlabAllocatorGetNth), (26 bytes).
    Removing los_slab.o(i.osSlabAllocatorGetNumItems), (6 bytes).
    Removing los_slab.o(i.osSlabAllocatorGetSlabInfo), (22 bytes).
    Removing los_slab.o(i.osSlabAllocatorGetUsedItemCnt), (34 bytes).
    Removing los_slabmem.o(.rev16_text), (4 bytes).
    Removing los_slabmem.o(.revsh_text), (4 bytes).
    Removing los_slabmem.o(.rrx_text), (6 bytes).
    Removing los_slabmem.o(i.osSlabGetMaxFreeBlkSize), (58 bytes).
    Removing los_slabmem.o(i.osSlabMemCheck), (86 bytes).
    Removing los_slabmem.o(i.osSlabMemDeinit), (68 bytes).
    Removing los_slabmem.o(i.osSlabStatisticsGet), (122 bytes).
    Removing los_misc.o(.rev16_text), (4 bytes).
    Removing los_misc.o(.revsh_text), (4 bytes).
    Removing los_misc.o(.rrx_text), (6 bytes).
    Removing los_misc.o(i.LOS_Msleep), (40 bytes).
    Removing los_err.o(.rev16_text), (4 bytes).
    Removing los_err.o(.revsh_text), (4 bytes).
    Removing los_err.o(.rrx_text), (6 bytes).
    Removing los_init.o(.rev16_text), (4 bytes).
    Removing los_init.o(.revsh_text), (4 bytes).
    Removing los_init.o(.rrx_text), (6 bytes).
    Removing los_init.o(i.LOS_Reboot), (6 bytes).
    Removing los_init.o(i.osEnableFPU), (16 bytes).
    Removing los_tickless.o(.rev16_text), (4 bytes).
    Removing los_tickless.o(.revsh_text), (4 bytes).
    Removing los_tickless.o(.rrx_text), (6 bytes).
    Removing los_hw.o(.rev16_text), (4 bytes).
    Removing los_hw.o(.revsh_text), (4 bytes).
    Removing los_hw.o(.rrx_text), (6 bytes).
    Removing los_hw.o(i.osEnterSleep), (12 bytes).
    Removing los_hw_tick.o(.rev16_text), (4 bytes).
    Removing los_hw_tick.o(.revsh_text), (4 bytes).
    Removing los_hw_tick.o(.rrx_text), (6 bytes).
    Removing los_hw_tick.o(i.LOS_GetCpuCycle), (96 bytes).
    Removing los_hw_tick.o(i.LOS_GetSystickCycle), (88 bytes).
    Removing los_hw_tick.o(i.LOS_SysTickCurrCycleGet), (44 bytes).
    Removing los_hwi.o(.rev16_text), (4 bytes).
    Removing los_hwi.o(.revsh_text), (4 bytes).
    Removing los_hwi.o(.rrx_text), (6 bytes).
    Removing los_hwi.o(i.LOS_HwiDelete), (80 bytes).
    Removing stm32l4xx_hal_tim.o(.rev16_text), (4 bytes).
    Removing stm32l4xx_hal_tim.o(.revsh_text), (4 bytes).
    Removing stm32l4xx_hal_tim.o(.rrx_text), (6 bytes).
    Removing stm32l4xx_hal_tim_ex.o(.rev16_text), (4 bytes).
    Removing stm32l4xx_hal_tim_ex.o(.revsh_text), (4 bytes).
    Removing stm32l4xx_hal_tim_ex.o(.rrx_text), (6 bytes).
    Removing stm32l4xx_hal_uart.o(.rev16_text), (4 bytes).
    Removing stm32l4xx_hal_uart.o(.revsh_text), (4 bytes).
    Removing stm32l4xx_hal_uart.o(.rrx_text), (6 bytes).
    Removing stm32l4xx_hal_uart.o(i.HAL_HalfDuplex_EnableReceiver), (58 bytes).
    Removing stm32l4xx_hal_uart.o(i.HAL_HalfDuplex_EnableTransmitter), (58 bytes).
    Removing stm32l4xx_hal_uart.o(i.HAL_HalfDuplex_Init), (116 bytes).
    Removing stm32l4xx_hal_uart.o(i.HAL_LIN_Init), (140 bytes).
    Removing stm32l4xx_hal_uart.o(i.HAL_LIN_SendBreak), (46 bytes).
    Removing stm32l4xx_hal_uart.o(i.HAL_MultiProcessor_DisableMuteMode), (44 bytes).
    Removing stm32l4xx_hal_uart.o(i.HAL_MultiProcessor_EnableMuteMode), (44 bytes).
    Removing stm32l4xx_hal_uart.o(i.HAL_MultiProcessor_EnterMuteMode), (12 bytes).
    Removing stm32l4xx_hal_uart.o(i.HAL_MultiProcessor_Init), (138 bytes).
    Removing stm32l4xx_hal_uart.o(i.HAL_UART_Abort), (124 bytes).
    Removing stm32l4xx_hal_uart.o(i.HAL_UART_AbortCpltCallback), (2 bytes).
    Removing stm32l4xx_hal_uart.o(i.HAL_UART_AbortReceive), (86 bytes).
    Removing stm32l4xx_hal_uart.o(i.HAL_UART_AbortReceiveCpltCallback), (2 bytes).
    Removing stm32l4xx_hal_uart.o(i.HAL_UART_AbortReceive_IT), (124 bytes).
    Removing stm32l4xx_hal_uart.o(i.HAL_UART_AbortTransmit), (58 bytes).
    Removing stm32l4xx_hal_uart.o(i.HAL_UART_AbortTransmitCpltCallback), (2 bytes).
    Removing stm32l4xx_hal_uart.o(i.HAL_UART_AbortTransmit_IT), (88 bytes).
    Removing stm32l4xx_hal_uart.o(i.HAL_UART_Abort_IT), (196 bytes).
    Removing stm32l4xx_hal_uart.o(i.HAL_UART_DMAPause), (98 bytes).
    Removing stm32l4xx_hal_uart.o(i.HAL_UART_DMAResume), (92 bytes).
    Removing stm32l4xx_hal_uart.o(i.HAL_UART_DMAStop), (84 bytes).
    Removing stm32l4xx_hal_uart.o(i.HAL_UART_DeInit), (64 bytes).
    Removing stm32l4xx_hal_uart.o(i.HAL_UART_ErrorCallback), (2 bytes).
    Removing stm32l4xx_hal_uart.o(i.HAL_UART_GetError), (4 bytes).
    Removing stm32l4xx_hal_uart.o(i.HAL_UART_GetState), (10 bytes).
    Removing stm32l4xx_hal_uart.o(i.HAL_UART_IRQHandler), (324 bytes).
    Removing stm32l4xx_hal_uart.o(i.HAL_UART_MspDeInit), (2 bytes).
    Removing stm32l4xx_hal_uart.o(i.HAL_UART_MspInit), (2 bytes).
    Removing stm32l4xx_hal_uart.o(i.HAL_UART_Receive), (234 bytes).
    Removing stm32l4xx_hal_uart.o(i.HAL_UART_Receive_DMA), (144 bytes).
    Removing stm32l4xx_hal_uart.o(i.HAL_UART_Receive_IT), (172 bytes).
    Removing stm32l4xx_hal_uart.o(i.HAL_UART_RxCpltCallback), (2 bytes).
    Removing stm32l4xx_hal_uart.o(i.HAL_UART_RxHalfCpltCallback), (2 bytes).
    Removing stm32l4xx_hal_uart.o(i.HAL_UART_Transmit_DMA), (136 bytes).
    Removing stm32l4xx_hal_uart.o(i.HAL_UART_Transmit_IT), (104 bytes).
    Removing stm32l4xx_hal_uart.o(i.HAL_UART_TxCpltCallback), (2 bytes).
    Removing stm32l4xx_hal_uart.o(i.HAL_UART_TxHalfCpltCallback), (2 bytes).
    Removing stm32l4xx_hal_uart.o(i.UART_DMAAbortOnError), (20 bytes).
    Removing stm32l4xx_hal_uart.o(i.UART_DMAError), (74 bytes).
    Removing stm32l4xx_hal_uart.o(i.UART_DMAReceiveCplt), (62 bytes).
    Removing stm32l4xx_hal_uart.o(i.UART_DMARxAbortCallback), (62 bytes).
    Removing stm32l4xx_hal_uart.o(i.UART_DMARxHalfCplt), (10 bytes).
    Removing stm32l4xx_hal_uart.o(i.UART_DMARxOnlyAbortCallback), (38 bytes).
    Removing stm32l4xx_hal_uart.o(i.UART_DMATransmitCplt), (48 bytes).
    Removing stm32l4xx_hal_uart.o(i.UART_DMATxAbortCallback), (52 bytes).
    Removing stm32l4xx_hal_uart.o(i.UART_DMATxHalfCplt), (10 bytes).
    Removing stm32l4xx_hal_uart.o(i.UART_DMATxOnlyAbortCallback), (22 bytes).
    Removing stm32l4xx_hal_uart.o(i.UART_EndRxTransfer), (32 bytes).
    Removing stm32l4xx_hal_uart.o(i.UART_EndTxTransfer), (18 bytes).
    Removing stm32l4xx_hal_uart.o(i.UART_RxISR_16BIT), (92 bytes).
    Removing stm32l4xx_hal_uart.o(i.UART_RxISR_8BIT), (90 bytes).
    Removing stm32l4xx_hal_uart.o(i.UART_TxISR_16BIT), (66 bytes).
    Removing stm32l4xx_hal_uart.o(i.UART_TxISR_8BIT), (60 bytes).
    Removing stm32l4xx_hal_uart_ex.o(.rev16_text), (4 bytes).
    Removing stm32l4xx_hal_uart_ex.o(.revsh_text), (4 bytes).
    Removing stm32l4xx_hal_uart_ex.o(.rrx_text), (6 bytes).
    Removing stm32l4xx_hal_uart_ex.o(i.HAL_MultiProcessorEx_AddressLength_Set), (48 bytes).
    Removing stm32l4xx_hal_uart_ex.o(i.HAL_RS485Ex_Init), (140 bytes).
    Removing stm32l4xx_hal_uart_ex.o(i.HAL_UARTEx_DisableStopMode), (38 bytes).
    Removing stm32l4xx_hal_uart_ex.o(i.HAL_UARTEx_EnableStopMode), (38 bytes).
    Removing stm32l4xx_hal_uart_ex.o(i.HAL_UARTEx_StopModeWakeUpSourceConfig), (138 bytes).
    Removing stm32l4xx_hal_uart_ex.o(i.HAL_UARTEx_WakeupCallback), (2 bytes).
    Removing stm32l4xx_hal.o(.rev16_text), (4 bytes).
    Removing stm32l4xx_hal.o(.revsh_text), (4 bytes).
    Removing stm32l4xx_hal.o(.rrx_text), (6 bytes).
    Removing stm32l4xx_hal.o(i.HAL_DBGMCU_DisableDBGSleepMode), (16 bytes).
    Removing stm32l4xx_hal.o(i.HAL_DBGMCU_DisableDBGStandbyMode), (16 bytes).
    Removing stm32l4xx_hal.o(i.HAL_DBGMCU_DisableDBGStopMode), (16 bytes).
    Removing stm32l4xx_hal.o(i.HAL_DBGMCU_EnableDBGSleepMode), (16 bytes).
    Removing stm32l4xx_hal.o(i.HAL_DBGMCU_EnableDBGStandbyMode), (16 bytes).
    Removing stm32l4xx_hal.o(i.HAL_DBGMCU_EnableDBGStopMode), (16 bytes).
    Removing stm32l4xx_hal.o(i.HAL_DeInit), (44 bytes).
    Removing stm32l4xx_hal.o(i.HAL_GetDEVID), (16 bytes).
    Removing stm32l4xx_hal.o(i.HAL_GetHalVersion), (8 bytes).
    Removing stm32l4xx_hal.o(i.HAL_GetREVID), (12 bytes).
    Removing stm32l4xx_hal.o(i.HAL_GetTick), (12 bytes).
    Removing stm32l4xx_hal.o(i.HAL_GetUIDw0), (12 bytes).
    Removing stm32l4xx_hal.o(i.HAL_GetUIDw1), (12 bytes).
    Removing stm32l4xx_hal.o(i.HAL_GetUIDw2), (12 bytes).
    Removing stm32l4xx_hal.o(i.HAL_IncTick), (16 bytes).
    Removing stm32l4xx_hal.o(i.HAL_MspDeInit), (2 bytes).
    Removing stm32l4xx_hal.o(i.HAL_MspInit), (2 bytes).
    Removing stm32l4xx_hal.o(i.HAL_ResumeTick), (14 bytes).
    Removing stm32l4xx_hal.o(i.HAL_SYSCFG_DisableIOAnalogSwitchBooster), (16 bytes).
    Removing stm32l4xx_hal.o(i.HAL_SYSCFG_DisableMemorySwappingBank), (12 bytes).
    Removing stm32l4xx_hal.o(i.HAL_SYSCFG_DisableVREFBUF), (16 bytes).
    Removing stm32l4xx_hal.o(i.HAL_SYSCFG_EnableIOAnalogSwitchBooster), (16 bytes).
    Removing stm32l4xx_hal.o(i.HAL_SYSCFG_EnableMemorySwappingBank), (12 bytes).
    Removing stm32l4xx_hal.o(i.HAL_SYSCFG_EnableVREFBUF), (48 bytes).
    Removing stm32l4xx_hal.o(i.HAL_SYSCFG_SRAM2Erase), (28 bytes).
    Removing stm32l4xx_hal.o(i.HAL_SYSCFG_VREFBUF_HighImpedanceConfig), (20 bytes).
    Removing stm32l4xx_hal.o(i.HAL_SYSCFG_VREFBUF_TrimmingConfig), (20 bytes).
    Removing stm32l4xx_hal.o(i.HAL_SYSCFG_VREFBUF_VoltageScalingConfig), (20 bytes).
    Removing stm32l4xx_hal.o(i.HAL_SuspendTick), (14 bytes).
    Removing stm32l4xx_hal.o(.data), (4 bytes).
    Removing stm32l4xx_hal_i2c.o(.rev16_text), (4 bytes).
    Removing stm32l4xx_hal_i2c.o(.revsh_text), (4 bytes).
    Removing stm32l4xx_hal_i2c.o(.rrx_text), (6 bytes).
    Removing stm32l4xx_hal_i2c.o(i.HAL_I2C_AbortCpltCallback), (2 bytes).
    Removing stm32l4xx_hal_i2c.o(i.HAL_I2C_AddrCallback), (2 bytes).
    Removing stm32l4xx_hal_i2c.o(i.HAL_I2C_DeInit), (56 bytes).
    Removing stm32l4xx_hal_i2c.o(i.HAL_I2C_DisableListen_IT), (54 bytes).
    Removing stm32l4xx_hal_i2c.o(i.HAL_I2C_ER_IRQHandler), (98 bytes).
    Removing stm32l4xx_hal_i2c.o(i.HAL_I2C_EV_IRQHandler), (16 bytes).
    Removing stm32l4xx_hal_i2c.o(i.HAL_I2C_EnableListen_IT), (40 bytes).
    Removing stm32l4xx_hal_i2c.o(i.HAL_I2C_ErrorCallback), (2 bytes).
    Removing stm32l4xx_hal_i2c.o(i.HAL_I2C_GetError), (4 bytes).
    Removing stm32l4xx_hal_i2c.o(i.HAL_I2C_GetMode), (6 bytes).
    Removing stm32l4xx_hal_i2c.o(i.HAL_I2C_GetState), (6 bytes).
    Removing stm32l4xx_hal_i2c.o(i.HAL_I2C_Init), (188 bytes).
    Removing stm32l4xx_hal_i2c.o(i.HAL_I2C_IsDeviceReady), (302 bytes).
    Removing stm32l4xx_hal_i2c.o(i.HAL_I2C_ListenCpltCallback), (2 bytes).
    Removing stm32l4xx_hal_i2c.o(i.HAL_I2C_MasterRxCpltCallback), (2 bytes).
    Removing stm32l4xx_hal_i2c.o(i.HAL_I2C_MasterTxCpltCallback), (2 bytes).
    Removing stm32l4xx_hal_i2c.o(i.HAL_I2C_Master_Abort_IT), (96 bytes).
    Removing stm32l4xx_hal_i2c.o(i.HAL_I2C_Master_Receive), (294 bytes).
    Removing stm32l4xx_hal_i2c.o(i.HAL_I2C_Master_Receive_DMA), (304 bytes).
    Removing stm32l4xx_hal_i2c.o(i.HAL_I2C_Master_Receive_IT), (136 bytes).
    Removing stm32l4xx_hal_i2c.o(i.HAL_I2C_Master_Sequential_Receive_DMA), (318 bytes).
    Removing stm32l4xx_hal_i2c.o(i.HAL_I2C_Master_Sequential_Receive_IT), (164 bytes).
    Removing stm32l4xx_hal_i2c.o(i.HAL_I2C_Master_Sequential_Transmit_DMA), (318 bytes).
    Removing stm32l4xx_hal_i2c.o(i.HAL_I2C_Master_Sequential_Transmit_IT), (164 bytes).
    Removing stm32l4xx_hal_i2c.o(i.HAL_I2C_Master_Transmit), (294 bytes).
    Removing stm32l4xx_hal_i2c.o(i.HAL_I2C_Master_Transmit_DMA), (304 bytes).
    Removing stm32l4xx_hal_i2c.o(i.HAL_I2C_Master_Transmit_IT), (136 bytes).
    Removing stm32l4xx_hal_i2c.o(i.HAL_I2C_MemRxCpltCallback), (2 bytes).
    Removing stm32l4xx_hal_i2c.o(i.HAL_I2C_MemTxCpltCallback), (2 bytes).
    Removing stm32l4xx_hal_i2c.o(i.HAL_I2C_Mem_Read), (358 bytes).
    Removing stm32l4xx_hal_i2c.o(i.HAL_I2C_Mem_Read_DMA), (326 bytes).
    Removing stm32l4xx_hal_i2c.o(i.HAL_I2C_Mem_Read_IT), (210 bytes).
    Removing stm32l4xx_hal_i2c.o(i.HAL_I2C_Mem_Write), (350 bytes).
    Removing stm32l4xx_hal_i2c.o(i.HAL_I2C_Mem_Write_DMA), (318 bytes).
    Removing stm32l4xx_hal_i2c.o(i.HAL_I2C_Mem_Write_IT), (202 bytes).
    Removing stm32l4xx_hal_i2c.o(i.HAL_I2C_MspDeInit), (2 bytes).
    Removing stm32l4xx_hal_i2c.o(i.HAL_I2C_MspInit), (2 bytes).
    Removing stm32l4xx_hal_i2c.o(i.HAL_I2C_SlaveRxCpltCallback), (2 bytes).
    Removing stm32l4xx_hal_i2c.o(i.HAL_I2C_SlaveTxCpltCallback), (2 bytes).
    Removing stm32l4xx_hal_i2c.o(i.HAL_I2C_Slave_Receive), (300 bytes).
    Removing stm32l4xx_hal_i2c.o(i.HAL_I2C_Slave_Receive_DMA), (220 bytes).
    Removing stm32l4xx_hal_i2c.o(i.HAL_I2C_Slave_Receive_IT), (92 bytes).
    Removing stm32l4xx_hal_i2c.o(i.HAL_I2C_Slave_Sequential_Receive_DMA), (296 bytes).
    Removing stm32l4xx_hal_i2c.o(i.HAL_I2C_Slave_Sequential_Receive_IT), (176 bytes).
    Removing stm32l4xx_hal_i2c.o(i.HAL_I2C_Slave_Sequential_Transmit_DMA), (296 bytes).
    Removing stm32l4xx_hal_i2c.o(i.HAL_I2C_Slave_Sequential_Transmit_IT), (176 bytes).
    Removing stm32l4xx_hal_i2c.o(i.HAL_I2C_Slave_Transmit), (306 bytes).
    Removing stm32l4xx_hal_i2c.o(i.HAL_I2C_Slave_Transmit_DMA), (212 bytes).
    Removing stm32l4xx_hal_i2c.o(i.HAL_I2C_Slave_Transmit_IT), (92 bytes).
    Removing stm32l4xx_hal_i2c.o(i.I2C_ConvertOtherXferOptions), (26 bytes).
    Removing stm32l4xx_hal_i2c.o(i.I2C_DMAAbort), (50 bytes).
    Removing stm32l4xx_hal_i2c.o(i.I2C_DMAError), (18 bytes).
    Removing stm32l4xx_hal_i2c.o(i.I2C_DMAMasterReceiveCplt), (78 bytes).
    Removing stm32l4xx_hal_i2c.o(i.I2C_DMAMasterTransmitCplt), (78 bytes).
    Removing stm32l4xx_hal_i2c.o(i.I2C_DMASlaveReceiveCplt), (46 bytes).
    Removing stm32l4xx_hal_i2c.o(i.I2C_DMASlaveTransmitCplt), (32 bytes).
    Removing stm32l4xx_hal_i2c.o(i.I2C_Disable_IRQ), (84 bytes).
    Removing stm32l4xx_hal_i2c.o(i.I2C_Enable_IRQ), (92 bytes).
    Removing stm32l4xx_hal_i2c.o(i.I2C_Flush_TXDR), (34 bytes).
    Removing stm32l4xx_hal_i2c.o(i.I2C_ITAddrCplt), (136 bytes).
    Removing stm32l4xx_hal_i2c.o(i.I2C_ITError), (232 bytes).
    Removing stm32l4xx_hal_i2c.o(i.I2C_ITListenCplt), (92 bytes).
    Removing stm32l4xx_hal_i2c.o(i.I2C_ITMasterCplt), (180 bytes).
    Removing stm32l4xx_hal_i2c.o(i.I2C_ITMasterSequentialCplt), (76 bytes).
    Removing stm32l4xx_hal_i2c.o(i.I2C_ITSlaveCplt), (236 bytes).
    Removing stm32l4xx_hal_i2c.o(i.I2C_ITSlaveSequentialCplt), (84 bytes).
    Removing stm32l4xx_hal_i2c.o(i.I2C_IsAcknowledgeFailed), (132 bytes).
    Removing stm32l4xx_hal_i2c.o(i.I2C_Master_ISR_DMA), (264 bytes).
    Removing stm32l4xx_hal_i2c.o(i.I2C_Master_ISR_IT), (288 bytes).
    Removing stm32l4xx_hal_i2c.o(i.I2C_RequestMemoryRead), (100 bytes).
    Removing stm32l4xx_hal_i2c.o(i.I2C_RequestMemoryWrite), (100 bytes).
    Removing stm32l4xx_hal_i2c.o(i.I2C_Slave_ISR_DMA), (190 bytes).
    Removing stm32l4xx_hal_i2c.o(i.I2C_Slave_ISR_IT), (272 bytes).
    Removing stm32l4xx_hal_i2c.o(i.I2C_TransferConfig), (44 bytes).
    Removing stm32l4xx_hal_i2c.o(i.I2C_WaitOnFlagUntilTimeout), (88 bytes).
    Removing stm32l4xx_hal_i2c.o(i.I2C_WaitOnRXNEFlagUntilTimeout), (132 bytes).
    Removing stm32l4xx_hal_i2c.o(i.I2C_WaitOnSTOPFlagUntilTimeout), (76 bytes).
    Removing stm32l4xx_hal_i2c.o(i.I2C_WaitOnTXISFlagUntilTimeout), (80 bytes).
    Removing stm32l4xx_hal_i2c_ex.o(.rev16_text), (4 bytes).
    Removing stm32l4xx_hal_i2c_ex.o(.revsh_text), (4 bytes).
    Removing stm32l4xx_hal_i2c_ex.o(.rrx_text), (6 bytes).
    Removing stm32l4xx_hal_i2c_ex.o(i.HAL_I2CEx_ConfigAnalogFilter), (86 bytes).
    Removing stm32l4xx_hal_i2c_ex.o(i.HAL_I2CEx_ConfigDigitalFilter), (82 bytes).
    Removing stm32l4xx_hal_i2c_ex.o(i.HAL_I2CEx_DisableFastModePlus), (40 bytes).
    Removing stm32l4xx_hal_i2c_ex.o(i.HAL_I2CEx_DisableWakeUp), (78 bytes).
    Removing stm32l4xx_hal_i2c_ex.o(i.HAL_I2CEx_EnableFastModePlus), (40 bytes).
    Removing stm32l4xx_hal_i2c_ex.o(i.HAL_I2CEx_EnableWakeUp), (78 bytes).
    Removing stm32l4xx_hal_rcc.o(.rev16_text), (4 bytes).
    Removing stm32l4xx_hal_rcc.o(.revsh_text), (4 bytes).
    Removing stm32l4xx_hal_rcc.o(.rrx_text), (6 bytes).
    Removing stm32l4xx_hal_rcc.o(i.HAL_RCC_CSSCallback), (2 bytes).
    Removing stm32l4xx_hal_rcc.o(i.HAL_RCC_DeInit), (216 bytes).
    Removing stm32l4xx_hal_rcc.o(i.HAL_RCC_EnableCSS), (16 bytes).
    Removing stm32l4xx_hal_rcc.o(i.HAL_RCC_GetClockConfig), (64 bytes).
    Removing stm32l4xx_hal_rcc.o(i.HAL_RCC_GetHCLKFreq), (12 bytes).
    Removing stm32l4xx_hal_rcc.o(i.HAL_RCC_GetOscConfig), (228 bytes).
    Removing stm32l4xx_hal_rcc.o(i.HAL_RCC_MCOConfig), (72 bytes).
    Removing stm32l4xx_hal_rcc.o(i.HAL_RCC_NMI_IRQHandler), (24 bytes).
    Removing stm32l4xx_hal_rcc_ex.o(.rev16_text), (4 bytes).
    Removing stm32l4xx_hal_rcc_ex.o(.revsh_text), (4 bytes).
    Removing stm32l4xx_hal_rcc_ex.o(.rrx_text), (6 bytes).
    Removing stm32l4xx_hal_rcc_ex.o(i.HAL_RCCEx_CRSConfig), (76 bytes).
    Removing stm32l4xx_hal_rcc_ex.o(i.HAL_RCCEx_CRSGetSynchronizationInfo), (36 bytes).
    Removing stm32l4xx_hal_rcc_ex.o(i.HAL_RCCEx_CRSSoftwareSynchronizationGenerate), (16 bytes).
    Removing stm32l4xx_hal_rcc_ex.o(i.HAL_RCCEx_CRSWaitSynchronization), (128 bytes).
    Removing stm32l4xx_hal_rcc_ex.o(i.HAL_RCCEx_CRS_ErrorCallback), (2 bytes).
    Removing stm32l4xx_hal_rcc_ex.o(i.HAL_RCCEx_CRS_ExpectedSyncCallback), (2 bytes).
    Removing stm32l4xx_hal_rcc_ex.o(i.HAL_RCCEx_CRS_IRQHandler), (108 bytes).
    Removing stm32l4xx_hal_rcc_ex.o(i.HAL_RCCEx_CRS_SyncOkCallback), (2 bytes).
    Removing stm32l4xx_hal_rcc_ex.o(i.HAL_RCCEx_CRS_SyncWarnCallback), (2 bytes).
    Removing stm32l4xx_hal_rcc_ex.o(i.HAL_RCCEx_DisableLSCO), (88 bytes).
    Removing stm32l4xx_hal_rcc_ex.o(i.HAL_RCCEx_DisableLSECSS), (28 bytes).
    Removing stm32l4xx_hal_rcc_ex.o(i.HAL_RCCEx_DisableMSIPLLMode), (16 bytes).
    Removing stm32l4xx_hal_rcc_ex.o(i.HAL_RCCEx_DisablePLLSAI1), (80 bytes).
    Removing stm32l4xx_hal_rcc_ex.o(i.HAL_RCCEx_EnableLSCO), (140 bytes).
    Removing stm32l4xx_hal_rcc_ex.o(i.HAL_RCCEx_EnableLSECSS), (20 bytes).
    Removing stm32l4xx_hal_rcc_ex.o(i.HAL_RCCEx_EnableLSECSS_IT), (56 bytes).
    Removing stm32l4xx_hal_rcc_ex.o(i.HAL_RCCEx_EnableMSIPLLMode), (16 bytes).
    Removing stm32l4xx_hal_rcc_ex.o(i.HAL_RCCEx_EnablePLLSAI1), (144 bytes).
    Removing stm32l4xx_hal_rcc_ex.o(i.HAL_RCCEx_GetPeriphCLKConfig), (204 bytes).
    Removing stm32l4xx_hal_rcc_ex.o(i.HAL_RCCEx_GetPeriphCLKFreq), (996 bytes).
    Removing stm32l4xx_hal_rcc_ex.o(i.HAL_RCCEx_LSECSS_Callback), (2 bytes).
    Removing stm32l4xx_hal_rcc_ex.o(i.HAL_RCCEx_LSECSS_IRQHandler), (24 bytes).
    Removing stm32l4xx_hal_rcc_ex.o(i.HAL_RCCEx_StandbyMSIRangeConfig), (24 bytes).
    Removing stm32l4xx_hal_rcc_ex.o(i.HAL_RCCEx_WakeUpStopCLKConfig), (20 bytes).
    Removing stm32l4xx_hal_flash.o(.rev16_text), (4 bytes).
    Removing stm32l4xx_hal_flash.o(.revsh_text), (4 bytes).
    Removing stm32l4xx_hal_flash.o(.rrx_text), (6 bytes).
    Removing stm32l4xx_hal_flash.o(i.FLASH_Program_DoubleWord), (24 bytes).
    Removing stm32l4xx_hal_flash.o(i.FLASH_Program_Fast), (36 bytes).
    Removing stm32l4xx_hal_flash.o(i.FLASH_WaitForLastOperation), (116 bytes).
    Removing stm32l4xx_hal_flash.o(i.HAL_FLASH_EndOfOperationCallback), (2 bytes).
    Removing stm32l4xx_hal_flash.o(i.HAL_FLASH_GetError), (12 bytes).
    Removing stm32l4xx_hal_flash.o(i.HAL_FLASH_IRQHandler), (252 bytes).
    Removing stm32l4xx_hal_flash.o(i.HAL_FLASH_Lock), (20 bytes).
    Removing stm32l4xx_hal_flash.o(i.HAL_FLASH_OB_Launch), (24 bytes).
    Removing stm32l4xx_hal_flash.o(i.HAL_FLASH_OB_Lock), (20 bytes).
    Removing stm32l4xx_hal_flash.o(i.HAL_FLASH_OB_Unlock), (36 bytes).
    Removing stm32l4xx_hal_flash.o(i.HAL_FLASH_OperationErrorCallback), (2 bytes).
    Removing stm32l4xx_hal_flash.o(i.HAL_FLASH_Program), (170 bytes).
    Removing stm32l4xx_hal_flash.o(i.HAL_FLASH_Program_IT), (120 bytes).
    Removing stm32l4xx_hal_flash.o(i.HAL_FLASH_Unlock), (40 bytes).
    Removing stm32l4xx_hal_flash.o(.data), (32 bytes).
    Removing stm32l4xx_hal_flash_ex.o(.rev16_text), (4 bytes).
    Removing stm32l4xx_hal_flash_ex.o(.revsh_text), (4 bytes).
    Removing stm32l4xx_hal_flash_ex.o(.rrx_text), (6 bytes).
    Removing stm32l4xx_hal_flash_ex.o(i.FLASH_FlushCaches), (84 bytes).
    Removing stm32l4xx_hal_flash_ex.o(i.FLASH_MassErase), (28 bytes).
    Removing stm32l4xx_hal_flash_ex.o(i.FLASH_OB_PCROPConfig), (104 bytes).
    Removing stm32l4xx_hal_flash_ex.o(i.FLASH_OB_UserConfig), (248 bytes).
    Removing stm32l4xx_hal_flash_ex.o(i.FLASH_PageErase), (32 bytes).
    Removing stm32l4xx_hal_flash_ex.o(i.HAL_FLASHEx_Erase), (230 bytes).
    Removing stm32l4xx_hal_flash_ex.o(i.HAL_FLASHEx_Erase_IT), (148 bytes).
    Removing stm32l4xx_hal_flash_ex.o(i.HAL_FLASHEx_OBGetConfig), (136 bytes).
    Removing stm32l4xx_hal_flash_ex.o(i.HAL_FLASHEx_OBProgram), (278 bytes).
    Removing stm32l4xx_hal_flash_ramfunc.o(.rev16_text), (4 bytes).
    Removing stm32l4xx_hal_flash_ramfunc.o(.revsh_text), (4 bytes).
    Removing stm32l4xx_hal_flash_ramfunc.o(.rrx_text), (6 bytes).
    Removing stm32l4xx_hal_flash_ramfunc.o(i.HAL_FLASHEx_DisableRunPowerDown), (36 bytes).
    Removing stm32l4xx_hal_flash_ramfunc.o(i.HAL_FLASHEx_EnableRunPowerDown), (36 bytes).
    Removing stm32l4xx_hal_gpio.o(.rev16_text), (4 bytes).
    Removing stm32l4xx_hal_gpio.o(.revsh_text), (4 bytes).
    Removing stm32l4xx_hal_gpio.o(.rrx_text), (6 bytes).
    Removing stm32l4xx_hal_gpio.o(i.HAL_GPIO_DeInit), (290 bytes).
    Removing stm32l4xx_hal_gpio.o(i.HAL_GPIO_EXTI_Callback), (2 bytes).
    Removing stm32l4xx_hal_gpio.o(i.HAL_GPIO_EXTI_IRQHandler), (24 bytes).
    Removing stm32l4xx_hal_gpio.o(i.HAL_GPIO_LockPin), (34 bytes).
    Removing stm32l4xx_hal_gpio.o(i.HAL_GPIO_TogglePin), (8 bytes).
    Removing stm32l4xx_hal_dma.o(.rev16_text), (4 bytes).
    Removing stm32l4xx_hal_dma.o(.revsh_text), (4 bytes).
    Removing stm32l4xx_hal_dma.o(.rrx_text), (6 bytes).
    Removing stm32l4xx_hal_dma.o(i.DMA_SetConfig), (46 bytes).
    Removing stm32l4xx_hal_dma.o(i.HAL_DMA_Abort), (58 bytes).
    Removing stm32l4xx_hal_dma.o(i.HAL_DMA_Abort_IT), (78 bytes).
    Removing stm32l4xx_hal_dma.o(i.HAL_DMA_DeInit), (156 bytes).
    Removing stm32l4xx_hal_dma.o(i.HAL_DMA_GetError), (4 bytes).
    Removing stm32l4xx_hal_dma.o(i.HAL_DMA_GetState), (6 bytes).
    Removing stm32l4xx_hal_dma.o(i.HAL_DMA_IRQHandler), (186 bytes).
    Removing stm32l4xx_hal_dma.o(i.HAL_DMA_Init), (192 bytes).
    Removing stm32l4xx_hal_dma.o(i.HAL_DMA_PollForTransfer), (222 bytes).
    Removing stm32l4xx_hal_dma.o(i.HAL_DMA_RegisterCallback), (74 bytes).
    Removing stm32l4xx_hal_dma.o(i.HAL_DMA_Start), (80 bytes).
    Removing stm32l4xx_hal_dma.o(i.HAL_DMA_Start_IT), (112 bytes).
    Removing stm32l4xx_hal_dma.o(i.HAL_DMA_UnRegisterCallback), (82 bytes).
    Removing stm32l4xx_hal_dma_ex.o(.rev16_text), (4 bytes).
    Removing stm32l4xx_hal_dma_ex.o(.revsh_text), (4 bytes).
    Removing stm32l4xx_hal_dma_ex.o(.rrx_text), (6 bytes).
    Removing stm32l4xx_hal_pwr.o(.rev16_text), (4 bytes).
    Removing stm32l4xx_hal_pwr.o(.revsh_text), (4 bytes).
    Removing stm32l4xx_hal_pwr.o(.rrx_text), (6 bytes).
    Removing stm32l4xx_hal_pwr.o(i.HAL_PWR_ConfigPVD), (128 bytes).
    Removing stm32l4xx_hal_pwr.o(i.HAL_PWR_DeInit), (24 bytes).
    Removing stm32l4xx_hal_pwr.o(i.HAL_PWR_DisableBkUpAccess), (16 bytes).
    Removing stm32l4xx_hal_pwr.o(i.HAL_PWR_DisablePVD), (16 bytes).
    Removing stm32l4xx_hal_pwr.o(i.HAL_PWR_DisableSEVOnPend), (16 bytes).
    Removing stm32l4xx_hal_pwr.o(i.HAL_PWR_DisableSleepOnExit), (16 bytes).
    Removing stm32l4xx_hal_pwr.o(i.HAL_PWR_DisableWakeUpPin), (20 bytes).
    Removing stm32l4xx_hal_pwr.o(i.HAL_PWR_EnableBkUpAccess), (16 bytes).
    Removing stm32l4xx_hal_pwr.o(i.HAL_PWR_EnablePVD), (16 bytes).
    Removing stm32l4xx_hal_pwr.o(i.HAL_PWR_EnableSEVOnPend), (16 bytes).
    Removing stm32l4xx_hal_pwr.o(i.HAL_PWR_EnableSleepOnExit), (16 bytes).
    Removing stm32l4xx_hal_pwr.o(i.HAL_PWR_EnableWakeUpPin), (28 bytes).
    Removing stm32l4xx_hal_pwr.o(i.HAL_PWR_EnterSLEEPMode), (68 bytes).
    Removing stm32l4xx_hal_pwr.o(i.HAL_PWR_EnterSTANDBYMode), (36 bytes).
    Removing stm32l4xx_hal_pwr.o(i.HAL_PWR_EnterSTOPMode), (16 bytes).
    Removing stm32l4xx_hal_pwr.o(i.HAL_PWR_PVDCallback), (2 bytes).
    Removing stm32l4xx_hal_pwr_ex.o(.rev16_text), (4 bytes).
    Removing stm32l4xx_hal_pwr_ex.o(.revsh_text), (4 bytes).
    Removing stm32l4xx_hal_pwr_ex.o(.rrx_text), (6 bytes).
    Removing stm32l4xx_hal_pwr_ex.o(i.HAL_PWREx_ConfigPVM), (212 bytes).
    Removing stm32l4xx_hal_pwr_ex.o(i.HAL_PWREx_DisableBatteryCharging), (16 bytes).
    Removing stm32l4xx_hal_pwr_ex.o(i.HAL_PWREx_DisableGPIOPullDown), (88 bytes).
    Removing stm32l4xx_hal_pwr_ex.o(i.HAL_PWREx_DisableGPIOPullUp), (84 bytes).
    Removing stm32l4xx_hal_pwr_ex.o(i.HAL_PWREx_DisableInternalWakeUpLine), (16 bytes).
    Removing stm32l4xx_hal_pwr_ex.o(i.HAL_PWREx_DisableLowPowerRunMode), (64 bytes).
    Removing stm32l4xx_hal_pwr_ex.o(i.HAL_PWREx_DisablePVM3), (16 bytes).
    Removing stm32l4xx_hal_pwr_ex.o(i.HAL_PWREx_DisablePVM4), (16 bytes).
    Removing stm32l4xx_hal_pwr_ex.o(i.HAL_PWREx_DisablePullUpPullDownConfig), (16 bytes).
    Removing stm32l4xx_hal_pwr_ex.o(i.HAL_PWREx_DisableSRAM2ContentRetention), (16 bytes).
    Removing stm32l4xx_hal_pwr_ex.o(i.HAL_PWREx_EnableBatteryCharging), (28 bytes).
    Removing stm32l4xx_hal_pwr_ex.o(i.HAL_PWREx_EnableGPIOPullDown), (128 bytes).
    Removing stm32l4xx_hal_pwr_ex.o(i.HAL_PWREx_EnableGPIOPullUp), (128 bytes).
    Removing stm32l4xx_hal_pwr_ex.o(i.HAL_PWREx_EnableInternalWakeUpLine), (16 bytes).
    Removing stm32l4xx_hal_pwr_ex.o(i.HAL_PWREx_EnableLowPowerRunMode), (16 bytes).
    Removing stm32l4xx_hal_pwr_ex.o(i.HAL_PWREx_EnablePVM3), (16 bytes).
    Removing stm32l4xx_hal_pwr_ex.o(i.HAL_PWREx_EnablePVM4), (16 bytes).
    Removing stm32l4xx_hal_pwr_ex.o(i.HAL_PWREx_EnablePullUpPullDownConfig), (16 bytes).
    Removing stm32l4xx_hal_pwr_ex.o(i.HAL_PWREx_EnableSRAM2ContentRetention), (16 bytes).
    Removing stm32l4xx_hal_pwr_ex.o(i.HAL_PWREx_EnterSHUTDOWNMode), (36 bytes).
    Removing stm32l4xx_hal_pwr_ex.o(i.HAL_PWREx_EnterSTOP0Mode), (52 bytes).
    Removing stm32l4xx_hal_pwr_ex.o(i.HAL_PWREx_EnterSTOP1Mode), (56 bytes).
    Removing stm32l4xx_hal_pwr_ex.o(i.HAL_PWREx_EnterSTOP2Mode), (56 bytes).
    Removing stm32l4xx_hal_pwr_ex.o(i.HAL_PWREx_PVD_PVM_IRQHandler), (60 bytes).
    Removing stm32l4xx_hal_pwr_ex.o(i.HAL_PWREx_PVM3Callback), (2 bytes).
    Removing stm32l4xx_hal_pwr_ex.o(i.HAL_PWREx_PVM4Callback), (2 bytes).
    Removing stm32l4xx_hal_cortex.o(.rev16_text), (4 bytes).
    Removing stm32l4xx_hal_cortex.o(.revsh_text), (4 bytes).
    Removing stm32l4xx_hal_cortex.o(.rrx_text), (6 bytes).
    Removing stm32l4xx_hal_cortex.o(i.HAL_MPU_ConfigRegion), (84 bytes).
    Removing stm32l4xx_hal_cortex.o(i.HAL_MPU_Disable), (28 bytes).
    Removing stm32l4xx_hal_cortex.o(i.HAL_MPU_Enable), (36 bytes).
    Removing stm32l4xx_hal_cortex.o(i.HAL_NVIC_ClearPendingIRQ), (26 bytes).
    Removing stm32l4xx_hal_cortex.o(i.HAL_NVIC_DisableIRQ), (34 bytes).
    Removing stm32l4xx_hal_cortex.o(i.HAL_NVIC_GetActive), (36 bytes).
    Removing stm32l4xx_hal_cortex.o(i.HAL_NVIC_GetPendingIRQ), (36 bytes).
    Removing stm32l4xx_hal_cortex.o(i.HAL_NVIC_GetPriority), (82 bytes).
    Removing stm32l4xx_hal_cortex.o(i.HAL_NVIC_GetPriorityGrouping), (16 bytes).
    Removing stm32l4xx_hal_cortex.o(i.HAL_NVIC_SetPendingIRQ), (26 bytes).
    Removing stm32l4xx_hal_cortex.o(i.HAL_NVIC_SystemReset), (36 bytes).
    Removing stm32l4xx_hal_cortex.o(i.HAL_SYSTICK_CLKSourceConfig), (24 bytes).
    Removing stm32l4xx_hal_cortex.o(i.HAL_SYSTICK_Callback), (2 bytes).
    Removing stm32l4xx_hal_cortex.o(i.HAL_SYSTICK_IRQHandler), (8 bytes).
    Removing stm32l4xx_hal_rng.o(.rev16_text), (4 bytes).
    Removing stm32l4xx_hal_rng.o(.revsh_text), (4 bytes).
    Removing stm32l4xx_hal_rng.o(.rrx_text), (6 bytes).
    Removing stm32l4xx_hal_rng.o(i.HAL_RNG_DeInit), (46 bytes).
    Removing stm32l4xx_hal_rng.o(i.HAL_RNG_ErrorCallback), (2 bytes).
    Removing stm32l4xx_hal_rng.o(i.HAL_RNG_GenerateRandomNumber), (106 bytes).
    Removing stm32l4xx_hal_rng.o(i.HAL_RNG_GenerateRandomNumber_IT), (50 bytes).
    Removing stm32l4xx_hal_rng.o(i.HAL_RNG_GetError), (4 bytes).
    Removing stm32l4xx_hal_rng.o(i.HAL_RNG_GetRandomNumber), (22 bytes).
    Removing stm32l4xx_hal_rng.o(i.HAL_RNG_GetRandomNumber_IT), (32 bytes).
    Removing stm32l4xx_hal_rng.o(i.HAL_RNG_GetState), (4 bytes).
    Removing stm32l4xx_hal_rng.o(i.HAL_RNG_IRQHandler), (82 bytes).
    Removing stm32l4xx_hal_rng.o(i.HAL_RNG_Init), (50 bytes).
    Removing stm32l4xx_hal_rng.o(i.HAL_RNG_MspDeInit), (2 bytes).
    Removing stm32l4xx_hal_rng.o(i.HAL_RNG_MspInit), (2 bytes).
    Removing stm32l4xx_hal_rng.o(i.HAL_RNG_ReadLastRandomNumber), (4 bytes).
    Removing stm32l4xx_hal_rng.o(i.HAL_RNG_ReadyDataCallback), (2 bytes).
    Removing bh1750.o(.rev16_text), (4 bytes).
    Removing bh1750.o(.revsh_text), (4 bytes).
    Removing bh1750.o(.rrx_text), (6 bytes).
    Removing bh1750.o(i.I2C_CheckDevice), (32 bytes).
    Removing oled.o(.rev16_text), (4 bytes).
    Removing oled.o(.revsh_text), (4 bytes).
    Removing oled.o(.rrx_text), (6 bytes).
    Removing oled.o(i.OLED_Display_Off), (30 bytes).
    Removing oled.o(i.OLED_Display_On), (30 bytes).
    Removing oled.o(i.OLED_DrawBMP), (64 bytes).
    Removing oled.o(i.OLED_On), (58 bytes).
    Removing oled.o(i.OLED_ShowNum), (112 bytes).
    Removing oled.o(i.fill_picture), (60 bytes).
    Removing oled.o(i.oled_pow), (16 bytes).
    Removing at_api.o(i.at_api_bind), (36 bytes).
    Removing at_api.o(i.at_api_close), (24 bytes).
    Removing at_api.o(i.at_api_connect), (36 bytes).
    Removing at_api.o(i.at_api_recv), (24 bytes).
    Removing at_api.o(i.at_api_recv_timeout), (36 bytes).
    Removing at_api.o(i.at_api_register), (24 bytes).
    Removing at_api.o(i.at_api_send), (24 bytes).
    Removing at_api.o(i.at_api_sendto), (32 bytes).
    Removing at_api.o(.data), (4 bytes).
    Removing at_main.o(.rev16_text), (4 bytes).
    Removing at_main.o(.revsh_text), (4 bytes).
    Removing at_main.o(.rrx_text), (6 bytes).
    Removing at_main.o(i.at_cmd_in_callback), (218 bytes).
    Removing at_main.o(i.at_reg_step_callback), (4 bytes).
    Removing at_main.o(i.chartoint), (36 bytes).
    Removing los_nb_api.o(.rev16_text), (4 bytes).
    Removing los_nb_api.o(.revsh_text), (4 bytes).
    Removing los_nb_api.o(.rrx_text), (6 bytes).
    Removing los_nb_api.o(i.los_nb_deinit), (20 bytes).
    Removing nb_iot_cmd_ioctl.o(.rev16_text), (4 bytes).
    Removing nb_iot_cmd_ioctl.o(.revsh_text), (4 bytes).
    Removing nb_iot_cmd_ioctl.o(.rrx_text), (6 bytes).
    Removing nb_iot_demo.o(.rev16_text), (4 bytes).
    Removing nb_iot_demo.o(.revsh_text), (4 bytes).
    Removing nb_iot_demo.o(.rrx_text), (6 bytes).
    Removing dfltul.o(.text), (24 bytes).
    Removing dfixul.o(.text), (48 bytes).
    Removing dadd.o(.text), (350 bytes).
    Removing dmul.o(.text), (234 bytes).
    Removing cdrcmple.o(.text), (48 bytes).
    Removing los_slab.o(i.osAtomicBitsetGetNumBits), (4 bytes).

701 unused section(s) (total 40184 bytes) removed from the image.
