Component: ARM Compiler 5.06 update 5 (build 528) Tool: armlink [4d35e2]

==============================================================================

Section Cross References

    los_startup_keil.o(LOS_HEAP_INFO) refers to los_startup_keil.o(LOS_HEAP) for __los_heap_base
    los_startup_keil.o(RESET) refers to system_stm32l4xx.o(i.SystemInit) for SystemInit
    los_startup_keil.o(RESET) refers to entry.o(.ARM.Collect$$$$00000000) for __main
    main.o(i.HardWare_Init) refers to stm32l4xx_hal.o(i.HAL_Init) for HAL_Init
    main.o(i.HardWare_Init) refers to sys_init.o(i.SystemClock_Config) for SystemClock_Config
    main.o(i.HardWare_Init) refers to dwt.o(i.dwt_delay_init) for dwt_delay_init
    main.o(i.HardWare_Init) refers to gpio.o(i.MX_GPIO_Init) for MX_GPIO_Init
    main.o(i.HardWare_Init) refers to usart.o(i.MX_USART1_UART_Init) for MX_USART1_UART_Init
    main.o(i.HardWare_Init) refers to printf8.o(i.__0printf$8) for __2printf
    main.o(i.HardWare_Init) refers to system_stm32l4xx.o(.data) for SystemCoreClock
    main.o(i.creat_main_task) refers to los_task.o(i.LOS_TaskCreate) for LOS_TaskCreate
    main.o(i.creat_main_task) refers to main.o(i.main_task) for main_task
    main.o(i.creat_main_task) refers to main.o(.data) for .data
    main.o(i.main) refers to main.o(i.HardWare_Init) for HardWare_Init
    main.o(i.main) refers to los_init.o(i.LOS_KernelInit) for LOS_KernelInit
    main.o(i.main) refers to main.o(i.creat_main_task) for creat_main_task
    main.o(i.main) refers to los_init.o(i.LOS_Start) for LOS_Start
    main.o(i.main_task) refers to main.o(i.user_hw_init) for user_hw_init
    main.o(i.main_task) refers to printf8.o(i.__0printf$8) for __2printf
    main.o(i.main_task) refers to los_nb_api.o(i.los_nb_init) for los_nb_init
    main.o(i.main_task) refers to los_nb_api.o(i.los_nb_notify) for los_nb_notify
    main.o(i.main_task) refers to los_task.o(i.LOS_TaskDelay) for LOS_TaskDelay
    main.o(i.main_task) refers to nb_iot_demo.o(i.nb_iot_entry) for nb_iot_entry
    main.o(i.main_task) refers to nb_iot_cmd_ioctl.o(i.OC_cmd_match) for OC_cmd_match
    main.o(i.main_task) refers to nb_iot_cmd_ioctl.o(i.nb_cmd_data_ioctl) for nb_cmd_data_ioctl
    main.o(i.user_hw_init) refers to oled.o(i.OLED_Init) for OLED_Init
    main.o(i.user_hw_init) refers to oled.o(i.OLED_Clear) for OLED_Clear
    main.o(i.user_hw_init) refers to oled.o(i.OLED_ShowCHinese) for OLED_ShowCHinese
    main.o(i.user_hw_init) refers to oled.o(i.OLED_ShowString) for OLED_ShowString
    main.o(i.user_hw_init) refers to los_hwi.o(i.LOS_HwiCreate) for LOS_HwiCreate
    main.o(i.user_hw_init) refers to stm32l4xx_it.o(i.EXTI0_IRQHandler) for EXTI0_IRQHandler
    main.o(i.user_hw_init) refers to stm32l4xx_it.o(i.EXTI1_IRQHandler) for EXTI1_IRQHandler
    gpio.o(i.MX_GPIO_Init) refers to stm32l4xx_hal_gpio.o(i.HAL_GPIO_WritePin) for HAL_GPIO_WritePin
    gpio.o(i.MX_GPIO_Init) refers to stm32l4xx_hal_gpio.o(i.HAL_GPIO_Init) for HAL_GPIO_Init
    gpio.o(i.MX_GPIO_Init) refers to stm32l4xx_hal_cortex.o(i.HAL_NVIC_SetPriority) for HAL_NVIC_SetPriority
    gpio.o(i.MX_GPIO_Init) refers to stm32l4xx_hal_cortex.o(i.HAL_NVIC_EnableIRQ) for HAL_NVIC_EnableIRQ
    adc.o(i.HAL_ADC_MspDeInit) refers to stm32l4xx_hal_gpio.o(i.HAL_GPIO_DeInit) for HAL_GPIO_DeInit
    adc.o(i.HAL_ADC_MspInit) refers to stm32l4xx_hal_gpio.o(i.HAL_GPIO_Init) for HAL_GPIO_Init
    adc.o(i.MX_ADC1_Init) refers to stm32l4xx_hal_adc.o(i.HAL_ADC_Init) for HAL_ADC_Init
    adc.o(i.MX_ADC1_Init) refers to sys_init.o(i._Error_Handler) for _Error_Handler
    adc.o(i.MX_ADC1_Init) refers to stm32l4xx_hal_adc.o(i.HAL_ADC_ConfigChannel) for HAL_ADC_ConfigChannel
    adc.o(i.MX_ADC1_Init) refers to adc.o(.bss) for .bss
    i2c.o(i.HAL_I2C_MspDeInit) refers to stm32l4xx_hal_gpio.o(i.HAL_GPIO_DeInit) for HAL_GPIO_DeInit
    i2c.o(i.HAL_I2C_MspInit) refers to stm32l4xx_hal_gpio.o(i.HAL_GPIO_Init) for HAL_GPIO_Init
    i2c.o(i.MX_I2C1_Init) refers to stm32l4xx_hal_i2c.o(i.HAL_I2C_Init) for HAL_I2C_Init
    i2c.o(i.MX_I2C1_Init) refers to sys_init.o(i._Error_Handler) for _Error_Handler
    i2c.o(i.MX_I2C1_Init) refers to stm32l4xx_hal_i2c_ex.o(i.HAL_I2CEx_ConfigAnalogFilter) for HAL_I2CEx_ConfigAnalogFilter
    i2c.o(i.MX_I2C1_Init) refers to stm32l4xx_hal_i2c_ex.o(i.HAL_I2CEx_ConfigDigitalFilter) for HAL_I2CEx_ConfigDigitalFilter
    i2c.o(i.MX_I2C1_Init) refers to i2c.o(.bss) for .bss
    usart.o(i.HAL_UART_MspDeInit) refers to stm32l4xx_hal_gpio.o(i.HAL_GPIO_DeInit) for HAL_GPIO_DeInit
    usart.o(i.HAL_UART_MspDeInit) refers to stm32l4xx_hal_cortex.o(i.HAL_NVIC_DisableIRQ) for HAL_NVIC_DisableIRQ
    usart.o(i.HAL_UART_MspInit) refers to stm32l4xx_hal_gpio.o(i.HAL_GPIO_Init) for HAL_GPIO_Init
    usart.o(i.HAL_UART_MspInit) refers to stm32l4xx_hal_cortex.o(i.HAL_NVIC_SetPriority) for HAL_NVIC_SetPriority
    usart.o(i.HAL_UART_MspInit) refers to stm32l4xx_hal_cortex.o(i.HAL_NVIC_EnableIRQ) for HAL_NVIC_EnableIRQ
[...]
    i.osSlabAllocatorFree                    0x080066fc   Section        0  los_slab.o(i.osSlabAllocatorFree)
    i.osSlabAllocatorNew                     0x08006734   Section        0  los_slab.o(i.osSlabAllocatorNew)
    i.osSlabBlockHeadFill                    0x0800677a   Section        0  los_slabmem.o(i.osSlabBlockHeadFill)
    i.osSlabCtrlHdrGet                       0x0800678e   Section        0  los_memory.o(i.osSlabCtrlHdrGet)
    i.osSlabMemAlloc                         0x08006792   Section        0  los_slabmem.o(i.osSlabMemAlloc)
    i.osSlabMemFree                          0x080067f4   Section        0  los_slabmem.o(i.osSlabMemFree)
    i.osSlabMemInit                          0x08006854   Section        0  los_slabmem.o(i.osSlabMemInit)
    i.osSwTmrInit                            0x080068ac   Section        0  los_swtmr.o(i.osSwTmrInit)
    i.osSwTmrStart                           0x0800692c   Section        0  los_swtmr.o(i.osSwTmrStart)
    i.osSwTmrTask                            0x08006abc   Section        0  los_swtmr.o(i.osSwTmrTask)
    i.osSwTmrTaskCreate                      0x08006af8   Section        0  los_swtmr.o(i.osSwTmrTaskCreate)
    i.osSwTmrTimeoutHandle                   0x08006b38   Section        0  los_swtmr.o(i.osSwTmrTimeoutHandle)
    osSwTmrTimeoutHandle                     0x08006b39   Thumb Code    98  los_swtmr.o(i.osSwTmrTimeoutHandle)
    i.osSwtmrDelete                          0x08006ba0   Section        0  los_swtmr.o(i.osSwtmrDelete)
    osSwtmrDelete                            0x08006ba1   Thumb Code    26  los_swtmr.o(i.osSwtmrDelete)
    i.osSwtmrScan                            0x08006bc4   Section        0  los_swtmr.o(i.osSwtmrScan)
    i.osTaskAdd2TimerList                    0x08006be0   Section        0  los_task.o(i.osTaskAdd2TimerList)
    i.osTaskEntry                            0x08006c64   Section        0  los_task.o(i.osTaskEntry)
    i.osTaskExit                             0x08006c90   Section        0  los_hw.o(i.osTaskExit)
    i.osTaskInit                             0x08006c94   Section        0  los_task.o(i.osTaskInit)
    i.osTaskMonInit                          0x08006d68   Section        0  los_task.o(i.osTaskMonInit)
    i.osTaskPriModify                        0x08006d94   Section        0  los_task.o(i.osTaskPriModify)
    i.osTaskScan                             0x08006dc4   Section        0  los_task.o(i.osTaskScan)
    i.osTaskSwitchCheck                      0x08006e78   Section        0  los_task.o(i.osTaskSwitchCheck)
    i.osTaskWait                             0x08006fb4   Section        0  los_task.o(i.osTaskWait)
    i.osTaskWake                             0x08007000   Section        0  los_task.o(i.osTaskWake)
    i.osTickHandler                          0x08007040   Section        0  los_tick.o(i.osTickHandler)
    i.osTickStart                            0x08007068   Section        0  los_hw_tick.o(i.osTickStart)
    i.osTimerListDelete                      0x080070f4   Section        0  los_task.o(i.osTimerListDelete)
    i.osTimesliceCheck                       0x08007128   Section        0  los_timeslice.o(i.osTimesliceCheck)
    i.osTimesliceInit                        0x08007160   Section        0  los_timeslice.o(i.osTimesliceInit)
    i.osTskStackInit                         0x08007170   Section        0  los_hw.o(i.osTskStackInit)
    i.read_resp                              0x080071f4   Section        0  at_hal.o(i.read_resp)
    i.store_resp_buf                         0x080072ee   Section        0  at_main.o(i.store_resp_buf)
    i.str_to_hex                             0x08007304   Section        0  bc95.o(i.str_to_hex)
    i.user_hw_init                           0x08007340   Section        0  main.o(i.user_hw_init)
    i.write_at_task_msg                      0x080073c4   Section        0  at_hal.o(i.write_at_task_msg)
    .constdata                               0x080073f4   Section       10  at_hal.o(.constdata)
    __func__                                 0x080073f4   Data          10  at_hal.o(.constdata)
    .constdata                               0x08007400   Section       64  system_stm32l4xx.o(.constdata)
    .constdata                               0x08007440   Section        8  system_stm32l4xx.o(.constdata)
    .constdata                               0x08007448   Section       20  los_hwi.o(.constdata)
    __FUNCTION__                             0x08007448   Data          20  los_hwi.o(.constdata)
    .constdata                               0x0800745c   Section     2072  oled.o(.constdata)
    .constdata                               0x08007c74   Section      215  bc95.o(.constdata)
    __func__                                 0x08007c74   Data           8  bc95.o(.constdata)
    __func__                                 0x08007c7c   Data          14  bc95.o(.constdata)
    __func__                                 0x08007c8a   Data          16  bc95.o(.constdata)
    __func__                                 0x08007c9a   Data          21  bc95.o(.constdata)
    __func__                                 0x08007caf   Data          15  bc95.o(.constdata)
    __func__                                 0x08007cbe   Data          17  bc95.o(.constdata)
    __func__                                 0x08007ccf   Data          20  bc95.o(.constdata)
    __func__                                 0x08007ce3   Data          11  bc95.o(.constdata)
    __func__                                 0x08007cee   Data          10  bc95.o(.constdata)
    __func__                                 0x08007cf8   Data          16  bc95.o(.constdata)
    __func__                                 0x08007d08   Data           9  bc95.o(.constdata)
    __func__                                 0x08007d38   Data          19  bc95.o(.constdata)
    .constdata                               0x08007d4b   Section      131  at_main.o(.constdata)
    __func__                                 0x08007d4b   Data           8  at_main.o(.constdata)
    __func__                                 0x08007d53   Data          20  at_main.o(.constdata)
    __func__                                 0x08007d67   Data          19  at_main.o(.constdata)
    __func__                                 0x08007d7a   Data          20  at_main.o(.constdata)
    __func__                                 0x08007d8e   Data           9  at_main.o(.constdata)
    __func__                                 0x08007d97   Data          13  at_main.o(.constdata)
    __func__                                 0x08007da4   Data          15  at_main.o(.constdata)
    __func__                                 0x08007db3   Data          17  at_main.o(.constdata)
    __func__                                 0x08007dc4   Data          10  at_main.o(.constdata)
    .constdata                               0x08007dd0   Section       36  los_nb_api.o(.constdata)
    .constdata                               0x08007df4   Section       18  nb_iot_cmd_ioctl.o(.constdata)
    __func__                                 0x08007df4   Data          18  nb_iot_cmd_ioctl.o(.constdata)
    .constdata                               0x08007e06   Section       64  ctype_c.o(.constdata)
    .conststring                             0x08007e48   Section       14  bc95.o(.conststring)
    .conststring                             0x08007e58   Section      148  at_main.o(.conststring)
    LOS_HEAP_INFO                            0x08007eec   Section        8  los_startup_keil.o(LOS_HEAP_INFO)
    .data.vector                             0x20000000   Section     1024  los_hwi.o(.data.vector)
    .data                                    0x20000400   Section        4  main.o(.data)
    .data                                    0x20000404   Section       28  at_hal.o(.data)
    s_pUSART                                 0x20000408   Data           4  at_hal.o(.data)
    s_uwIRQn                                 0x2000040c   Data           4  at_hal.o(.data)
    g_disscard_cnt                           0x20000410   Data           4  at_hal.o(.data)
    .data                                    0x20000420   Section        4  dwt.o(.data)
    cpuclkfeq                                0x20000420   Data           4  dwt.o(.data)
    .data                                    0x20000424   Section        4  system_stm32l4xx.o(.data)
    .data                                    0x20000428   Section        8  los_priqueue.o(.data)
    g_uwPriQueueBitmap                       0x20000428   Data           4  los_priqueue.o(.data)
    .data                                    0x20000430   Section       28  los_swtmr.o(.data)
    m_uwSwtimerRousesTime                    0x20000430   Data           4  los_swtmr.o(.data)
    m_pstRouses                              0x20000434   Data           4  los_swtmr.o(.data)
    m_pstRousesPrev                          0x20000438   Data           4  los_swtmr.o(.data)
    .data                                    0x2000044c   Section       72  los_task.o(.data)
    .data                                    0x20000494   Section        4  los_tick.o(.data)
    .data                                    0x20000498   Section       16  los_tick.o(.data)
    .data                                    0x200004a8   Section        4  los_tick.o(.data)
    .data                                    0x200004ac   Section        8  los_timeslice.o(.data)
    .data                                    0x200004b4   Section       12  los_mux.o(.data)
    .data                                    0x200004c0   Section       12  los_queue.o(.data)
    .data                                    0x200004cc   Section       12  los_sem.o(.data)
    .data                                    0x200004d8   Section       16  los_heap.o(.data)
    g_uwAllocCount                           0x200004d8   Data           4  los_heap.o(.data)
    g_uwFreeCount                            0x200004dc   Data           4  los_heap.o(.data)
    g_uwCurHeapUsed                          0x200004e0   Data           4  los_heap.o(.data)
    g_uwMaxHeapUsed                          0x200004e4   Data           4  los_heap.o(.data)
    .data                                    0x200004e8   Section        4  los_memory.o(.data)
    .data                                    0x200004ec   Section        4  los_err.o(.data)
    .data                                    0x200004f0   Section        4  los_init.o(.data)
    .data                                    0x200004f4   Section        4  los_hwi.o(.data)
    .data                                    0x200004f8   Section      384  oled.o(.data)
    .data                                    0x20000678   Section        8  bc95.o(.data)
    localport                                0x20000678   Data           2  bc95.o(.data)
    sndcnt                                   0x2000067c   Data           4  bc95.o(.data)
    .data                                    0x20000680   Section       96  at_main.o(.data)
    .data                                    0x200006e0   Section        4  stdout.o(.data)
    .bss                                     0x200006e4   Section      104  adc.o(.bss)
    .bss                                     0x2000074c   Section      360  usart.o(.bss)
    .bss                                     0x200008b4   Section      120  at_hal.o(.bss)
    .bss                                     0x2000092c   Section       64  los_swtmr.o(.bss)
    .bss                                     0x2000096c   Section      342  los_task.o(.bss)
    .bss                                     0x20000ac4   Section     1024  los_hwi.o(.bss)
    .bss                                     0x20000ec4   Section     1256  bc95.o(.bss)
    g_data_ind_info                          0x200013a0   Data          12  bc95.o(.bss)
    .bss                                     0x200013ac   Section     1024  at_main.o(.bss)
    .bss                                     0x200017ac   Section     1024  at_main.o(.bss)
    .bss                                     0x20001bac   Section      340  at_main.o(.bss)
    at_user_conf                             0x20001bac   Data          36  at_main.o(.bss)
    .bss                                     0x20001d00   Section       30  nb_iot_cmd_ioctl.o(.bss)
    .bss                                     0x20001d1e   Section       10  nb_iot_demo.o(.bss)
    LOS_HEAP                                 0x20001d28   Section     1024  los_startup_keil.o(LOS_HEAP)
    __los_heap_base                          0x20001d28   Data           0  los_startup_keil.o(LOS_HEAP)

    Global Symbols

    Symbol Name                              Value     Ov Type        Size  Object(Section)

    BuildAttributes$$THM_ISAv4$E$P$D$K$B$S$7EM$VFPi3$EXTD16$VFPS$VFMA$PE$A:L22UL41UL21$X:L11$S22US41US21$IEEE1$IW$USESV6$~STKCKD$USESV7$~SHL$OSPACE$ROPI$EBA8$MICROLIB$REQ8$PRES8$EABIv2 0x00000000   Number         0  anon$$obj.o ABSOLUTE
    __ARM_use_no_argv                        0x00000000   Number         0  main.o ABSOLUTE
    _printf_a                                0x00000000   Number         0  stubs.o ABSOLUTE
    _printf_c                                0x00000000   Number         0  stubs.o ABSOLUTE
    _printf_charcount                        0x00000000   Number         0  stubs.o ABSOLUTE
    _printf_d                                0x00000000   Number         0  stubs.o ABSOLUTE
    _printf_e                                0x00000000   Number         0  stubs.o ABSOLUTE
    _printf_f                                0x00000000   Number         0  stubs.o ABSOLUTE
    _printf_flags                            0x00000000   Number         0  stubs.o ABSOLUTE
    _printf_fp_dec                           0x00000000   Number         0  stubs.o ABSOLUTE
    _printf_fp_hex                           0x00000000   Number         0  stubs.o ABSOLUTE
    _printf_g                                0x00000000   Number         0  stubs.o ABSOLUTE
    _printf_i                                0x00000000   Number         0  stubs.o ABSOLUTE
    _printf_int_dec                          0x00000000   Number         0  stubs.o ABSOLUTE
    _printf_l                                0x00000000   Number         0  stubs.o ABSOLUTE
    _printf_lc                               0x00000000   Number         0  stubs.o ABSOLUTE
    _printf_ll                               0x00000000   Number         0  stubs.o ABSOLUTE
    _printf_lld                              0x00000000   Number         0  stubs.o ABSOLUTE
    _printf_lli                              0x00000000   Number         0  stubs.o ABSOLUTE
    _printf_llo                              0x00000000   Number         0  stubs.o ABSOLUTE
    _printf_llu                              0x00000000   Number         0  stubs.o ABSOLUTE
    _printf_llx                              0x00000000   Number         0  stubs.o ABSOLUTE
    _printf_longlong_dec                     0x00000000   Number         0  stubs.o ABSOLUTE
    _printf_longlong_hex                     0x00000000   Number         0  stubs.o ABSOLUTE
    _printf_longlong_oct                     0x00000000   Number         0  stubs.o ABSOLUTE
    _printf_ls                               0x00000000   Number         0  stubs.o ABSOLUTE
    _printf_mbtowc                           0x00000000   Number         0  stubs.o ABSOLUTE
    _printf_n                                0x00000000   Number         0  stubs.o ABSOLUTE
    _printf_o                                0x00000000   Number         0  stubs.o ABSOLUTE
    _printf_p                                0x00000000   Number         0  stubs.o ABSOLUTE
    _printf_percent                          0x00000000   Number         0  stubs.o ABSOLUTE
    _printf_pre_padding                      0x00000000   Number         0  stubs.o ABSOLUTE
    _printf_return_value                     0x00000000   Number         0  stubs.o ABSOLUTE
    _printf_s                                0x00000000   Number         0  stubs.o ABSOLUTE
    _printf_sizespec                         0x00000000   Number         0  stubs.o ABSOLUTE
    _printf_str                              0x00000000   Number         0  stubs.o ABSOLUTE
    _printf_truncate_signed                  0x00000000   Number         0  stubs.o ABSOLUTE
    _printf_truncate_unsigned                0x00000000   Number         0  stubs.o ABSOLUTE
    _printf_u                                0x00000000   Number         0  stubs.o ABSOLUTE
    _printf_wc                               0x00000000   Number         0  stubs.o ABSOLUTE
    _printf_wctomb                           0x00000000   Number         0  stubs.o ABSOLUTE
    _printf_widthprec                        0x00000000   Number         0  stubs.o ABSOLUTE
    _printf_x                                0x00000000   Number         0  stubs.o ABSOLUTE
    __cpp_initialize__aeabi_                  - Undefined Weak Reference
    __cxa_finalize                            - Undefined Weak Reference
    _clock_init                               - Undefined Weak Reference
    _microlib_exit                            - Undefined Weak Reference
    _scanf_longlong                           - Undefined Weak Reference
    _scanf_real                               - Undefined Weak Reference
    _BootVectors                             0x08000000   Data           0  los_startup_keil.o(RESET)
    Reset_Handler                            0x08000009   Thumb Code     0  los_startup_keil.o(RESET)
    __main                                   0x0800002d   Thumb Code     0  entry.o(.ARM.Collect$$$$00000000)
    _main_stk                                0x0800002d   Thumb Code     0  entry3.o(.ARM.Collect$$$$00000002)
    _main_scatterload                        0x08000031   Thumb Code     0  entry5.o(.ARM.Collect$$$$00000004)
    __main_after_scatterload                 0x08000035   Thumb Code     0  entry5.o(.ARM.Collect$$$$00000004)
    _main_clock                              0x08000035   Thumb Code     0  entry7b.o(.ARM.Collect$$$$00000008)
    _main_cpp_init                           0x08000035   Thumb Code     0  entry8b.o(.ARM.Collect$$$$0000000A)
    _main_init                               0x08000035   Thumb Code     0  entry9a.o(.ARM.Collect$$$$0000000B)
    __rt_final_cpp                           0x0800003d   Thumb Code     0  entry10a.o(.ARM.Collect$$$$0000000D)
    __rt_final_exit                          0x0800003d   Thumb Code     0  entry11a.o(.ARM.Collect$$$$0000000F)
    LOS_StartToRun                           0x08000041   Thumb Code     0  los_dispatch_keil.o(.text)
    LOS_IntLock                              0x0800008d   Thumb Code     0  los_dispatch_keil.o(.text)
    LOS_IntUnLock                            0x08000095   Thumb Code     0  los_dispatch_keil.o(.text)
    LOS_IntRestore                           0x0800009d   Thumb Code     0  los_dispatch_keil.o(.text)
    osTaskSchedule                           0x080000a3   Thumb Code     0  los_dispatch_keil.o(.text)
    PendSV_Handler                           0x080000ad   Thumb Code     0  los_dispatch_keil.o(.text)
    __aeabi_uldivmod                         0x08000143   Thumb Code    98  uldiv.o(.text)
    toupper                                  0x080001ab   Thumb Code    12  toupper.o(.text)
    __aeabi_memcpy                           0x080001b7   Thumb Code    36  memcpya.o(.text)
    __aeabi_memcpy4                          0x080001b7   Thumb Code     0  memcpya.o(.text)
    __aeabi_memcpy8                          0x080001b7   Thumb Code     0  memcpya.o(.text)
    __aeabi_memset                           0x080001db   Thumb Code    14  memseta.o(.text)
    __aeabi_memset4                          0x080001db   Thumb Code     0  memseta.o(.text)
    __aeabi_memset8                          0x080001db   Thumb Code     0  memseta.o(.text)
    __aeabi_memclr                           0x080001e9   Thumb Code     4  memseta.o(.text)
    __aeabi_memclr4                          0x080001e9   Thumb Code     0  memseta.o(.text)
    __aeabi_memclr8                          0x080001e9   Thumb Code     0  memseta.o(.text)
    _memset$wrapper                          0x080001ed   Thumb Code    18  memseta.o(.text)
    strstr                                   0x080001ff   Thumb Code    36  strstr.o(.text)
    strlen                                   0x08000223   Thumb Code    14  strlen.o(.text)
    strcmp                                   0x08000231   Thumb Code    28  strcmp.o(.text)
    __0sscanf                                0x0800024d   Thumb Code    48  __0sscanf.o(.text)
    _scanf_int                               0x08000285   Thumb Code   332  _scanf_int.o(.text)
    _scanf_string                            0x080003d7   Thumb Code   224  _scanf_str.o(.text)
    __aeabi_llsl                             0x080004bd   Thumb Code    30  llshl.o(.text)
    _ll_shift_l                              0x080004bd   Thumb Code     0  llshl.o(.text)
    __aeabi_llsr                             0x080004db   Thumb Code    32  llushr.o(.text)
    _ll_ushift_r                             0x080004db   Thumb Code     0  llushr.o(.text)
    _chval                                   0x080004fb   Thumb Code    28  _chval.o(.text)
    __vfscanf_char                           0x08000525   Thumb Code    20  scanf_char.o(.text)
    _sgetc                                   0x08000541   Thumb Code    30  _sgetc.o(.text)
    _sbackspace                              0x0800055f   Thumb Code    34  _sgetc.o(.text)
    __scatterload                            0x08000581   Thumb Code    28  init.o(.text)
    __scatterload_rt2                        0x08000581   Thumb Code     0  init.o(.text)
    isspace                                  0x080005a5   Thumb Code    10  isspace_c.o(.text)
    __vfscanf                                0x080005b1   Thumb Code   808  _scanf.o(.text)
    __ctype_lookup                           0x080008e5   Thumb Code    34  ctype_c.o(.text)
    __decompress                             0x0800090d   Thumb Code     0  __dczerorl2.o(.text)
    __decompress1                            0x0800090d   Thumb Code    86  __dczerorl2.o(.text)
    ADC_Enable                               0x08000965   Thumb Code   138  stm32l4xx_hal_adc.o(i.ADC_Enable)
    EXTI0_IRQHandler                         0x080009fd   Thumb Code     6  stm32l4xx_it.o(i.EXTI0_IRQHandler)
    EXTI1_IRQHandler                         0x08000a03   Thumb Code     6  stm32l4xx_it.o(i.EXTI1_IRQHandler)
    HAL_ADC_ConfigChannel                    0x08000a09   Thumb Code   984  stm32l4xx_hal_adc.o(i.HAL_ADC_ConfigChannel)
    HAL_ADC_GetValue                         0x08000e09   Thumb Code     6  stm32l4xx_hal_adc.o(i.HAL_ADC_GetValue)
    HAL_ADC_Init                             0x08000e11   Thumb Code   384  stm32l4xx_hal_adc.o(i.HAL_ADC_Init)
    HAL_ADC_MspInit                          0x08000fad   Thumb Code    56  adc.o(i.HAL_ADC_MspInit)
    HAL_ADC_PollForConversion                0x08000fed   Thumb Code   164  stm32l4xx_hal_adc.o(i.HAL_ADC_PollForConversion)
    HAL_ADC_Start                            0x08001091   Thumb Code   138  stm32l4xx_hal_adc.o(i.HAL_ADC_Start)
    HAL_Delay                                0x08001121   Thumb Code    28  stm32l4xx_hal.o(i.HAL_Delay)
    HAL_GPIO_EXTI_Callback                   0x0800113d   Thumb Code     2  stm32l4xx_hal_gpio.o(i.HAL_GPIO_EXTI_Callback)
    HAL_GPIO_EXTI_IRQHandler                 0x08001141   Thumb Code    18  stm32l4xx_hal_gpio.o(i.HAL_GPIO_EXTI_IRQHandler)
    HAL_GPIO_Init                            0x08001159   Thumb Code   364  stm32l4xx_hal_gpio.o(i.HAL_GPIO_Init)
    HAL_GPIO_WritePin                        0x080012e7   Thumb Code    10  stm32l4xx_hal_gpio.o(i.HAL_GPIO_WritePin)
    HAL_GetTick                              0x080012f1   Thumb Code     8  sys_init.o(i.HAL_GetTick)
    HAL_Init                                 0x080012f9   Thumb Code    22  stm32l4xx_hal.o(i.HAL_Init)
    HAL_InitTick                             0x08001311   Thumb Code    34  stm32l4xx_hal.o(i.HAL_InitTick)
    HAL_MspInit                              0x08001339   Thumb Code   122  stm32l4xx_hal_msp.o(i.HAL_MspInit)
    HAL_NVIC_EnableIRQ                       0x080013b9   Thumb Code    22  stm32l4xx_hal_cortex.o(i.HAL_NVIC_EnableIRQ)
    HAL_NVIC_SetPriority                     0x080013d1   Thumb Code    60  stm32l4xx_hal_cortex.o(i.HAL_NVIC_SetPriority)
    HAL_NVIC_SetPriorityGrouping             0x08001411   Thumb Code    26  stm32l4xx_hal_cortex.o(i.HAL_NVIC_SetPriorityGrouping)
    HAL_PWREx_ControlVoltageScaling          0x08001435   Thumb Code    86  stm32l4xx_hal_pwr_ex.o(i.HAL_PWREx_ControlVoltageScaling)
    HAL_PWREx_GetVoltageRange                0x08001499   Thumb Code    10  stm32l4xx_hal_pwr_ex.o(i.HAL_PWREx_GetVoltageRange)
    HAL_RCCEx_PeriphCLKConfig                0x080014a9   Thumb Code   682  stm32l4xx_hal_rcc_ex.o(i.HAL_RCCEx_PeriphCLKConfig)
    HAL_RCC_ClockConfig                      0x08001765   Thumb Code   260  stm32l4xx_hal_rcc.o(i.HAL_RCC_ClockConfig)
    HAL_RCC_GetPCLK1Freq                     0x08001879   Thumb Code    20  stm32l4xx_hal_rcc.o(i.HAL_RCC_GetPCLK1Freq)
    HAL_RCC_GetPCLK2Freq                     0x08001899   Thumb Code    20  stm32l4xx_hal_rcc.o(i.HAL_RCC_GetPCLK2Freq)
    HAL_RCC_GetSysClockFreq                  0x080018b9   Thumb Code   182  stm32l4xx_hal_rcc.o(i.HAL_RCC_GetSysClockFreq)
    HAL_RCC_OscConfig                        0x0800197d   Thumb Code  1198  stm32l4xx_hal_rcc.o(i.HAL_RCC_OscConfig)
    HAL_SYSTICK_Config                       0x08001e31   Thumb Code    40  stm32l4xx_hal_cortex.o(i.HAL_SYSTICK_Config)
    HAL_UART_Init                            0x08001e59   Thumb Code   106  stm32l4xx_hal_uart.o(i.HAL_UART_Init)
    HAL_UART_MspInit                         0x08001ec5   Thumb Code   192  usart.o(i.HAL_UART_MspInit)
    HAL_UART_Transmit                        0x08001f99   Thumb Code   176  stm32l4xx_hal_uart.o(i.HAL_UART_Transmit)
    HardWare_Init                            0x08002049   Thumb Code    36  main.o(i.HardWare_Init)
    HexStrToStr                              0x080020a1   Thumb Code    82  bc95.o(i.HexStrToStr)
    IIC_Start                                0x080020f5   Thumb Code    52  oled.o(i.IIC_Start)
    IIC_Stop                                 0x0800212d   Thumb Code    42  oled.o(i.IIC_Stop)
    IIC_Wait_Ack                             0x0800215d   Thumb Code    30  oled.o(i.IIC_Wait_Ack)
    LOS_Align                                0x080021eb   Thumb Code    20  los_misc.o(i.LOS_Align)
    LOS_ErrHandle                            0x08002201   Thumb Code    22  los_err.o(i.LOS_ErrHandle)
    LOS_HwiCreate                            0x0800221d   Thumb Code   138  los_hwi.o(i.LOS_HwiCreate)
    LOS_KernelInit                           0x080022bd   Thumb Code   136  los_init.o(i.LOS_KernelInit)
    LOS_MemAlloc                             0x08002403   Thumb Code    40  los_memory.o(i.LOS_MemAlloc)
    LOS_MemAllocAlign                        0x0800242b   Thumb Code     4  los_memory.o(i.LOS_MemAllocAlign)
    LOS_MemFree                              0x0800242f   Thumb Code    38  los_memory.o(i.LOS_MemFree)
    LOS_MemInit                              0x08002455   Thumb Code   160  los_memory.o(i.LOS_MemInit)
    LOS_MuxCreate                            0x08002539   Thumb Code   102  los_mux.o(i.LOS_MuxCreate)
    LOS_MuxDelete                            0x080025c1   Thumb Code   118  los_mux.o(i.LOS_MuxDelete)
    LOS_MuxPend                              0x08002659   Thumb Code   250  los_mux.o(i.LOS_MuxPend)
    LOS_MuxPost                              0x080027ad   Thumb Code   156  los_mux.o(i.LOS_MuxPost)
    LOS_QueueCreate                          0x0800286d   Thumb Code   182  los_queue.o(i.LOS_QueueCreate)
    LOS_QueueDelete                          0x08002931   Thumb Code   138  los_queue.o(i.LOS_QueueDelete)
    LOS_QueueReadCopy                        0x080029c9   Thumb Code    34  los_queue.o(i.LOS_QueueReadCopy)
    LOS_QueueWriteCopy                       0x080029eb   Thumb Code    38  los_queue.o(i.LOS_QueueWriteCopy)
    LOS_Schedule                             0x08002a11   Thumb Code    54  los_hw.o(i.LOS_Schedule)
    LOS_SemCreate                            0x08002a51   Thumb Code    10  los_sem.o(i.LOS_SemCreate)
    LOS_SemDelete                            0x08002a5d   Thumb Code   110  los_sem.o(i.LOS_SemDelete)
    LOS_SemPend                              0x08002aed   Thumb Code   208  los_sem.o(i.LOS_SemPend)
    LOS_SemPost                              0x08002c39   Thumb Code   140  los_sem.o(i.LOS_SemPost)
    LOS_Start                                0x08002ce5   Thumb Code    32  los_init.o(i.LOS_Start)
    LOS_TaskCreate                           0x08002d21   Thumb Code   106  los_task.o(i.LOS_TaskCreate)
    LOS_TaskCreateOnly                       0x08002d91   Thumb Code   322  los_task.o(i.LOS_TaskCreateOnly)
    LOS_TaskDelay                            0x08002ef5   Thumb Code    94  los_task.o(i.LOS_TaskDelay)
    LOS_TaskDelete                           0x08002f65   Thumb Code   300  los_task.o(i.LOS_TaskDelete)
    LOS_TaskNameGet                          0x0800309d   Thumb Code    52  los_task.o(i.LOS_TaskNameGet)
    LOS_TaskYield                            0x080030d5   Thumb Code   102  los_task.o(i.LOS_TaskYield)
    LOS_TickCountGet                         0x08003145   Thumb Code     8  los_sys.o(i.LOS_TickCountGet)
    MX_ADC1_Init                             0x08003151   Thumb Code   102  adc.o(i.MX_ADC1_Init)
    MX_GPIO_Init                             0x080031d5   Thumb Code   292  gpio.o(i.MX_GPIO_Init)
    MX_USART1_UART_Init                      0x08003309   Thumb Code    56  usart.o(i.MX_USART1_UART_Init)
    OC_cmd_match                             0x08003379   Thumb Code    18  nb_iot_cmd_ioctl.o(i.OC_cmd_match)
    OLED_Clear                               0x0800338b   Thumb Code    58  oled.o(i.OLED_Clear)
    OLED_Init                                0x080033c5   Thumb Code   200  oled.o(i.OLED_Init)
    OLED_Set_Pos                             0x0800348d   Thumb Code    42  oled.o(i.OLED_Set_Pos)
    OLED_ShowCHinese                         0x080034b9   Thumb Code    74  oled.o(i.OLED_ShowCHinese)
    OLED_ShowChar                            0x08003509   Thumb Code   128  oled.o(i.OLED_ShowChar)
    OLED_ShowNum                             0x08003591   Thumb Code   106  oled.o(i.OLED_ShowNum)
    OLED_ShowString                          0x08003601   Thumb Code    54  oled.o(i.OLED_ShowString)
    OLED_WR_Byte                             0x08003637   Thumb Code    12  oled.o(i.OLED_WR_Byte)
    SystemClock_Config                       0x080037ed   Thumb Code   152  sys_init.o(i.SystemClock_Config)
    SystemInit                               0x08003889   Thumb Code    56  system_stm32l4xx.o(i.SystemInit)
    UART_AdvFeatureConfig                    0x080038cd   Thumb Code   200  stm32l4xx_hal_uart.o(i.UART_AdvFeatureConfig)
    UART_CheckIdleState                      0x08003995   Thumb Code    92  stm32l4xx_hal_uart.o(i.UART_CheckIdleState)
    UART_SetConfig                           0x080039f1   Thumb Code   554  stm32l4xx_hal_uart.o(i.UART_SetConfig)
    UART_WaitOnFlagUntilTimeout              0x08003c45   Thumb Code   100  stm32l4xx_hal_uart.o(i.UART_WaitOnFlagUntilTimeout)
    Write_IIC_Byte                           0x08003ca9   Thumb Code    86  oled.o(i.Write_IIC_Byte)
    Write_IIC_Command                        0x08003d05   Thumb Code    46  oled.o(i.Write_IIC_Command)
    Write_IIC_Data                           0x08003d33   Thumb Code    46  oled.o(i.Write_IIC_Data)
    _Error_Handler                           0x08003d61   Thumb Code     2  sys_init.o(i._Error_Handler)
    __0printf$8                              0x08003d65   Thumb Code    22  printf8.o(i.__0printf$8)
    __1printf$8                              0x08003d65   Thumb Code     0  printf8.o(i.__0printf$8)
    __2printf                                0x08003d65   Thumb Code     0  printf8.o(i.__0printf$8)
    __0snprintf$8                            0x08003d85   Thumb Code    44  printf8.o(i.__0snprintf$8)
    __1snprintf$8                            0x08003d85   Thumb Code     0  printf8.o(i.__0snprintf$8)
    __2snprintf                              0x08003d85   Thumb Code     0  printf8.o(i.__0snprintf$8)
    __0sprintf$8                             0x08003db5   Thumb Code    34  printf8.o(i.__0sprintf$8)
    __1sprintf$8                             0x08003db5   Thumb Code     0  printf8.o(i.__0sprintf$8)
    __2sprintf                               0x08003db5   Thumb Code     0  printf8.o(i.__0sprintf$8)
    __scatterload_copy                       0x08003ddd   Thumb Code    14  handlers.o(i.__scatterload_copy)
    __scatterload_null                       0x08003deb   Thumb Code     2  handlers.o(i.__scatterload_null)
    __scatterload_zeroinit                   0x08003ded   Thumb Code    14  handlers.o(i.__scatterload_zeroinit)
    at_cmd                                   0x08004285   Thumb Code    48  at_main.o(i.at_cmd)
    at_cmd_multi_suffix                      0x080042b5   Thumb Code   222  at_main.o(i.at_cmd_multi_suffix)
    at_deinit                                0x080043c9   Thumb Code   110  at_main.o(i.at_deinit)
    at_free                                  0x08004499   Thumb Code    10  at_main.o(i.at_free)
    at_get_config                            0x080044a9   Thumb Code     4  at_main.o(i.at_get_config)
    at_get_time                              0x080044f5   Thumb Code    16  at_main.o(i.at_get_time)
    at_get_unuse_linkid                      0x08004505   Thumb Code    52  at_main.o(i.at_get_unuse_linkid)
    at_init                                  0x080045ad   Thumb Code   176  at_main.o(i.at_init)
    at_init_oob                              0x08004771   Thumb Code    18  at_main.o(i.at_init_oob)
    at_irq_handler                           0x08004789   Thumb Code   110  at_hal.o(i.at_irq_handler)
    at_listener_list_add                     0x08004805   Thumb Code    26  at_main.o(i.at_listener_list_add)
    at_listner_list_del                      0x08004825   Thumb Code    34  at_main.o(i.at_listner_list_del)
    at_listner_list_destroy                  0x0800484d   Thumb Code    28  at_main.o(i.at_listner_list_destroy)
    at_malloc                                0x08004869   Thumb Code    28  at_main.o(i.at_malloc)
    at_oob_register                          0x08004889   Thumb Code    76  at_main.o(i.at_oob_register)
    at_recv_task                             0x080048d9   Thumb Code   198  at_main.o(i.at_recv_task)
    at_struct_deinit                         0x08004abd   Thumb Code   232  at_main.o(i.at_struct_deinit)
    at_struct_init                           0x08004c4d   Thumb Code   428  at_main.o(i.at_struct_init)
    at_transmit                              0x08004fa9   Thumb Code    64  at_hal.o(i.at_transmit)
    at_usart_deinit                          0x08004fed   Thumb Code    34  at_hal.o(i.at_usart_deinit)
    at_usart_init                            0x08005015   Thumb Code   132  at_hal.o(i.at_usart_init)
    at_write                                 0x080050c1   Thumb Code   206  at_main.o(i.at_write)
    cloud_cmd_matching                       0x080051a1   Thumb Code    74  at_main.o(i.cloud_cmd_matching)
    creat_data_collection_task               0x080051f1   Thumb Code    36  nb_iot_demo.o(i.creat_data_collection_task)
    creat_data_report_task                   0x08005231   Thumb Code    36  nb_iot_demo.o(i.creat_data_report_task)
    creat_main_task                          0x0800526d   Thumb Code    36  main.o(i.creat_main_task)
    create_at_recv_task                      0x080052a5   Thumb Code    36  at_main.o(i.create_at_recv_task)
    data_collection_task                     0x080052e1   Thumb Code   126  nb_iot_demo.o(i.data_collection_task)
    data_report_task                         0x080053f5   Thumb Code    40  nb_iot_demo.o(i.data_report_task)
    dwt_delay_init                           0x08005451   Thumb Code    30  dwt.o(i.dwt_delay_init)
    fputc                                    0x0800547d   Thumb Code    20  usart.o(i.fputc)
    los_nb_init                              0x08005495   Thumb Code   126  los_nb_api.o(i.los_nb_init)
    los_nb_notify                            0x0800553d   Thumb Code    30  los_nb_api.o(i.los_nb_notify)
    los_nb_report                            0x08005561   Thumb Code    16  los_nb_api.o(i.los_nb_report)
    main                                     0x08005571   Thumb Code    30  main.o(i.main)
    main_task                                0x08005591   Thumb Code    98  main.o(i.main_task)
    nb_check_csq                             0x08005709   Thumb Code    30  bc95.o(i.nb_check_csq)
    nb_cmd_data_ioctl                        0x0800573d   Thumb Code   164  nb_iot_cmd_ioctl.o(i.nb_cmd_data_ioctl)
    nb_get_csq                               0x08005841   Thumb Code    76  bc95.o(i.nb_get_csq)
    nb_get_netstat                           0x080058b1   Thumb Code    30  bc95.o(i.nb_get_netstat)
    nb_hw_detect                             0x080058e9   Thumb Code    22  bc95.o(i.nb_hw_detect)
    nb_iot_entry                             0x08005919   Thumb Code    20  nb_iot_demo.o(i.nb_iot_entry)
    nb_query_ip                              0x0800592d   Thumb Code    30  bc95.o(i.nb_query_ip)
    nb_reboot                                0x08005969   Thumb Code    22  bc95.o(i.nb_reboot)
    nb_send_payload                          0x08005991   Thumb Code   210  bc95.o(i.nb_send_payload)
    nb_send_psk                              0x08005add   Thumb Code    94  bc95.o(i.nb_send_psk)
    nb_set_cdpserver                         0x08005b79   Thumb Code   216  bc95.o(i.nb_set_cdpserver)
    nb_set_no_encrypt                        0x08005ca1   Thumb Code    30  bc95.o(i.nb_set_no_encrypt)
    oled_pow                                 0x08005cd9   Thumb Code    16  oled.o(i.oled_pow)
    osAlarmHeapInfo                          0x08005ce9   Thumb Code    26  los_heap.o(i.osAlarmHeapInfo)
    osAtomicBitsetClearBit                   0x08005d03   Thumb Code    30  los_slab.o(i.osAtomicBitsetClearBit)
    osAtomicBitsetFindClearAndSet            0x08005d21   Thumb Code    66  los_slab.o(i.osAtomicBitsetFindClearAndSet)
    osAtomicBitsetGetBit                     0x08005d63   Thumb Code    34  los_slab.o(i.osAtomicBitsetGetBit)
    osAtomicBitsetInit                       0x08005d85   Thumb Code    44  los_slab.o(i.osAtomicBitsetInit)
    osHeapAlloc                              0x08005db1   Thumb Code   228  los_heap.o(i.osHeapAlloc)
    osHeapAllocAlign                         0x08005ed1   Thumb Code    58  los_heap.o(i.osHeapAllocAlign)
    osHeapFree                               0x08005f0d   Thumb Code   226  los_heap.o(i.osHeapFree)
    osHeapInit                               0x08006011   Thumb Code    58  los_heap.o(i.osHeapInit)
    osHeapPrvGetNext                         0x0800604b   Thumb Code    22  los_heap.o(i.osHeapPrvGetNext)
    osHeapStatisticsGet                      0x08006061   Thumb Code    66  los_heap.o(i.osHeapStatisticsGet)
    osHwiDefaultHandler                      0x080060a9   Thumb Code    22  los_hwi.o(i.osHwiDefaultHandler)
    osHwiInit                                0x080060dd   Thumb Code    44  los_hwi.o(i.osHwiInit)
    osIdleTask                               0x08006119   Thumb Code     2  los_task.o(i.osIdleTask)
    osIdleTaskCreate                         0x0800611d   Thumb Code    44  los_task.o(i.osIdleTaskCreate)
    osInterrupt                              0x0800615d   Thumb Code    50  los_hwi.o(i.osInterrupt)
    osMemSystemInit                          0x08006199   Thumb Code    16  los_memory.o(i.osMemSystemInit)
    osMuxInit                                0x080061b1   Thumb Code    74  los_mux.o(i.osMuxInit)
    osPriqueueDequeue                        0x08006209   Thumb Code    50  los_priqueue.o(i.osPriqueueDequeue)
    osPriqueueEnqueue                        0x08006241   Thumb Code    44  los_priqueue.o(i.osPriqueueEnqueue)
    osPriqueueInit                           0x08006271   Thumb Code    42  los_priqueue.o(i.osPriqueueInit)
    osPriqueueSize                           0x080062a5   Thumb Code    30  los_priqueue.o(i.osPriqueueSize)
    osPriqueueTop                            0x080062c9   Thumb Code    24  los_priqueue.o(i.osPriqueueTop)
    osQueueInit                              0x080063b5   Thumb Code    80  los_queue.o(i.osQueueInit)
    osQueueOperate                           0x08006411   Thumb Code   342  los_queue.o(i.osQueueOperate)
    osSchedule                               0x080065ed   Thumb Code     4  los_hw.o(i.osSchedule)
    osSemCreate                              0x080065f1   Thumb Code   124  los_sem.o(i.osSemCreate)
    osSemInit                                0x0800668d   Thumb Code    72  los_sem.o(i.osSemInit)
    osSlabAllocatorAlloc                     0x080066e1   Thumb Code    28  los_slab.o(i.osSlabAllocatorAlloc)
    osSlabAllocatorFree                      0x080066fd   Thumb Code    56  los_slab.o(i.osSlabAllocatorFree)
    osSlabAllocatorNew                       0x08006735   Thumb Code    70  los_slab.o(i.osSlabAllocatorNew)
    osSlabBlockHeadFill                      0x0800677b   Thumb Code    20  los_slabmem.o(i.osSlabBlockHeadFill)
    osSlabCtrlHdrGet                         0x0800678f   Thumb Code     4  los_memory.o(i.osSlabCtrlHdrGet)
    osSlabMemAlloc                           0x08006793   Thumb Code    98  los_slabmem.o(i.osSlabMemAlloc)
    osSlabMemFree                            0x080067f5   Thumb Code    94  los_slabmem.o(i.osSlabMemFree)
    osSlabMemInit                            0x08006855   Thumb Code    82  los_slabmem.o(i.osSlabMemInit)
    osSwTmrInit                              0x080068ad   Thumb Code   112  los_swtmr.o(i.osSwTmrInit)
    osSwTmrStart                             0x0800692d   Thumb Code   382  los_swtmr.o(i.osSwTmrStart)
    osSwTmrTask                              0x08006abd   Thumb Code    56  los_swtmr.o(i.osSwTmrTask)
    osSwTmrTaskCreate                        0x08006af9   Thumb Code    44  los_swtmr.o(i.osSwTmrTaskCreate)
    osSwtmrScan                              0x08006bc5   Thumb Code    24  los_swtmr.o(i.osSwtmrScan)
    osTaskAdd2TimerList                      0x08006be1   Thumb Code   126  los_task.o(i.osTaskAdd2TimerList)
    osTaskEntry                              0x08006c65   Thumb Code    38  los_task.o(i.osTaskEntry)
    osTaskExit                               0x08006c91   Thumb Code     4  los_hw.o(i.osTaskExit)
    osTaskInit                               0x08006c95   Thumb Code   200  los_task.o(i.osTaskInit)
    osTaskMonInit                            0x08006d69   Thumb Code    30  los_task.o(i.osTaskMonInit)
    osTaskPriModify                          0x08006d95   Thumb Code    48  los_task.o(i.osTaskPriModify)
    osTaskScan                               0x08006dc5   Thumb Code   174  los_task.o(i.osTaskScan)
    osTaskSwitchCheck                        0x08006e79   Thumb Code   170  los_task.o(i.osTaskSwitchCheck)
    osTaskWait                               0x08006fb5   Thumb Code    70  los_task.o(i.osTaskWait)
    osTaskWake                               0x08007001   Thumb Code    64  los_task.o(i.osTaskWake)
    osTickHandler                            0x08007041   Thumb Code    34  los_tick.o(i.osTickHandler)
    osTickStart                              0x08007069   Thumb Code    98  los_hw_tick.o(i.osTickStart)
    osTimerListDelete                        0x080070f5   Thumb Code    48  los_task.o(i.osTimerListDelete)
    osTimesliceCheck                         0x08007129   Thumb Code    44  los_timeslice.o(i.osTimesliceCheck)
    osTimesliceInit                          0x08007161   Thumb Code    12  los_timeslice.o(i.osTimesliceInit)
    osTskStackInit                           0x08007171   Thumb Code   124  los_hw.o(i.osTskStackInit)
    read_resp                                0x080071f5   Thumb Code   184  at_hal.o(i.read_resp)
    store_resp_buf                           0x080072ef   Thumb Code    22  at_main.o(i.store_resp_buf)
    str_to_hex                               0x08007305   Thumb Code    52  bc95.o(i.str_to_hex)
    user_hw_init                             0x08007341   Thumb Code   116  main.o(i.user_hw_init)
    write_at_task_msg                        0x080073c5   Thumb Code    38  at_hal.o(i.write_at_task_msg)
    AHBPrescTable                            0x08007400   Data          16  system_stm32l4xx.o(.constdata)
    MSIRangeTable                            0x08007410   Data          48  system_stm32l4xx.o(.constdata)
    APBPrescTable                            0x08007440   Data           8  system_stm32l4xx.o(.constdata)
    F6x8                                     0x0800745c   Data         552  oled.o(.constdata)
    F8X16                                    0x08007684   Data        1520  oled.o(.constdata)
    __ctype_categories                       0x08007e06   Data          64  ctype_c.o(.constdata)
    __LOS_HEAP_ADDR_START__                  0x08007eec   Data           0  los_startup_keil.o(LOS_HEAP_INFO)
    __LOS_HEAP_ADDR_END__                    0x08007ef0   Data           0  los_startup_keil.o(LOS_HEAP_INFO)
    Region$$Table$$Base                      0x08007ef4   Number         0  anon$$obj.o(Region$$Table)
    Region$$Table$$Limit                     0x08007f24   Number         0  anon$$obj.o(Region$$Table)
    m_pstHwiForm                             0x20000000   Data        1024  los_hwi.o(.data.vector)
    g_TskHandle                              0x20000400   Data           4  main.o(.data)
    buff_full                                0x20000404   Data           1  at_hal.o(.data)
    wi                                       0x20000414   Data           4  at_hal.o(.data)
    wi_bak                                   0x20000418   Data           4  at_hal.o(.data)
    ri                                       0x2000041c   Data           4  at_hal.o(.data)
    SystemCoreClock                          0x20000424   Data           4  system_stm32l4xx.o(.data)
    g_pstLosPriorityQueueList                0x2000042c   Data           4  los_priqueue.o(.data)
    m_uwSwTmrHandlerQueue                    0x2000043c   Data           4  los_swtmr.o(.data)
    m_pstSwtmrCBArray                        0x20000440   Data           4  los_swtmr.o(.data)
    m_pstSwtmrFreeList                       0x20000444   Data           4  los_swtmr.o(.data)
    m_pstSwtmrSortList                       0x20000448   Data           4  los_swtmr.o(.data)
    g_usLosTaskLock                          0x2000044c   Data           2  los_task.o(.data)
    g_pfnTskSwitchHook                       0x20000450   Data           4  los_task.o(.data)
    g_pfnUsrTskSwitchHook                    0x20000454   Data           4  los_task.o(.data)
    g_pstTaskCBArray                         0x20000458   Data           4  los_task.o(.data)
    g_uwTskMaxNum                            0x2000045c   Data           4  los_task.o(.data)
    g_uwIdleTaskID                           0x20000460   Data           4  los_task.o(.data)
    g_uwSwtmrTaskID                          0x20000464   Data           4  los_task.o(.data)
    g_bTaskScheduled                         0x20000468   Data           4  los_task.o(.data)
    g_stLosTask                              0x2000046c   Data           8  los_task.o(.data)
    g_stTaskTimerList                        0x20000474   Data           8  los_task.o(.data)
    g_stLosFreeTask                          0x2000047c   Data           8  los_task.o(.data)
    g_stTskRecyleList                        0x20000484   Data           8  los_task.o(.data)
    g_stTskSortLink                          0x2000048c   Data           8  los_task.o(.data)
    g_bSysTickStart                          0x20000494   Data           4  los_tick.o(.data)
    g_uwSysClock                             0x20000498   Data           4  los_tick.o(.data)
    g_ullTickCount                           0x200004a0   Data           8  los_tick.o(.data)
    g_uwCyclesPerTick                        0x200004a8   Data           4  los_tick.o(.data)
    g_stTaskTimeSlice                        0x200004ac   Data           8  los_timeslice.o(.data)
    g_pstAllMux                              0x200004b4   Data           4  los_mux.o(.data)
    g_stUnusedMuxList                        0x200004b8   Data           8  los_mux.o(.data)
    g_pstAllQueue                            0x200004c0   Data           4  los_queue.o(.data)
    g_stFreeQueueList                        0x200004c4   Data           8  los_queue.o(.data)
    g_pstAllSem                              0x200004cc   Data           4  los_sem.o(.data)
    g_stUnusedSemList                        0x200004d0   Data           8  los_sem.o(.data)
    g_pPoolHead                              0x200004e8   Data           4  los_memory.o(.data)
    g_stUserErrFunc                          0x200004ec   Data           4  los_err.o(.data)
    m_aucSysMem0                             0x200004f0   Data           4  los_init.o(.data)
    g_vuwIntCount                            0x200004f4   Data           4  los_hwi.o(.data)
    Hzk                                      0x200004f8   Data         384  oled.o(.data)
    at                                       0x20000680   Data          96  at_main.o(.data)
    __stdout                                 0x200006e0   Data           4  stdout.o(.data)
    hadc1                                    0x200006e4   Data         104  adc.o(.bss)
    huart1                                   0x2000074c   Data         120  usart.o(.bss)
    huart2                                   0x200007c4   Data         120  usart.o(.bss)
    huart3                                   0x2000083c   Data         120  usart.o(.bss)
    at_usart                                 0x200008b4   Data         120  at_hal.o(.bss)
    m_uwSwTmrAlignID                         0x2000092c   Data          64  los_swtmr.o(.bss)
    g_astTskSwitchInfo                       0x2000096c   Data         342  los_task.o(.bss)
    m_pstHwiSlaveForm                        0x20000ac4   Data        1024  los_hwi.o(.bss)
    tmpbuf                                   0x20000ec4   Data        1024  bc95.o(.bss)
    sockinfo                                 0x200012c4   Data         220  bc95.o(.bss)
    rbuf                                     0x200013ac   Data        1024  at_main.o(.bss)
    wbuf                                     0x200017ac   Data        1024  at_main.o(.bss)
    at_oob                                   0x20001bd0   Data         304  at_main.o(.bss)
    bc95_net_data                            0x20001d00   Data          30  nb_iot_cmd_ioctl.o(.bss)
    SMOKE_send                               0x20001d1e   Data          10  nb_iot_demo.o(.bss)
    Image$$ARM_LIB_STACKHEAP$$ZI$$Base       0x2000fc00   Number         0  anon$$obj.o ABSOLUTE
    Image$$ARM_LIB_STACKHEAP$$ZI$$Limit      0x20010000   Number         0  anon$$obj.o ABSOLUTE



==============================================================================

Memory Map of the image

  Image Entry point : 0x0800002d

  Load Region LR_IROM1 (Base: 0x08000000, Size: 0x00008608, Max: 0x00040000, ABSOLUTE, COMPRESSED[0x0000801c])

    Execution Region ER_IROM1 (Exec base: 0x08000000, Load base: 0x08000000, Size: 0x00007f24, Max: 0x00040000, ABSOLUTE)

    Exec Addr    Load Addr    Size         Type   Attr      Idx    E Section Name        Object

    0x08000000   0x08000000   0x0000002c   Code   RO            4    RESET               los_startup_keil.o
    0x0800002c   0x0800002c   0x00000000   Code   RO         6407  * .ARM.Collect$$$$00000000  mc_w.l(entry.o)
    0x0800002c   0x0800002c   0x00000004   Code   RO         6705    .ARM.Collect$$$$00000002  mc_w.l(entry3.o)
    0x08000030   0x08000030   0x00000004   Code   RO         6708    .ARM.Collect$$$$00000004  mc_w.l(entry5.o)
    0x08000034   0x08000034   0x00000000   Code   RO         6710    .ARM.Collect$$$$00000008  mc_w.l(entry7b.o)
    0x08000034   0x08000034   0x00000000   Code   RO         6712    .ARM.Collect$$$$0000000A  mc_w.l(entry8b.o)
    0x08000034   0x08000034   0x00000008   Code   RO         6713    .ARM.Collect$$$$0000000B  mc_w.l(entry9a.o)
    0x0800003c   0x0800003c   0x00000000   Code   RO         6715    .ARM.Collect$$$$0000000D  mc_w.l(entry10a.o)
    0x0800003c   0x0800003c   0x00000000   Code   RO         6717    .ARM.Collect$$$$0000000F  mc_w.l(entry11a.o)
    0x0800003c   0x0800003c   0x00000004   Code   RO         6706    .ARM.Collect$$$$00002713  mc_w.l(entry3.o)
    0x08000040   0x08000040   0x00000102   Code   RO         5451    .text               los_dispatch_keil.o
    0x08000142   0x08000142   0x00000068   Code   RO         6410    .text               mc_w.l(uldiv.o)
    0x080001aa   0x080001aa   0x0000000c   Code   RO         6412    .text               mc_w.l(toupper.o)
    0x080001b6   0x080001b6   0x00000024   Code   RO         6414    .text               mc_w.l(memcpya.o)
    0x080001da   0x080001da   0x00000024   Code   RO         6416    .text               mc_w.l(memseta.o)
    0x080001fe   0x080001fe   0x00000024   Code   RO         6418    .text               mc_w.l(strstr.o)
    0x08000222   0x08000222   0x0000000e   Code   RO         6422    .text               mc_w.l(strlen.o)
    0x08000230   0x08000230   0x0000001c   Code   RO         6424    .text               mc_w.l(strcmp.o)
    0x0800024c   0x0800024c   0x00000038   Code   RO         6691    .text               mc_w.l(__0sscanf.o)
    0x08000284   0x08000284   0x00000152   Code   RO         6693    .text               mc_w.l(_scanf_int.o)
    0x080003d6   0x080003d6   0x000000e6   Code   RO         6695    .text               mc_w.l(_scanf_str.o)
    0x080004bc   0x080004bc   0x0000001e   Code   RO         6722    .text               mc_w.l(llshl.o)
    0x080004da   0x080004da   0x00000020   Code   RO         6724    .text               mc_w.l(llushr.o)
    0x080004fa   0x080004fa   0x0000001c   Code   RO         6726    .text               mc_w.l(_chval.o)
    0x08000516   0x08000516   0x00000002   PAD
    0x08000518   0x08000518   0x00000028   Code   RO         6728    .text               mc_w.l(scanf_char.o)
    0x08000540   0x08000540   0x00000040   Code   RO         6730    .text               mc_w.l(_sgetc.o)
    0x08000580   0x08000580   0x00000024   Code   RO         6741    .text               mc_w.l(init.o)
    0x080005a4   0x080005a4   0x0000000a   Code   RO         6745    .text               mc_w.l(isspace_c.o)
    0x080005ae   0x080005ae   0x00000002   PAD
    0x080005b0   0x080005b0   0x00000332   Code   RO         6747    .text               mc_w.l(_scanf.o)
    0x080008e2   0x080008e2   0x00000002   PAD
    0x080008e4   0x080008e4   0x00000028   Code   RO         6749    .text               mc_w.l(ctype_c.o)
    0x0800090c   0x0800090c   0x00000056   Code   RO         6760    .text               mc_w.l(__dczerorl2.o)
    0x08000962   0x08000962   0x00000002   PAD
    0x08000964   0x08000964   0x00000098   Code   RO          786    i.ADC_Enable        stm32l4xx_hal_adc.o
    0x080009fc   0x080009fc   0x00000006   Code   RO          497    i.EXTI0_IRQHandler  stm32l4xx_it.o
    0x08000a02   0x08000a02   0x00000006   Code   RO          498    i.EXTI1_IRQHandler  stm32l4xx_it.o
    0x08000a08   0x08000a08   0x00000400   Code   RO          788    i.HAL_ADC_ConfigChannel  stm32l4xx_hal_adc.o
    0x08000e08   0x08000e08   0x00000006   Code   RO          795    i.HAL_ADC_GetValue  stm32l4xx_hal_adc.o
    0x08000e0e   0x08000e0e   0x00000002   PAD
    0x08000e10   0x08000e10   0x0000019c   Code   RO          797    i.HAL_ADC_Init      stm32l4xx_hal_adc.o
    0x08000fac   0x08000fac   0x00000040   Code   RO          352    i.HAL_ADC_MspInit   adc.o
    0x08000fec   0x08000fec   0x000000a4   Code   RO          801    i.HAL_ADC_PollForConversion  stm32l4xx_hal_adc.o
    0x08001090   0x08001090   0x00000090   Code   RO          803    i.HAL_ADC_Start     stm32l4xx_hal_adc.o
    0x08001120   0x08001120   0x0000001c   Code   RO         2137    i.HAL_Delay         stm32l4xx_hal.o
    0x0800113c   0x0800113c   0x00000002   Code   RO         2821    i.HAL_GPIO_EXTI_Callback  stm32l4xx_hal_gpio.o
    0x0800113e   0x0800113e   0x00000002   PAD
    0x08001140   0x08001140   0x00000018   Code   RO         2822    i.HAL_GPIO_EXTI_IRQHandler  stm32l4xx_hal_gpio.o
    0x08001158   0x08001158   0x0000018e   Code   RO         2823    i.HAL_GPIO_Init     stm32l4xx_hal_gpio.o
    0x080012e6   0x080012e6   0x0000000a   Code   RO         2827    i.HAL_GPIO_WritePin  stm32l4xx_hal_gpio.o
    0x080012f0   0x080012f0   0x00000008   Code   RO          745    i.HAL_GetTick       sys_init.o
    0x080012f8   0x080012f8   0x00000016   Code   RO         2146    i.HAL_Init          stm32l4xx_hal.o
    0x0800130e   0x0800130e   0x00000002   PAD
    0x08001310   0x08001310   0x00000028   Code   RO         2147    i.HAL_InitTick      stm32l4xx_hal.o
    0x08001338   0x08001338   0x00000080   Code   RO          610    i.HAL_MspInit       stm32l4xx_hal_msp.o
    0x080013b8   0x080013b8   0x00000016   Code   RO         3304    i.HAL_NVIC_EnableIRQ  stm32l4xx_hal_cortex.o
    0x080013ce   0x080013ce   0x00000002   PAD
    0x080013d0   0x080013d0   0x00000040   Code   RO         3310    i.HAL_NVIC_SetPriority  stm32l4xx_hal_cortex.o
    0x08001410   0x08001410   0x00000024   Code   RO         3311    i.HAL_NVIC_SetPriorityGrouping  stm32l4xx_hal_cortex.o
    0x08001434   0x08001434   0x00000064   Code   RO         3114    i.HAL_PWREx_ControlVoltageScaling  stm32l4xx_hal_pwr_ex.o
    0x08001498   0x08001498   0x00000010   Code   RO         3137    i.HAL_PWREx_GetVoltageRange  stm32l4xx_hal_pwr_ex.o
    0x080014a8   0x080014a8   0x000002ba   Code   RO         2466    i.HAL_RCCEx_PeriphCLKConfig  stm32l4xx_hal_rcc_ex.o
    0x08001762   0x08001762   0x00000002   PAD
    0x08001764   0x08001764   0x00000114   Code   RO         2344    i.HAL_RCC_ClockConfig  stm32l4xx_hal_rcc.o
    0x08001878   0x08001878   0x00000020   Code   RO         2350    i.HAL_RCC_GetPCLK1Freq  stm32l4xx_hal_rcc.o
    0x08001898   0x08001898   0x00000020   Code   RO         2351    i.HAL_RCC_GetPCLK2Freq  stm32l4xx_hal_rcc.o
    0x080018b8   0x080018b8   0x000000c4   Code   RO         2352    i.HAL_RCC_GetSysClockFreq  stm32l4xx_hal_rcc.o
    0x0800197c   0x0800197c   0x000004b4   Code   RO         2355    i.HAL_RCC_OscConfig  stm32l4xx_hal_rcc.o
    0x08001e30   0x08001e30   0x00000028   Code   RO         3315    i.HAL_SYSTICK_Config  stm32l4xx_hal_cortex.o
    0x08001e58   0x08001e58   0x0000006a   Code   RO         1746    i.HAL_UART_Init     stm32l4xx_hal_uart.o
    0x08001ec2   0x08001ec2   0x00000002   PAD
    0x08001ec4   0x08001ec4   0x000000d4   Code   RO          436    i.HAL_UART_MspInit  usart.o
    0x08001f98   0x08001f98   0x000000b0   Code   RO         1754    i.HAL_UART_Transmit  stm32l4xx_hal_uart.o
    0x08002048   0x08002048   0x00000058   Code   RO           12    i.HardWare_Init     main.o
    0x080020a0   0x080020a0   0x00000052   Code   RO         5766    i.HexStrToStr       bc95.o
    0x080020f2   0x080020f2   0x00000002   PAD
    0x080020f4   0x080020f4   0x00000038   Code   RO         5622    i.IIC_Start         oled.o
    0x0800212c   0x0800212c   0x00000030   Code   RO         5623    i.IIC_Stop          oled.o
    0x0800215c   0x0800215c   0x00000024   Code   RO         5624    i.IIC_Wait_Ack      oled.o
    0x08002180   0x08002180   0x0000000c   Code   RO          810    i.LL_ADC_GetOffsetChannel  stm32l4xx_hal_adc.o
    0x0800218c   0x0800218c   0x00000008   Code   RO          811    i.LL_ADC_REG_IsConversionOngoing  stm32l4xx_hal_adc.o
    0x08002194   0x08002194   0x00000046   Code   RO          813    i.LL_ADC_SetChannelSamplingTime  stm32l4xx_hal_adc.o
    0x080021da   0x080021da   0x00000010   Code   RO          814    i.LL_ADC_SetOffsetState  stm32l4xx_hal_adc.o
    0x080021ea   0x080021ea   0x00000014   Code   RO         5311    i.LOS_Align         los_misc.o
    0x080021fe   0x080021fe   0x00000002   PAD
    0x08002200   0x08002200   0x0000001c   Code   RO         5341    i.LOS_ErrHandle     los_err.o
    0x0800221c   0x0800221c   0x000000a0   Code   RO         5551    i.LOS_HwiCreate     los_hwi.o
    0x080022bc   0x080022bc   0x000000f4   Code   RO         5374    i.LOS_KernelInit    los_init.o
    0x080023b0   0x080023b0   0x0000000e   Code   RO         4160    i.LOS_ListAdd       los_task.o
    0x080023be   0x080023be   0x0000000e   Code   RO         4596    i.LOS_ListAdd       los_mux.o
    0x080023cc   0x080023cc   0x0000000e   Code   RO         4661    i.LOS_ListAdd       los_queue.o
    0x080023da   0x080023da   0x0000000e   Code   RO         4784    i.LOS_ListAdd       los_sem.o
    0x080023e8   0x080023e8   0x00000014   Code   RO         4161    i.LOS_ListDelete    los_task.o
    0x080023fc   0x080023fc   0x00000006   Code   RO         4162    i.LOS_ListTailInsert  los_task.o
    0x08002402   0x08002402   0x00000028   Code   RO         4930    i.LOS_MemAlloc      los_memory.o
    0x0800242a   0x0800242a   0x00000004   Code   RO         4931    i.LOS_MemAllocAlign  los_memory.o
    0x0800242e   0x0800242e   0x00000026   Code   RO         4933    i.LOS_MemFree       los_memory.o
    0x08002454   0x08002454   0x000000e2   Code   RO         4935    i.LOS_MemInit       los_memory.o
    0x08002536   0x08002536   0x00000002   PAD
    0x08002538   0x08002538   0x00000088   Code   RO         4597    i.LOS_MuxCreate     los_mux.o
    0x080025c0   0x080025c0   0x00000098   Code   RO         4598    i.LOS_MuxDelete     los_mux.o
    0x08002658   0x08002658   0x00000154   Code   RO         4599    i.LOS_MuxPend       los_mux.o
    0x080027ac   0x080027ac   0x000000c0   Code   RO         4600    i.LOS_MuxPost       los_mux.o
    0x0800286c   0x0800286c   0x000000c4   Code   RO         4662    i.LOS_QueueCreate   los_queue.o
    0x08002930   0x08002930   0x00000098   Code   RO         4663    i.LOS_QueueDelete   los_queue.o
    0x080029c8   0x080029c8   0x00000022   Code   RO         4666    i.LOS_QueueReadCopy  los_queue.o
    0x080029ea   0x080029ea   0x00000026   Code   RO         4668    i.LOS_QueueWriteCopy  los_queue.o
    0x08002a10   0x08002a10   0x00000040   Code   RO         5457    i.LOS_Schedule      los_hw.o
    0x08002a50   0x08002a50   0x0000000a   Code   RO         4785    i.LOS_SemCreate     los_sem.o
    0x08002a5a   0x08002a5a   0x00000002   PAD
    0x08002a5c   0x08002a5c   0x00000090   Code   RO         4786    i.LOS_SemDelete     los_sem.o
    0x08002aec   0x08002aec   0x0000014c   Code   RO         4787    i.LOS_SemPend       los_sem.o
    0x08002c38   0x08002c38   0x000000ac   Code   RO         4788    i.LOS_SemPost       los_sem.o
    0x08002ce4   0x08002ce4   0x0000003c   Code   RO         5376    i.LOS_Start         los_init.o
    0x08002d20   0x08002d20   0x00000070   Code   RO         4165    i.LOS_TaskCreate    los_task.o
    0x08002d90   0x08002d90   0x00000162   Code   RO         4166    i.LOS_TaskCreateOnly  los_task.o
    0x08002ef2   0x08002ef2   0x00000002   PAD
    0x08002ef4   0x08002ef4   0x00000070   Code   RO         4167    i.LOS_TaskDelay     los_task.o
    0x08002f64   0x08002f64   0x00000138   Code   RO         4168    i.LOS_TaskDelete    los_task.o
    0x0800309c   0x0800309c   0x00000038   Code   RO         4173    i.LOS_TaskNameGet   los_task.o
    0x080030d4   0x080030d4   0x00000070   Code   RO         4181    i.LOS_TaskYield     los_task.o
    0x08003144   0x08003144   0x0000000c   Code   RO         4103    i.LOS_TickCountGet  los_sys.o
    0x08003150   0x08003150   0x00000084   Code   RO          353    i.MX_ADC1_Init      adc.o
    0x080031d4   0x080031d4   0x00000134   Code   RO          323    i.MX_GPIO_Init      gpio.o
    0x08003308   0x08003308   0x00000050   Code   RO          437    i.MX_USART1_UART_Init  usart.o
    0x08003358   0x08003358   0x00000020   Code   RO         3317    i.NVIC_SetPriority  stm32l4xx_hal_cortex.o
    0x08003378   0x08003378   0x00000012   Code   RO         6315    i.OC_cmd_match      nb_iot_cmd_ioctl.o
    0x0800338a   0x0800338a   0x0000003a   Code   RO         5625    i.OLED_Clear        oled.o
    0x080033c4   0x080033c4   0x000000c8   Code   RO         5629    i.OLED_Init         oled.o
    0x0800348c   0x0800348c   0x0000002a   Code   RO         5631    i.OLED_Set_Pos      oled.o
    0x080034b6   0x080034b6   0x00000002   PAD
    0x080034b8   0x080034b8   0x00000050   Code   RO         5632    i.OLED_ShowCHinese  oled.o
    0x08003508   0x08003508   0x00000088   Code   RO         5633    i.OLED_ShowChar     oled.o
    0x08003590   0x08003590   0x00000070   Code   RO         5634    i.OLED_ShowNum      oled.o
    0x08003600   0x08003600   0x00000036   Code   RO         5635    i.OLED_ShowString   oled.o
    0x08003636   0x08003636   0x0000000c   Code   RO         5636    i.OLED_WR_Byte      oled.o
    0x08003642   0x08003642   0x00000002   PAD
    0x08003644   0x08003644   0x0000012c   Code   RO         2469    i.RCCEx_PLLSAI1_Config  stm32l4xx_hal_rcc_ex.o
    0x08003770   0x08003770   0x0000007c   Code   RO         2356    i.RCC_SetFlashLatencyFromMSIRange  stm32l4xx_hal_rcc.o
    0x080037ec   0x080037ec   0x0000009c   Code   RO          746    i.SystemClock_Config  sys_init.o
    0x08003888   0x08003888   0x00000044   Code   RO         3435    i.SystemInit        system_stm32l4xx.o
    0x080038cc   0x080038cc   0x000000c8   Code   RO         1759    i.UART_AdvFeatureConfig  stm32l4xx_hal_uart.o
    0x08003994   0x08003994   0x0000005c   Code   RO         1760    i.UART_CheckIdleState  stm32l4xx_hal_uart.o
    0x080039f0   0x080039f0   0x00000254   Code   RO         1775    i.UART_SetConfig    stm32l4xx_hal_uart.o
    0x08003c44   0x08003c44   0x00000064   Code   RO         1778    i.UART_WaitOnFlagUntilTimeout  stm32l4xx_hal_uart.o
    0x08003ca8   0x08003ca8   0x0000005c   Code   RO         5637    i.Write_IIC_Byte    oled.o
    0x08003d04   0x08003d04   0x0000002e   Code   RO         5638    i.Write_IIC_Command  oled.o
    0x08003d32   0x08003d32   0x0000002e   Code   RO         5639    i.Write_IIC_Data    oled.o
    0x08003d60   0x08003d60   0x00000002   Code   RO          747    i._Error_Handler    sys_init.o
    0x08003d62   0x08003d62   0x00000002   PAD
    0x08003d64   0x08003d64   0x00000020   Code   RO         6637    i.__0printf$8       mc_w.l(printf8.o)
    0x08003d84   0x08003d84   0x00000030   Code   RO         6638    i.__0snprintf$8     mc_w.l(printf8.o)
    0x08003db4   0x08003db4   0x00000028   Code   RO         6639    i.__0sprintf$8      mc_w.l(printf8.o)
    0x08003ddc   0x08003ddc   0x0000000e   Code   RO         6754    i.__scatterload_copy  mc_w.l(handlers.o)
    0x08003dea   0x08003dea   0x00000002   Code   RO         6755    i.__scatterload_null  mc_w.l(handlers.o)
    0x08003dec   0x08003dec   0x0000000e   Code   RO         6756    i.__scatterload_zeroinit  mc_w.l(handlers.o)
    0x08003dfa   0x08003dfa   0x00000002   PAD
    0x08003dfc   0x08003dfc   0x00000416   Code   RO         6644    i._printf_core      mc_w.l(printf8.o)
    0x08004212   0x08004212   0x00000024   Code   RO         6645    i._printf_post_padding  mc_w.l(printf8.o)
    0x08004236   0x08004236   0x0000002e   Code   RO         6646    i._printf_pre_padding  mc_w.l(printf8.o)
    0x08004264   0x08004264   0x00000016   Code   RO         6647    i._snputc           mc_w.l(printf8.o)
    0x0800427a   0x0800427a   0x0000000a   Code   RO         6648    i._sputc            mc_w.l(printf8.o)
    0x08004284   0x08004284   0x00000030   Code   RO         6078    i.at_cmd            at_main.o
    0x080042b4   0x080042b4   0x00000114   Code   RO         6080    i.at_cmd_multi_suffix  at_main.o
    0x080043c8   0x080043c8   0x000000d0   Code   RO         6081    i.at_deinit         at_main.o
    0x08004498   0x08004498   0x00000010   Code   RO         6082    i.at_free           at_main.o
    0x080044a8   0x080044a8   0x00000008   Code   RO         6083    i.at_get_config     at_main.o
    0x080044b0   0x080044b0   0x00000044   Code   RO         6084    i.at_get_queue_wait_time  at_main.o
    0x080044f4   0x080044f4   0x00000010   Code   RO         6085    i.at_get_time       at_main.o
    0x08004504   0x08004504   0x0000003c   Code   RO         6086    i.at_get_unuse_linkid  at_main.o
    0x08004540   0x08004540   0x0000006c   Code   RO         6087    i.at_handle_resp    at_main.o
    0x080045ac   0x080045ac   0x000001c4   Code   RO         6088    i.at_init           at_main.o
    0x08004770   0x08004770   0x00000018   Code   RO         6089    i.at_init_oob       at_main.o
    0x08004788   0x08004788   0x0000007c   Code   RO          634    i.at_irq_handler    at_hal.o
    0x08004804   0x08004804   0x00000020   Code   RO         6090    i.at_listener_list_add  at_main.o
    0x08004824   0x08004824   0x00000028   Code   RO         6091    i.at_listner_list_del  at_main.o
    0x0800484c   0x0800484c   0x0000001c   Code   RO         6092    i.at_listner_list_destroy  at_main.o
    0x08004868   0x08004868   0x00000020   Code   RO         6093    i.at_malloc         at_main.o
    0x08004888   0x08004888   0x00000050   Code   RO         6094    i.at_oob_register   at_main.o
    0x080048d8   0x080048d8   0x0000014c   Code   RO         6095    i.at_recv_task      at_main.o
    0x08004a24   0x08004a24   0x00000028   Code   RO         6097    i.at_rm_node        at_main.o
    0x08004a4c   0x08004a4c   0x00000070   Code   RO         6098    i.at_rm_timeout_nodes  at_main.o
    0x08004abc   0x08004abc   0x00000190   Code   RO         6100    i.at_struct_deinit  at_main.o
    0x08004c4c   0x08004c4c   0x0000035c   Code   RO         6101    i.at_struct_init    at_main.o
    0x08004fa8   0x08004fa8   0x00000044   Code   RO          635    i.at_transmit       at_hal.o
    0x08004fec   0x08004fec   0x00000028   Code   RO          636    i.at_usart_deinit   at_hal.o
    0x08005014   0x08005014   0x000000ac   Code   RO          637    i.at_usart_init     at_hal.o
    0x080050c0   0x080050c0   0x000000e0   Code   RO         6102    i.at_write          at_main.o
    0x080051a0   0x080051a0   0x00000050   Code   RO         6104    i.cloud_cmd_matching  at_main.o
    0x080051f0   0x080051f0   0x00000040   Code   RO         6355    i.creat_data_collection_task  nb_iot_demo.o
    0x08005230   0x08005230   0x0000003c   Code   RO         6356    i.creat_data_report_task  nb_iot_demo.o
    0x0800526c   0x0800526c   0x00000038   Code   RO           13    i.creat_main_task   main.o
    0x080052a4   0x080052a4   0x0000003c   Code   RO         6105    i.create_at_recv_task  at_main.o
    0x080052e0   0x080052e0   0x00000114   Code   RO         6357    i.data_collection_task  nb_iot_demo.o
    0x080053f4   0x080053f4   0x0000005c   Code   RO         6358    i.data_report_task  nb_iot_demo.o
    0x08005450   0x08005450   0x0000002c   Code   RO          702    i.dwt_delay_init    dwt.o
    0x0800547c   0x0800547c   0x00000018   Code   RO          440    i.fputc             usart.o
    0x08005494   0x08005494   0x000000a8   Code   RO         6272    i.los_nb_init       los_nb_api.o
    0x0800553c   0x0800553c   0x00000024   Code   RO         6273    i.los_nb_notify     los_nb_api.o
    0x08005560   0x08005560   0x00000010   Code   RO         6274    i.los_nb_report     los_nb_api.o
    0x08005570   0x08005570   0x0000001e   Code   RO           14    i.main              main.o
    0x0800558e   0x0800558e   0x00000002   PAD
    0x08005590   0x08005590   0x00000178   Code   RO           15    i.main_task         main.o
    0x08005708   0x08005708   0x00000034   Code   RO         5769    i.nb_check_csq      bc95.o
    0x0800573c   0x0800573c   0x00000104   Code   RO         6316    i.nb_cmd_data_ioctl  nb_iot_cmd_ioctl.o
    0x08005840   0x08005840   0x00000070   Code   RO         5780    i.nb_get_csq        bc95.o
    0x080058b0   0x080058b0   0x00000038   Code   RO         5781    i.nb_get_netstat    bc95.o
    0x080058e8   0x080058e8   0x00000030   Code   RO         5784    i.nb_hw_detect      bc95.o
    0x08005918   0x08005918   0x00000014   Code   RO         6359    i.nb_iot_entry      nb_iot_demo.o
    0x0800592c   0x0800592c   0x0000003c   Code   RO         5786    i.nb_query_ip       bc95.o
    0x08005968   0x08005968   0x00000028   Code   RO         5788    i.nb_reboot         bc95.o
    0x08005990   0x08005990   0x0000014c   Code   RO         5794    i.nb_send_payload   bc95.o
    0x08005adc   0x08005adc   0x0000009c   Code   RO         5795    i.nb_send_psk       bc95.o
    0x08005b78   0x08005b78   0x00000126   Code   RO         5797    i.nb_set_cdpserver  bc95.o
    0x08005c9e   0x08005c9e   0x00000002   PAD
    0x08005ca0   0x08005ca0   0x00000038   Code   RO         5800    i.nb_set_no_encrypt  bc95.o
    0x08005cd8   0x08005cd8   0x00000010   Code   RO         5641    i.oled_pow          oled.o
    0x08005ce8   0x08005ce8   0x0000001a   Code   RO         4857    i.osAlarmHeapInfo   los_heap.o
    0x08005d02   0x08005d02   0x0000001e   Code   RO         5093    i.osAtomicBitsetClearBit  los_slab.o
    0x08005d20   0x08005d20   0x00000042   Code   RO         5095    i.osAtomicBitsetFindClearAndSet  los_slab.o
    0x08005d62   0x08005d62   0x00000022   Code   RO         5096    i.osAtomicBitsetGetBit  los_slab.o
    0x08005d84   0x08005d84   0x0000002c   Code   RO         5098    i.osAtomicBitsetInit  los_slab.o
    0x08005db0   0x08005db0   0x00000120   Code   RO         4858    i.osHeapAlloc       los_heap.o
    0x08005ed0   0x08005ed0   0x0000003a   Code   RO         4859    i.osHeapAllocAlign  los_heap.o
    0x08005f0a   0x08005f0a   0x00000002   PAD
    0x08005f0c   0x08005f0c   0x00000104   Code   RO         4860    i.osHeapFree        los_heap.o
    0x08006010   0x08006010   0x0000003a   Code   RO         4863    i.osHeapInit        los_heap.o
    0x0800604a   0x0800604a   0x00000016   Code   RO         4864    i.osHeapPrvGetNext  los_heap.o
    0x08006060   0x08006060   0x00000048   Code   RO         4865    i.osHeapStatisticsGet  los_heap.o
    0x080060a8   0x080060a8   0x00000034   Code   RO         5553    i.osHwiDefaultHandler  los_hwi.o
    0x080060dc   0x080060dc   0x0000003c   Code   RO         5554    i.osHwiInit         los_hwi.o
    0x08006118   0x08006118   0x00000002   Code   RO         4185    i.osIdleTask        los_task.o
    0x0800611a   0x0800611a   0x00000002   PAD
    0x0800611c   0x0800611c   0x00000040   Code   RO         4186    i.osIdleTaskCreate  los_task.o
    0x0800615c   0x0800615c   0x0000003c   Code   RO         5556    i.osInterrupt       los_hwi.o
    0x08006198   0x08006198   0x00000018   Code   RO         4939    i.osMemSystemInit   los_memory.o
    0x080061b0   0x080061b0   0x00000058   Code   RO         4601    i.osMuxInit         los_mux.o
    0x08006208   0x08006208   0x00000038   Code   RO         3898    i.osPriqueueDequeue  los_priqueue.o
    0x08006240   0x08006240   0x00000030   Code   RO         3899    i.osPriqueueEnqueue  los_priqueue.o
    0x08006270   0x08006270   0x00000034   Code   RO         3900    i.osPriqueueInit    los_priqueue.o
    0x080062a4   0x080062a4   0x00000024   Code   RO         3901    i.osPriqueueSize    los_priqueue.o
    0x080062c8   0x080062c8   0x0000001c   Code   RO         3902    i.osPriqueueTop     los_priqueue.o
    0x080062e4   0x080062e4   0x000000d0   Code   RO         4671    i.osQueueBufferOperate  los_queue.o
    0x080063b4   0x080063b4   0x0000005c   Code   RO         4672    i.osQueueInit       los_queue.o
    0x08006410   0x08006410   0x0000016e   Code   RO         4675    i.osQueueOperate    los_queue.o
    0x0800657e   0x0800657e   0x00000002   PAD
    0x08006580   0x08006580   0x00000038   Code   RO         4676    i.osQueueReadParameterCheck  los_queue.o
    0x080065b8   0x080065b8   0x00000034   Code   RO         4677    i.osQueueWriteParameterCheck  los_queue.o
    0x080065ec   0x080065ec   0x00000004   Code   RO         5459    i.osSchedule        los_hw.o
    0x080065f0   0x080065f0   0x0000009c   Code   RO         4789    i.osSemCreate       los_sem.o
    0x0800668c   0x0800668c   0x00000054   Code   RO         4790    i.osSemInit         los_sem.o
    0x080066e0   0x080066e0   0x0000001c   Code   RO         5099    i.osSlabAllocatorAlloc  los_slab.o
    0x080066fc   0x080066fc   0x00000038   Code   RO         5103    i.osSlabAllocatorFree  los_slab.o
    0x08006734   0x08006734   0x00000046   Code   RO         5110    i.osSlabAllocatorNew  los_slab.o
    0x0800677a   0x0800677a   0x00000014   Code   RO         5224    i.osSlabBlockHeadFill  los_slabmem.o
    0x0800678e   0x0800678e   0x00000004   Code   RO         4940    i.osSlabCtrlHdrGet  los_memory.o
    0x08006792   0x08006792   0x00000062   Code   RO         5226    i.osSlabMemAlloc    los_slabmem.o
    0x080067f4   0x080067f4   0x0000005e   Code   RO         5229    i.osSlabMemFree     los_slabmem.o
    0x08006852   0x08006852   0x00000002   PAD
    0x08006854   0x08006854   0x00000058   Code   RO         5230    i.osSlabMemInit     los_slabmem.o
    0x080068ac   0x080068ac   0x00000080   Code   RO         3981    i.osSwTmrInit       los_swtmr.o
    0x0800692c   0x0800692c   0x0000018e   Code   RO         3982    i.osSwTmrStart      los_swtmr.o
    0x08006aba   0x08006aba   0x00000002   PAD
    0x08006abc   0x08006abc   0x0000003c   Code   RO         3983    i.osSwTmrTask       los_swtmr.o
    0x08006af8   0x08006af8   0x00000040   Code   RO         3984    i.osSwTmrTaskCreate  los_swtmr.o
    0x08006b38   0x08006b38   0x00000068   Code   RO         3985    i.osSwTmrTimeoutHandle  los_swtmr.o
    0x08006ba0   0x08006ba0   0x00000024   Code   RO         3987    i.osSwtmrDelete     los_swtmr.o
    0x08006bc4   0x08006bc4   0x0000001c   Code   RO         3988    i.osSwtmrScan       los_swtmr.o
    0x08006be0   0x08006be0   0x00000084   Code   RO         4187    i.osTaskAdd2TimerList  los_task.o
    0x08006c64   0x08006c64   0x0000002c   Code   RO         4188    i.osTaskEntry       los_task.o
    0x08006c90   0x08006c90   0x00000004   Code   RO         5460    i.osTaskExit        los_hw.o
    0x08006c94   0x08006c94   0x000000d4   Code   RO         4189    i.osTaskInit        los_task.o
    0x08006d68   0x08006d68   0x0000002c   Code   RO         4190    i.osTaskMonInit     los_task.o
    0x08006d94   0x08006d94   0x00000030   Code   RO         4191    i.osTaskPriModify   los_task.o
    0x08006dc4   0x08006dc4   0x000000b4   Code   RO         4192    i.osTaskScan        los_task.o
    0x08006e78   0x08006e78   0x0000013c   Code   RO         4193    i.osTaskSwitchCheck  los_task.o
    0x08006fb4   0x08006fb4   0x0000004c   Code   RO         4194    i.osTaskWait        los_task.o
    0x08007000   0x08007000   0x00000040   Code   RO         4195    i.osTaskWake        los_task.o
    0x08007040   0x08007040   0x00000028   Code   RO         4438    i.osTickHandler     los_tick.o
    0x08007068   0x08007068   0x0000008c   Code   RO         5508    i.osTickStart       los_hw_tick.o
    0x080070f4   0x080070f4   0x00000034   Code   RO         4196    i.osTimerListDelete  los_task.o
    0x08007128   0x08007128   0x00000038   Code   RO         4486    i.osTimesliceCheck  los_timeslice.o
    0x08007160   0x08007160   0x00000010   Code   RO         4487    i.osTimesliceInit   los_timeslice.o
    0x08007170   0x08007170   0x00000084   Code   RO         5461    i.osTskStackInit    los_hw.o
    0x080071f4   0x080071f4   0x000000fa   Code   RO          638    i.read_resp         at_hal.o
    0x080072ee   0x080072ee   0x00000016   Code   RO         6106    i.store_resp_buf    at_main.o
    0x08007304   0x08007304   0x0000003c   Code   RO         5804    i.str_to_hex        bc95.o
    0x08007340   0x08007340   0x00000084   Code   RO           16    i.user_hw_init      main.o
    0x080073c4   0x080073c4   0x00000030   Code   RO          639    i.write_at_task_msg  at_hal.o
    0x080073f4   0x080073f4   0x0000000a   Data   RO          641    .constdata          at_hal.o
    0x080073fe   0x080073fe   0x00000002   PAD
    0x08007400   0x08007400   0x00000040   Data   RO         3436    .constdata          system_stm32l4xx.o
    0x08007440   0x08007440   0x00000008   Data   RO         3437    .constdata          system_stm32l4xx.o
    0x08007448   0x08007448   0x00000014   Data   RO         5558    .constdata          los_hwi.o
    0x0800745c   0x0800745c   0x00000818   Data   RO         5642    .constdata          oled.o
    0x08007c74   0x08007c74   0x000000d7   Data   RO         5807    .constdata          bc95.o
    0x08007d4b   0x08007d4b   0x00000083   Data   RO         6110    .constdata          at_main.o
    0x08007dce   0x08007dce   0x00000002   PAD
    0x08007dd0   0x08007dd0   0x00000024   Data   RO         6275    .constdata          los_nb_api.o
    0x08007df4   0x08007df4   0x00000012   Data   RO         6318    .constdata          nb_iot_cmd_ioctl.o
    0x08007e06   0x08007e06   0x00000040   Data   RO         6750    .constdata          mc_w.l(ctype_c.o)
    0x08007e46   0x08007e46   0x00000002   PAD
    0x08007e48   0x08007e48   0x0000000e   Data   RO         5808    .conststring        bc95.o
    0x08007e56   0x08007e56   0x00000002   PAD
    0x08007e58   0x08007e58   0x00000094   Data   RO         6111    .conststring        at_main.o
    0x08007eec   0x08007eec   0x00000008   Data   RO            3    LOS_HEAP_INFO       los_startup_keil.o
    0x08007ef4   0x08007ef4   0x00000030   Data   RO         6752    Region$$Table       anon$$obj.o


    Execution Region VECTOR (Exec base: 0x20000000, Load base: 0x08007f24, Size: 0x00000400, Max: 0x00000400, ABSOLUTE, COMPRESSED[0x00000018])

    Exec Addr    Load Addr    Size         Type   Attr      Idx    E Section Name        Object

    0x20000000   COMPRESSED   0x00000400   Data   RW         5560    .data.vector        los_hwi.o


    Execution Region RW_IRAM1 (Exec base: 0x20000400, Load base: 0x08007f3c, Size: 0x00001d28, Max: 0x0000f800, ABSOLUTE, COMPRESSED[0x000000e0])

    Exec Addr    Load Addr    Size         Type   Attr      Idx    E Section Name        Object

    0x20000400   COMPRESSED   0x00000004   Data   RW           17    .data               main.o
    0x20000404   COMPRESSED   0x0000001c   Data   RW          642    .data               at_hal.o
    0x20000420   COMPRESSED   0x00000004   Data   RW          703    .data               dwt.o
    0x20000424   COMPRESSED   0x00000004   Data   RW         3438    .data               system_stm32l4xx.o
    0x20000428   COMPRESSED   0x00000008   Data   RW         3904    .data               los_priqueue.o
    0x20000430   COMPRESSED   0x0000001c   Data   RW         3992    .data               los_swtmr.o
    0x2000044c   COMPRESSED   0x00000048   Data   RW         4199    .data               los_task.o
    0x20000494   COMPRESSED   0x00000004   Data   RW         4439    .data               los_tick.o
    0x20000498   COMPRESSED   0x00000010   Data   RW         4440    .data               los_tick.o
    0x200004a8   COMPRESSED   0x00000004   Data   RW         4443    .data               los_tick.o
    0x200004ac   COMPRESSED   0x00000008   Data   RW         4488    .data               los_timeslice.o
    0x200004b4   COMPRESSED   0x0000000c   Data   RW         4602    .data               los_mux.o
    0x200004c0   COMPRESSED   0x0000000c   Data   RW         4678    .data               los_queue.o
    0x200004cc   COMPRESSED   0x0000000c   Data   RW         4791    .data               los_sem.o
    0x200004d8   COMPRESSED   0x00000010   Data   RW         4866    .data               los_heap.o
    0x200004e8   COMPRESSED   0x00000004   Data   RW         4941    .data               los_memory.o
    0x200004ec   COMPRESSED   0x00000004   Data   RW         5342    .data               los_err.o
    0x200004f0   COMPRESSED   0x00000004   Data   RW         5378    .data               los_init.o
    0x200004f4   COMPRESSED   0x00000004   Data   RW         5559    .data               los_hwi.o
    0x200004f8   COMPRESSED   0x00000180   Data   RW         5643    .data               oled.o
    0x20000678   COMPRESSED   0x00000008   Data   RW         5810    .data               bc95.o
    0x20000680   COMPRESSED   0x00000060   Data   RW         6112    .data               at_main.o
    0x200006e0   COMPRESSED   0x00000004   Data   RW         6719    .data               mc_w.l(stdout.o)
    0x200006e4        -       0x00000068   Zero   RW          354    .bss                adc.o
    0x2000074c        -       0x00000168   Zero   RW          441    .bss                usart.o
    0x200008b4        -       0x00000078   Zero   RW          640    .bss                at_hal.o
    0x2000092c        -       0x00000040   Zero   RW         3991    .bss                los_swtmr.o
    0x2000096c        -       0x00000156   Zero   RW         4197    .bss                los_task.o
    0x20000ac2   COMPRESSED   0x00000002   PAD
    0x20000ac4        -       0x00000400   Zero   RW         5557    .bss                los_hwi.o
    0x20000ec4        -       0x000004e8   Zero   RW         5806    .bss                bc95.o
    0x200013ac        -       0x00000400   Zero   RW         6107    .bss                at_main.o
    0x200017ac        -       0x00000400   Zero   RW         6108    .bss                at_main.o
    0x20001bac        -       0x00000154   Zero   RW         6109    .bss                at_main.o
    0x20001d00        -       0x0000001e   Zero   RW         6317    .bss                nb_iot_cmd_ioctl.o
    0x20001d1e        -       0x0000000a   Zero   RW         6360    .bss                nb_iot_demo.o
    0x20001d28        -       0x00000400   Zero   RW            2    LOS_HEAP            los_startup_keil.o


    Execution Region ARM_LIB_STACKHEAP (Exec base: 0x2000fc00, Load base: 0x0800801c, Size: 0x00000400, Max: 0x00000400, ABSOLUTE)

    Exec Addr    Load Addr    Size         Type   Attr      Idx    E Section Name        Object

    0x2000fc00        -       0x00000400   Zero   RW            1    ARM_LIB_STACKHEAP.bss  anon$$obj.o


==============================================================================

Image component sizes


      Code (inc. data)   RO Data    RW Data    ZI Data      Debug   Object Name

       196         38          0          0        104       1717   adc.o
       702        134         10         28        120      31714   at_hal.o
      3626       1316        279         96       2388      23713   at_main.o
      1348        448        229          8       1256      18071   bc95.o
         0          0          0          0          0       3192   cmsis_liteos.o
        44         14          0          4          0        689   dwt.o
       308         16          0          0          0       2287   gpio.o
       258         24          0          0          0        432   los_dispatch_keil.o
        28          6          0          4          0       2370   los_err.o
       784        100          0         16          0       7276   los_heap.o
       204         18          0          0          0       2850   los_hw.o
       140         42          0          0          0      27461   los_hw_tick.o
       332         78         20       1028       1024      37103   los_hwi.o
       304        136          0          4          0       1928   los_init.o
       336         68          0          4          0       5462   los_memory.o
        20          0          0          0          0        640   los_misc.o
       922        208          0         12          0       6656   los_mux.o
       220         48         36          0          0       2934   los_nb_api.o
       220         30          0          8          0      12990   los_priqueue.o
      1208        116          0         12          0      12455   los_queue.o
       912        234          0         12          0       7426   los_sem.o
       328          0          0          0          0       6388   los_slab.o
       300          0          0          0          0       4159   los_slabmem.o
        44         22          8          0       1024        288   los_startup_keil.o
       818         70          0         28         64       7767   los_swtmr.o
        12          4          0          0          0        535   los_sys.o
      2332        296          0         72        342      24456   los_task.o
        40          6          0         24          0       1052   los_tick.o
        72         16          0          8          0       1337   los_timeslice.o
       682        366          0          4          0     674853   main.o
       278         96         18          0         30       2755   nb_iot_cmd_ioctl.o
       512        254          0          0         10       4094   nb_iot_demo.o
      1034         36       2072        384          0      10679   oled.o
        90          6          0          0          0       1866   stm32l4xx_hal.o
      2008         88          0          0          0      60291   stm32l4xx_hal_adc.o
       194         14          0          0          0      30511   stm32l4xx_hal_cortex.o
       434         34          0          0          0       3752   stm32l4xx_hal_gpio.o
       128          6          0          0          0        942   stm32l4xx_hal_msp.o
       116         20          0          0          0       1398   stm32l4xx_hal_pwr_ex.o
      1864         88          0          0          0       6788   stm32l4xx_hal_rcc.o
       998         32          0          0          0       2984   stm32l4xx_hal_rcc_ex.o
      1270         62          0          0          0       6513   stm32l4xx_hal_uart.o
        12          0          0          0          0        950   stm32l4xx_it.o
       166          4          0          0          0       2204   sys_init.o
        68         12         72          4          0       1317   system_stm32l4xx.o
       316         48          0          0        360       2488   usart.o

    ----------------------------------------------------------------------
     26270       4654       2798       1760       7748    1069733   Object Totals
         0          0         48          0       1024          0   (incl. Generated)
        42          0          6          0          2          0   (incl. Padding)

    ----------------------------------------------------------------------

      Code (inc. data)   RO Data    RW Data    ZI Data      Debug   Library Member Name

        56          8          0          0          0         84   __0sscanf.o
        86          0          0          0          0          0   __dczerorl2.o
        28          0          0          0          0         68   _chval.o
       818          4          0          0          0        112   _scanf.o
       338          0          0          0          0         96   _scanf_int.o
       230          0          0          0          0         96   _scanf_str.o
        64          0          0          0          0         84   _sgetc.o
        40          6         64          0          0         68   ctype_c.o
         0          0          0          0          0          0   entry.o
         0          0          0          0          0          0   entry10a.o
         0          0          0          0          0          0   entry11a.o
         8          4          0          0          0          0   entry3.o
         4          0          0          0          0          0   entry5.o
         0          0          0          0          0          0   entry7b.o
         0          0          0          0          0          0   entry8b.o
         8          4          0          0          0          0   entry9a.o
        30          0          0          0          0          0   handlers.o
        36          8          0          0          0         68   init.o
        10          0          0          0          0         68   isspace_c.o
        30          0          0          0          0         68   llshl.o
        32          0          0          0          0         68   llushr.o
        36          0          0          0          0         68   memcpya.o
        36          0          0          0          0        108   memseta.o
      1280         64          0          0          0        656   printf8.o
        40          8          0          0          0         84   scanf_char.o
         0          0          0          4          0          0   stdout.o
        28          0          0          0          0         76   strcmp.o
        14          0          0          0          0         68   strlen.o
        36          0          0          0          0         80   strstr.o
        12          0          0          0          0         68   toupper.o
       104          0          0          0          0         92   uldiv.o

    ----------------------------------------------------------------------
      3414        106         66          4          0       2180   Library Totals
        10          0          2          0          0          0   (incl. Padding)

    ----------------------------------------------------------------------

      Code (inc. data)   RO Data    RW Data    ZI Data      Debug   Library Name

      3404        106         64          4          0       2180   mc_w.l

    ----------------------------------------------------------------------
      3414        106         66          4          0       2180   Library Totals

    ----------------------------------------------------------------------

==============================================================================


      Code (inc. data)   RO Data    RW Data    ZI Data      Debug   

     29684       4760       2864       1764       7748    1049553   Grand Totals
     29684       4760       2864        248       7748    1049553   ELF Image Totals (compressed)
     29684       4760       2864        248          0          0   ROM Totals

==============================================================================

    Total RO  Size (Code + RO Data)                32548 (  31.79kB)
    Total RW  Size (RW Data + ZI Data)              9512 (   9.29kB)
    Total ROM Size (Code + RO Data + RW Data)      32796 (  32.03kB)

==============================================================================

