Component: ARM Compiler 5.06 update 5 (build 528) Tool: armlink [4d35e2]

==============================================================================

Section Cross References

    los_startup_keil.o(LOS_HEAP_INFO) refers to los_startup_keil.o(LOS_HEAP) for __los_heap_base
    los_startup_keil.o(RESET) refers to system_stm32l4xx.o(i.SystemInit) for SystemInit
    los_startup_keil.o(RESET) refers to entry.o(.ARM.Collect$$$$00000000) for __main
    system_stm32l4xx.o(i.SystemCoreClockUpdate) refers to system_stm32l4xx.o(.constdata) for .constdata
    system_stm32l4xx.o(i.SystemCoreClockUpdate) refers to system_stm32l4xx.o(.data) for .data
    main.o(i.HardWare_Init) refers to stm32l4xx_hal.o(i.HAL_Init) for HAL_Init
    main.o(i.HardWare_Init) refers to sys_init.o(i.SystemClock_Config) for SystemClock_Config
    main.o(i.HardWare_Init) refers to dwt.o(i.dwt_delay_init) for dwt_delay_init
    main.o(i.HardWare_Init) refers to gpio.o(i.MX_GPIO_Init) for MX_GPIO_Init
    main.o(i.HardWare_Init) refers to usart.o(i.MX_USART1_UART_Init) for MX_USART1_UART_Init
    main.o(i.HardWare_Init) refers to printf8.o(i.__0printf$8) for __2printf
    main.o(i.HardWare_Init) refers to system_stm32l4xx.o(.data) for SystemCoreClock
    main.o(i.OC_cmd_match) refers to strstr.o(.text) for strstr
    main.o(i.creat_data_collection_task) refers to los_task.o(i.LOS_TaskCreate) for LOS_TaskCreate
    main.o(i.creat_data_collection_task) refers to main.o(i.data_collection_task) for data_collection_task
    main.o(i.creat_data_collection_task) refers to main.o(.data) for .data
    main.o(i.creat_data_report_task) refers to los_task.o(i.LOS_TaskCreate) for LOS_TaskCreate
    main.o(i.creat_data_report_task) refers to main.o(i.data_report_task) for data_report_task
    main.o(i.creat_data_report_task) refers to main.o(.data) for .data
    main.o(i.data_collection_task) refers to bh1750.o(i.Init_BH1750) for Init_BH1750
    main.o(i.data_collection_task) refers to printf8.o(i.__0printf$8) for __2printf
    main.o(i.data_collection_task) refers to bh1750.o(i.Convert_BH1750) for Convert_BH1750
    main.o(i.data_collection_task) refers to printf8.o(i.__0sprintf$8) for __2sprintf
    main.o(i.data_collection_task) refers to los_task.o(i.LOS_TaskDelay) for LOS_TaskDelay
    main.o(i.data_collection_task) refers to main.o(.data) for .data
    main.o(i.data_report_task) refers to printf8.o(i.__0printf$8) for __2printf
    main.o(i.data_report_task) refers to los_nb_api.o(i.los_nb_init) for los_nb_init
    main.o(i.data_report_task) refers to los_nb_api.o(i.los_nb_notify) for los_nb_notify
    main.o(i.data_report_task) refers to los_task.o(i.LOS_TaskDelay) for LOS_TaskDelay
    main.o(i.data_report_task) refers to los_nb_api.o(i.los_nb_report) for los_nb_report
    main.o(i.data_report_task) refers to main.o(i.OC_cmd_match) for OC_cmd_match
    main.o(i.data_report_task) refers to main.o(i.nb_cmd_data_ioctl) for nb_cmd_data_ioctl
    main.o(i.data_report_task) refers to main.o(.data) for .data
    main.o(i.main) refers to main.o(i.HardWare_Init) for HardWare_Init
    main.o(i.main) refers to los_init.o(i.LOS_KernelInit) for LOS_KernelInit
    main.o(i.main) refers to main.o(i.creat_data_collection_task) for creat_data_collection_task
    main.o(i.main) refers to main.o(i.creat_data_report_task) for creat_data_report_task
    main.o(i.main) refers to los_init.o(i.LOS_Start) for LOS_Start
    main.o(i.nb_cmd_data_ioctl) refers to _scanf_int.o(.text) for _scanf_int
    main.o(i.nb_cmd_data_ioctl) refers to _scanf_str.o(.text) for _scanf_string
    main.o(i.nb_cmd_data_ioctl) refers to memseta.o(.text) for __aeabi_memclr4
    main.o(i.nb_cmd_data_ioctl) refers to at_main.o(i.at_get_time) for at_get_time
    main.o(i.nb_cmd_data_ioctl) refers to printf8.o(i.__0printf$8) for __2printf
    main.o(i.nb_cmd_data_ioctl) refers to __0sscanf.o(.text) for __0sscanf
    main.o(i.nb_cmd_data_ioctl) refers to bc95.o(i.HexStrToStr) for HexStrToStr
    main.o(i.nb_cmd_data_ioctl) refers to strcmp.o(.text) for strcmp
    main.o(i.nb_cmd_data_ioctl) refers to stm32l4xx_hal_gpio.o(i.HAL_GPIO_WritePin) for HAL_GPIO_WritePin
    main.o(i.nb_cmd_data_ioctl) refers to main.o(.constdata) for .constdata
    main.o(i.nb_cmd_data_ioctl) refers to main.o(.bss) for .bss
    gpio.o(i.MX_GPIO_Init) refers to stm32l4xx_hal_gpio.o(i.HAL_GPIO_WritePin) for HAL_GPIO_WritePin
    gpio.o(i.MX_GPIO_Init) refers to stm32l4xx_hal_gpio.o(i.HAL_GPIO_Init) for HAL_GPIO_Init
    gpio.o(i.MX_GPIO_Init) refers to stm32l4xx_hal_cortex.o(i.HAL_NVIC_SetPriority) for HAL_NVIC_SetPriority
    gpio.o(i.MX_GPIO_Init) refers to stm32l4xx_hal_cortex.o(i.HAL_NVIC_EnableIRQ) for HAL_NVIC_EnableIRQ
    usart.o(i.HAL_UART_MspDeInit) refers to stm32l4xx_hal_gpio.o(i.HAL_GPIO_DeInit) for HAL_GPIO_DeInit
    usart.o(i.HAL_UART_MspDeInit) refers to stm32l4xx_hal_cortex.o(i.HAL_NVIC_DisableIRQ) for HAL_NVIC_DisableIRQ
[...]
    i.nb_set_no_encrypt                      0x08005450   Section        0  bc95.o(i.nb_set_no_encrypt)
    i.osAlarmHeapInfo                        0x08005488   Section        0  los_heap.o(i.osAlarmHeapInfo)
    i.osAtomicBitsetClearBit                 0x080054a2   Section        0  los_slab.o(i.osAtomicBitsetClearBit)
    i.osAtomicBitsetFindClearAndSet          0x080054c0   Section        0  los_slab.o(i.osAtomicBitsetFindClearAndSet)
    i.osAtomicBitsetGetBit                   0x08005502   Section        0  los_slab.o(i.osAtomicBitsetGetBit)
    i.osAtomicBitsetInit                     0x08005524   Section        0  los_slab.o(i.osAtomicBitsetInit)
    i.osHeapAlloc                            0x08005550   Section        0  los_heap.o(i.osHeapAlloc)
    i.osHeapAllocAlign                       0x08005670   Section        0  los_heap.o(i.osHeapAllocAlign)
    i.osHeapFree                             0x080056ac   Section        0  los_heap.o(i.osHeapFree)
    i.osHeapInit                             0x080057b0   Section        0  los_heap.o(i.osHeapInit)
    i.osHeapPrvGetNext                       0x080057ea   Section        0  los_heap.o(i.osHeapPrvGetNext)
    i.osHeapStatisticsGet                    0x08005800   Section        0  los_heap.o(i.osHeapStatisticsGet)
    i.osHwiDefaultHandler                    0x08005848   Section        0  los_hwi.o(i.osHwiDefaultHandler)
    i.osHwiInit                              0x0800587c   Section        0  los_hwi.o(i.osHwiInit)
    i.osIdleTask                             0x080058b8   Section        0  los_task.o(i.osIdleTask)
    i.osIdleTaskCreate                       0x080058bc   Section        0  los_task.o(i.osIdleTaskCreate)
    i.osIntNumGet                            0x080058fc   Section        0  los_hwi.o(i.osIntNumGet)
    i.osInterrupt                            0x08005904   Section        0  los_hwi.o(i.osInterrupt)
    i.osMemSystemInit                        0x08005940   Section        0  los_memory.o(i.osMemSystemInit)
    i.osMuxInit                              0x08005958   Section        0  los_mux.o(i.osMuxInit)
    i.osPriqueueDequeue                      0x080059b0   Section        0  los_priqueue.o(i.osPriqueueDequeue)
    i.osPriqueueEnqueue                      0x080059e8   Section        0  los_priqueue.o(i.osPriqueueEnqueue)
    i.osPriqueueInit                         0x08005a18   Section        0  los_priqueue.o(i.osPriqueueInit)
    i.osPriqueueSize                         0x08005a4c   Section        0  los_priqueue.o(i.osPriqueueSize)
    i.osPriqueueTop                          0x08005a70   Section        0  los_priqueue.o(i.osPriqueueTop)
    i.osQueueBufferOperate                   0x08005a8c   Section        0  los_queue.o(i.osQueueBufferOperate)
    osQueueBufferOperate                     0x08005a8d   Thumb Code   168  los_queue.o(i.osQueueBufferOperate)
    i.osQueueInit                            0x08005b5c   Section        0  los_queue.o(i.osQueueInit)
    i.osQueueOperate                         0x08005bb8   Section        0  los_queue.o(i.osQueueOperate)
    i.osQueueReadParameterCheck              0x08005d28   Section        0  los_queue.o(i.osQueueReadParameterCheck)
    osQueueReadParameterCheck                0x08005d29   Thumb Code    48  los_queue.o(i.osQueueReadParameterCheck)
    i.osQueueWriteParameterCheck             0x08005d5c   Section        0  los_queue.o(i.osQueueWriteParameterCheck)
    osQueueWriteParameterCheck               0x08005d5d   Thumb Code    46  los_queue.o(i.osQueueWriteParameterCheck)
    i.osSchedule                             0x08005d90   Section        0  los_hw.o(i.osSchedule)
    i.osSemCreate                            0x08005d94   Section        0  los_sem.o(i.osSemCreate)
    i.osSemInit                              0x08005e30   Section        0  los_sem.o(i.osSemInit)
    i.osSlabAllocatorAlloc                   0x08005e84   Section        0  los_slab.o(i.osSlabAllocatorAlloc)
    i.osSlabAllocatorFree                    0x08005ea0   Section        0  los_slab.o(i.osSlabAllocatorFree)
    i.osSlabAllocatorNew                     0x08005ed8   Section        0  los_slab.o(i.osSlabAllocatorNew)
    i.osSlabBlockHeadFill                    0x08005f1e   Section        0  los_slabmem.o(i.osSlabBlockHeadFill)
    i.osSlabCtrlHdrGet                       0x08005f32   Section        0  los_memory.o(i.osSlabCtrlHdrGet)
    i.osSlabMemAlloc                         0x08005f36   Section        0  los_slabmem.o(i.osSlabMemAlloc)
    i.osSlabMemFree                          0x08005f98   Section        0  los_slabmem.o(i.osSlabMemFree)
    i.osSlabMemInit                          0x08005ff8   Section        0  los_slabmem.o(i.osSlabMemInit)
    i.osSwTmrInit                            0x08006050   Section        0  los_swtmr.o(i.osSwTmrInit)
    i.osSwTmrStart                           0x080060d0   Section        0  los_swtmr.o(i.osSwTmrStart)
    i.osSwTmrTask                            0x08006260   Section        0  los_swtmr.o(i.osSwTmrTask)
    i.osSwTmrTaskCreate                      0x0800629c   Section        0  los_swtmr.o(i.osSwTmrTaskCreate)
    i.osSwTmrTimeoutHandle                   0x080062dc   Section        0  los_swtmr.o(i.osSwTmrTimeoutHandle)
    osSwTmrTimeoutHandle                     0x080062dd   Thumb Code    98  los_swtmr.o(i.osSwTmrTimeoutHandle)
    i.osSwtmrDelete                          0x08006344   Section        0  los_swtmr.o(i.osSwtmrDelete)
    osSwtmrDelete                            0x08006345   Thumb Code    26  los_swtmr.o(i.osSwtmrDelete)
    i.osSwtmrScan                            0x08006368   Section        0  los_swtmr.o(i.osSwtmrScan)
    i.osTaskAdd2TimerList                    0x08006384   Section        0  los_task.o(i.osTaskAdd2TimerList)
    i.osTaskEntry                            0x08006408   Section        0  los_task.o(i.osTaskEntry)
    i.osTaskExit                             0x08006434   Section        0  los_hw.o(i.osTaskExit)
    i.osTaskInit                             0x08006438   Section        0  los_task.o(i.osTaskInit)
    i.osTaskMonInit                          0x0800650c   Section        0  los_task.o(i.osTaskMonInit)
    i.osTaskPriModify                        0x08006538   Section        0  los_task.o(i.osTaskPriModify)
    i.osTaskScan                             0x08006568   Section        0  los_task.o(i.osTaskScan)
    i.osTaskSwitchCheck                      0x0800661c   Section        0  los_task.o(i.osTaskSwitchCheck)
    i.osTaskWait                             0x08006758   Section        0  los_task.o(i.osTaskWait)
    i.osTaskWake                             0x080067a4   Section        0  los_task.o(i.osTaskWake)
    i.osTickHandler                          0x080067e4   Section        0  los_tick.o(i.osTickHandler)
    i.osTickStart                            0x0800680c   Section        0  los_hw_tick.o(i.osTickStart)
    i.osTimerListDelete                      0x08006898   Section        0  los_task.o(i.osTimerListDelete)
    i.osTimesliceCheck                       0x080068cc   Section        0  los_timeslice.o(i.osTimesliceCheck)
    i.osTimesliceInit                        0x08006904   Section        0  los_timeslice.o(i.osTimesliceInit)
    i.osTskStackInit                         0x08006914   Section        0  los_hw.o(i.osTskStackInit)
    i.read_resp                              0x08006998   Section        0  at_hal.o(i.read_resp)
    i.store_resp_buf                         0x08006a9c   Section        0  at_main.o(i.store_resp_buf)
    i.str_to_hex                             0x08006ab4   Section        0  bc95.o(i.str_to_hex)
    i.write_at_task_msg                      0x08006af0   Section        0  at_hal.o(i.write_at_task_msg)
    .constdata                               0x08006b20   Section       64  system_stm32l4xx.o(.constdata)
    .constdata                               0x08006b60   Section        8  system_stm32l4xx.o(.constdata)
    .constdata                               0x08006b68   Section       18  main.o(.constdata)
    __func__                                 0x08006b68   Data          18  main.o(.constdata)
    .constdata                               0x08006b7a   Section       10  at_hal.o(.constdata)
    __func__                                 0x08006b7a   Data          10  at_hal.o(.constdata)
    .constdata                               0x08006b84   Section      176  bc95.o(.constdata)
    __func__                                 0x08006b84   Data           8  bc95.o(.constdata)
    __func__                                 0x08006b8c   Data          14  bc95.o(.constdata)
    __func__                                 0x08006b9a   Data          16  bc95.o(.constdata)
    __func__                                 0x08006baa   Data          21  bc95.o(.constdata)
    __func__                                 0x08006bbf   Data          15  bc95.o(.constdata)
    __func__                                 0x08006bce   Data          17  bc95.o(.constdata)
    __func__                                 0x08006bdf   Data          20  bc95.o(.constdata)
    __func__                                 0x08006bf3   Data          11  bc95.o(.constdata)
    __func__                                 0x08006bfe   Data          10  bc95.o(.constdata)
    __func__                                 0x08006c08   Data          16  bc95.o(.constdata)
    __func__                                 0x08006c18   Data           9  bc95.o(.constdata)
    __func__                                 0x08006c21   Data          19  bc95.o(.constdata)
    .constdata                               0x08006c34   Section       20  los_hwi.o(.constdata)
    __FUNCTION__                             0x08006c34   Data          20  los_hwi.o(.constdata)
    .constdata                               0x08006c48   Section      131  at_main.o(.constdata)
    __func__                                 0x08006c48   Data           8  at_main.o(.constdata)
    __func__                                 0x08006c50   Data          20  at_main.o(.constdata)
    __func__                                 0x08006c64   Data          19  at_main.o(.constdata)
    __func__                                 0x08006c77   Data          20  at_main.o(.constdata)
    __func__                                 0x08006c8b   Data           9  at_main.o(.constdata)
    __func__                                 0x08006c94   Data          13  at_main.o(.constdata)
    __func__                                 0x08006ca1   Data          15  at_main.o(.constdata)
    __func__                                 0x08006cb0   Data          17  at_main.o(.constdata)
    __func__                                 0x08006cc1   Data          10  at_main.o(.constdata)
    .constdata                               0x08006ccb   Section       64  ctype_c.o(.constdata)
    .conststring                             0x08006d0c   Section       14  bc95.o(.conststring)
    .conststring                             0x08006d1c   Section      148  at_main.o(.conststring)
    LOS_HEAP_INFO                            0x08006db0   Section        8  los_startup_keil.o(LOS_HEAP_INFO)
    .data.vector                             0x20000000   Section     1024  los_hwi.o(.data.vector)
    .data                                    0x20000400   Section        4  system_stm32l4xx.o(.data)
    .data                                    0x20000404   Section       10  main.o(.data)
    .data                                    0x20000410   Section        4  dwt.o(.data)
    cpuclkfeq                                0x20000410   Data           4  dwt.o(.data)
    .data                                    0x20000414   Section       28  at_hal.o(.data)
    s_pUSART                                 0x20000418   Data           4  at_hal.o(.data)
    s_uwIRQn                                 0x2000041c   Data           4  at_hal.o(.data)
    g_disscard_cnt                           0x20000420   Data           4  at_hal.o(.data)
    .data                                    0x20000430   Section       36  bc95.o(.data)
    .data                                    0x20000454   Section        8  bc95.o(.data)
    localport                                0x20000454   Data           2  bc95.o(.data)
    sndcnt                                   0x20000458   Data           4  bc95.o(.data)
    .data                                    0x2000045c   Section        8  los_priqueue.o(.data)
    g_uwPriQueueBitmap                       0x2000045c   Data           4  los_priqueue.o(.data)
    .data                                    0x20000464   Section       28  los_swtmr.o(.data)
    m_uwSwtimerRousesTime                    0x20000464   Data           4  los_swtmr.o(.data)
    m_pstRouses                              0x20000468   Data           4  los_swtmr.o(.data)
    m_pstRousesPrev                          0x2000046c   Data           4  los_swtmr.o(.data)
    .data                                    0x20000480   Section       72  los_task.o(.data)
    .data                                    0x200004c8   Section        4  los_tick.o(.data)
    .data                                    0x200004d0   Section       16  los_tick.o(.data)
    .data                                    0x200004e0   Section        4  los_tick.o(.data)
    .data                                    0x200004e4   Section        8  los_timeslice.o(.data)
    .data                                    0x200004ec   Section       12  los_mux.o(.data)
    .data                                    0x200004f8   Section       12  los_queue.o(.data)
    .data                                    0x20000504   Section       12  los_sem.o(.data)
    .data                                    0x20000510   Section       16  los_heap.o(.data)
    g_uwAllocCount                           0x20000510   Data           4  los_heap.o(.data)
    g_uwFreeCount                            0x20000514   Data           4  los_heap.o(.data)
    g_uwCurHeapUsed                          0x20000518   Data           4  los_heap.o(.data)
    g_uwMaxHeapUsed                          0x2000051c   Data           4  los_heap.o(.data)
    .data                                    0x20000520   Section        4  los_memory.o(.data)
    .data                                    0x20000524   Section        4  los_err.o(.data)
    .data                                    0x20000528   Section        4  los_init.o(.data)
    .data                                    0x2000052c   Section        4  los_hwi.o(.data)
    .data                                    0x20000530   Section        8  bh1750.o(.data)
    .data                                    0x20000538   Section       96  at_main.o(.data)
    .data                                    0x20000598   Section        4  stdout.o(.data)
    .bss                                     0x2000059c   Section       30  main.o(.bss)
    .bss                                     0x200005bc   Section      240  usart.o(.bss)
    .bss                                     0x200006ac   Section      120  at_hal.o(.bss)
    .bss                                     0x20000724   Section     1256  bc95.o(.bss)
    g_data_ind_info                          0x20000c00   Data          12  bc95.o(.bss)
    .bss                                     0x20000c0c   Section       64  los_swtmr.o(.bss)
    .bss                                     0x20000c4c   Section      342  los_task.o(.bss)
    .bss                                     0x20000da4   Section     1024  los_hwi.o(.bss)
    .bss                                     0x200011a4   Section     1024  at_main.o(.bss)
    .bss                                     0x200015a4   Section     1024  at_main.o(.bss)
    .bss                                     0x200019a4   Section      304  at_main.o(.bss)
    LOS_HEAP                                 0x20001ad8   Section     1024  los_startup_keil.o(LOS_HEAP)
    __los_heap_base                          0x20001ad8   Data           0  los_startup_keil.o(LOS_HEAP)

    Global Symbols

    Symbol Name                              Value     Ov Type        Size  Object(Section)

    BuildAttributes$$THM_ISAv4$E$P$D$K$B$S$7EM$VFPi3$EXTD16$VFPS$VFMA$PE$A:L22UL41UL21$X:L11$S22US41US21$IEEE1$IW$USESV6$~STKCKD$USESV7$~SHL$OTIME$ROPI$EBA8$MICROLIB$REQ8$PRES8$EABIv2 0x00000000   Number         0  anon$$obj.o ABSOLUTE
    __ARM_use_no_argv                        0x00000000   Number         0  main.o ABSOLUTE
    _printf_a                                0x00000000   Number         0  stubs.o ABSOLUTE
    _printf_c                                0x00000000   Number         0  stubs.o ABSOLUTE
    _printf_charcount                        0x00000000   Number         0  stubs.o ABSOLUTE
    _printf_d                                0x00000000   Number         0  stubs.o ABSOLUTE
    _printf_e                                0x00000000   Number         0  stubs.o ABSOLUTE
    _printf_f                                0x00000000   Number         0  stubs.o ABSOLUTE
    _printf_flags                            0x00000000   Number         0  stubs.o ABSOLUTE
    _printf_fp_dec                           0x00000000   Number         0  stubs.o ABSOLUTE
    _printf_fp_hex                           0x00000000   Number         0  stubs.o ABSOLUTE
    _printf_g                                0x00000000   Number         0  stubs.o ABSOLUTE
    _printf_i                                0x00000000   Number         0  stubs.o ABSOLUTE
    _printf_int_dec                          0x00000000   Number         0  stubs.o ABSOLUTE
    _printf_l                                0x00000000   Number         0  stubs.o ABSOLUTE
    _printf_lc                               0x00000000   Number         0  stubs.o ABSOLUTE
    _printf_ll                               0x00000000   Number         0  stubs.o ABSOLUTE
    _printf_lld                              0x00000000   Number         0  stubs.o ABSOLUTE
    _printf_lli                              0x00000000   Number         0  stubs.o ABSOLUTE
    _printf_llo                              0x00000000   Number         0  stubs.o ABSOLUTE
    _printf_llu                              0x00000000   Number         0  stubs.o ABSOLUTE
    _printf_llx                              0x00000000   Number         0  stubs.o ABSOLUTE
    _printf_longlong_dec                     0x00000000   Number         0  stubs.o ABSOLUTE
    _printf_longlong_hex                     0x00000000   Number         0  stubs.o ABSOLUTE
    _printf_longlong_oct                     0x00000000   Number         0  stubs.o ABSOLUTE
    _printf_ls                               0x00000000   Number         0  stubs.o ABSOLUTE
    _printf_mbtowc                           0x00000000   Number         0  stubs.o ABSOLUTE
    _printf_n                                0x00000000   Number         0  stubs.o ABSOLUTE
    _printf_o                                0x00000000   Number         0  stubs.o ABSOLUTE
    _printf_p                                0x00000000   Number         0  stubs.o ABSOLUTE
    _printf_percent                          0x00000000   Number         0  stubs.o ABSOLUTE
    _printf_pre_padding                      0x00000000   Number         0  stubs.o ABSOLUTE
    _printf_return_value                     0x00000000   Number         0  stubs.o ABSOLUTE
    _printf_s                                0x00000000   Number         0  stubs.o ABSOLUTE
    _printf_sizespec                         0x00000000   Number         0  stubs.o ABSOLUTE
    _printf_str                              0x00000000   Number         0  stubs.o ABSOLUTE
    _printf_truncate_signed                  0x00000000   Number         0  stubs.o ABSOLUTE
    _printf_truncate_unsigned                0x00000000   Number         0  stubs.o ABSOLUTE
    _printf_u                                0x00000000   Number         0  stubs.o ABSOLUTE
    _printf_wc                               0x00000000   Number         0  stubs.o ABSOLUTE
    _printf_wctomb                           0x00000000   Number         0  stubs.o ABSOLUTE
    _printf_widthprec                        0x00000000   Number         0  stubs.o ABSOLUTE
    _printf_x                                0x00000000   Number         0  stubs.o ABSOLUTE
    __cpp_initialize__aeabi_                  - Undefined Weak Reference
    __cxa_finalize                            - Undefined Weak Reference
    _clock_init                               - Undefined Weak Reference
    _microlib_exit                            - Undefined Weak Reference
    _scanf_longlong                           - Undefined Weak Reference
    _scanf_real                               - Undefined Weak Reference
    _BootVectors                             0x08000000   Data           0  los_startup_keil.o(RESET)
    Reset_Handler                            0x08000009   Thumb Code     0  los_startup_keil.o(RESET)
    __main                                   0x0800002d   Thumb Code     0  entry.o(.ARM.Collect$$$$00000000)
    _main_stk                                0x0800002d   Thumb Code     0  entry3.o(.ARM.Collect$$$$00000002)
    _main_scatterload                        0x08000031   Thumb Code     0  entry5.o(.ARM.Collect$$$$00000004)
    __main_after_scatterload                 0x08000035   Thumb Code     0  entry5.o(.ARM.Collect$$$$00000004)
    _main_clock                              0x08000035   Thumb Code     0  entry7b.o(.ARM.Collect$$$$00000008)
    _main_cpp_init                           0x08000035   Thumb Code     0  entry8b.o(.ARM.Collect$$$$0000000A)
    _main_init                               0x08000035   Thumb Code     0  entry9a.o(.ARM.Collect$$$$0000000B)
    __rt_final_cpp                           0x0800003d   Thumb Code     0  entry10a.o(.ARM.Collect$$$$0000000D)
    __rt_final_exit                          0x0800003d   Thumb Code     0  entry11a.o(.ARM.Collect$$$$0000000F)
    LOS_StartToRun                           0x08000041   Thumb Code     0  los_dispatch_keil.o(.text)
    LOS_IntLock                              0x0800008d   Thumb Code     0  los_dispatch_keil.o(.text)
    LOS_IntUnLock                            0x08000095   Thumb Code     0  los_dispatch_keil.o(.text)
    LOS_IntRestore                           0x0800009d   Thumb Code     0  los_dispatch_keil.o(.text)
    osTaskSchedule                           0x080000a3   Thumb Code     0  los_dispatch_keil.o(.text)
    PendSV_Handler                           0x080000ad   Thumb Code     0  los_dispatch_keil.o(.text)
    __aeabi_uldivmod                         0x08000143   Thumb Code    98  uldiv.o(.text)
    toupper                                  0x080001ab   Thumb Code    12  toupper.o(.text)
    __aeabi_memcpy                           0x080001b7   Thumb Code    36  memcpya.o(.text)
    __aeabi_memcpy4                          0x080001b7   Thumb Code     0  memcpya.o(.text)
    __aeabi_memcpy8                          0x080001b7   Thumb Code     0  memcpya.o(.text)
    __aeabi_memset                           0x080001db   Thumb Code    14  memseta.o(.text)
    __aeabi_memset4                          0x080001db   Thumb Code     0  memseta.o(.text)
    __aeabi_memset8                          0x080001db   Thumb Code     0  memseta.o(.text)
    __aeabi_memclr                           0x080001e9   Thumb Code     4  memseta.o(.text)
    __aeabi_memclr4                          0x080001e9   Thumb Code     0  memseta.o(.text)
    __aeabi_memclr8                          0x080001e9   Thumb Code     0  memseta.o(.text)
    _memset$wrapper                          0x080001ed   Thumb Code    18  memseta.o(.text)
    strstr                                   0x080001ff   Thumb Code    36  strstr.o(.text)
    strlen                                   0x08000223   Thumb Code    14  strlen.o(.text)
    strcmp                                   0x08000231   Thumb Code    28  strcmp.o(.text)
    __0sscanf                                0x0800024d   Thumb Code    48  __0sscanf.o(.text)
    _scanf_int                               0x08000285   Thumb Code   332  _scanf_int.o(.text)
    _scanf_string                            0x080003d7   Thumb Code   224  _scanf_str.o(.text)
    __aeabi_ddiv                             0x080004bd   Thumb Code   222  ddiv.o(.text)
    __aeabi_ui2d                             0x0800059b   Thumb Code    26  dfltui.o(.text)
    __aeabi_d2f                              0x080005b5   Thumb Code    56  d2f.o(.text)
    __aeabi_llsl                             0x080005ed   Thumb Code    30  llshl.o(.text)
    _ll_shift_l                              0x080005ed   Thumb Code     0  llshl.o(.text)
    __aeabi_llsr                             0x0800060b   Thumb Code    32  llushr.o(.text)
    _ll_ushift_r                             0x0800060b   Thumb Code     0  llushr.o(.text)
    _chval                                   0x0800062b   Thumb Code    28  _chval.o(.text)
    __vfscanf_char                           0x08000655   Thumb Code    20  scanf_char.o(.text)
    _sgetc                                   0x08000671   Thumb Code    30  _sgetc.o(.text)
    _sbackspace                              0x0800068f   Thumb Code    34  _sgetc.o(.text)
    __I$use$fp                               0x080006b1   Thumb Code     0  iusefp.o(.text)
    _float_round                             0x080006b1   Thumb Code    18  fepilogue.o(.text)
    _float_epilogue                          0x080006c3   Thumb Code    92  fepilogue.o(.text)
    _double_round                            0x0800071f   Thumb Code    30  depilogue.o(.text)
    _double_epilogue                         0x0800073d   Thumb Code   156  depilogue.o(.text)
    __scatterload                            0x080007d9   Thumb Code    28  init.o(.text)
    __scatterload_rt2                        0x080007d9   Thumb Code     0  init.o(.text)
    isspace                                  0x080007fd   Thumb Code    10  isspace_c.o(.text)
    __vfscanf                                0x08000809   Thumb Code   808  _scanf.o(.text)
    __ctype_lookup                           0x08000b3d   Thumb Code    34  ctype_c.o(.text)
    __decompress                             0x08000b65   Thumb Code     0  __dczerorl2.o(.text)
    __decompress1                            0x08000b65   Thumb Code    86  __dczerorl2.o(.text)
    Cmd_Write_BH1750                         0x08000bbd   Thumb Code    64  bh1750.o(i.Cmd_Write_BH1750)
    Convert_BH1750                           0x08000bfd   Thumb Code    62  bh1750.o(i.Convert_BH1750)
    HAL_GPIO_Init                            0x08000c49   Thumb Code   364  stm32l4xx_hal_gpio.o(i.HAL_GPIO_Init)
    HAL_GPIO_ReadPin                         0x08000dd7   Thumb Code    10  stm32l4xx_hal_gpio.o(i.HAL_GPIO_ReadPin)
    HAL_GPIO_WritePin                        0x08000de1   Thumb Code    10  stm32l4xx_hal_gpio.o(i.HAL_GPIO_WritePin)
    HAL_GetTick                              0x08000deb   Thumb Code     8  sys_init.o(i.HAL_GetTick)
    HAL_Init                                 0x08000df3   Thumb Code    22  stm32l4xx_hal.o(i.HAL_Init)
    HAL_InitTick                             0x08000e09   Thumb Code    34  stm32l4xx_hal.o(i.HAL_InitTick)
    HAL_MspInit                              0x08000e31   Thumb Code   122  stm32l4xx_hal_msp.o(i.HAL_MspInit)
    HAL_NVIC_EnableIRQ                       0x08000eb1   Thumb Code    26  stm32l4xx_hal_cortex.o(i.HAL_NVIC_EnableIRQ)
    HAL_NVIC_SetPriority                     0x08000ecd   Thumb Code    60  stm32l4xx_hal_cortex.o(i.HAL_NVIC_SetPriority)
    HAL_NVIC_SetPriorityGrouping             0x08000f0d   Thumb Code    26  stm32l4xx_hal_cortex.o(i.HAL_NVIC_SetPriorityGrouping)
    HAL_PWREx_ControlVoltageScaling          0x08000f31   Thumb Code    86  stm32l4xx_hal_pwr_ex.o(i.HAL_PWREx_ControlVoltageScaling)
    HAL_PWREx_GetVoltageRange                0x08000f95   Thumb Code    10  stm32l4xx_hal_pwr_ex.o(i.HAL_PWREx_GetVoltageRange)
    HAL_RCCEx_PeriphCLKConfig                0x08000fa5   Thumb Code   682  stm32l4xx_hal_rcc_ex.o(i.HAL_RCCEx_PeriphCLKConfig)
    HAL_RCC_ClockConfig                      0x08001261   Thumb Code   260  stm32l4xx_hal_rcc.o(i.HAL_RCC_ClockConfig)
    HAL_RCC_GetPCLK1Freq                     0x08001375   Thumb Code    20  stm32l4xx_hal_rcc.o(i.HAL_RCC_GetPCLK1Freq)
    HAL_RCC_GetPCLK2Freq                     0x08001395   Thumb Code    20  stm32l4xx_hal_rcc.o(i.HAL_RCC_GetPCLK2Freq)
    HAL_RCC_GetSysClockFreq                  0x080013b5   Thumb Code   182  stm32l4xx_hal_rcc.o(i.HAL_RCC_GetSysClockFreq)
    HAL_RCC_OscConfig                        0x08001479   Thumb Code  1198  stm32l4xx_hal_rcc.o(i.HAL_RCC_OscConfig)
    HAL_SYSTICK_Config                       0x0800192d   Thumb Code    40  stm32l4xx_hal_cortex.o(i.HAL_SYSTICK_Config)
    HAL_UART_Init                            0x08001955   Thumb Code   106  stm32l4xx_hal_uart.o(i.HAL_UART_Init)
    HAL_UART_MspInit                         0x080019c1   Thumb Code   134  usart.o(i.HAL_UART_MspInit)
    HAL_UART_Transmit                        0x08001a55   Thumb Code   176  stm32l4xx_hal_uart.o(i.HAL_UART_Transmit)
    HardWare_Init                            0x08001b05   Thumb Code    36  main.o(i.HardWare_Init)
    HexStrToStr                              0x08001b5d   Thumb Code    82  bc95.o(i.HexStrToStr)
    I2C_Ack                                  0x08001bb1   Thumb Code    80  bh1750.o(i.I2C_Ack)
    I2C_NAck                                 0x08001c55   Thumb Code    80  bh1750.o(i.I2C_NAck)
    I2C_ReadByte                             0x08001ca9   Thumb Code   112  bh1750.o(i.I2C_ReadByte)
    I2C_SendByte                             0x08001d1d   Thumb Code   116  bh1750.o(i.I2C_SendByte)
    I2C_Start                                0x08001d95   Thumb Code    80  bh1750.o(i.I2C_Start)
    I2C_Stop                                 0x08001de9   Thumb Code    82  bh1750.o(i.I2C_Stop)
    I2C_WaitAck                              0x08001e41   Thumb Code   102  bh1750.o(i.I2C_WaitAck)
    Init_BH1750                              0x08001ead   Thumb Code    16  bh1750.o(i.Init_BH1750)
    LOS_Align                                0x08001ebd   Thumb Code    20  los_misc.o(i.LOS_Align)
    LOS_ErrHandle                            0x08001ed1   Thumb Code    22  los_err.o(i.LOS_ErrHandle)
    LOS_HwiCreate                            0x08001eed   Thumb Code   150  los_hwi.o(i.LOS_HwiCreate)
    LOS_KernelInit                           0x08001f99   Thumb Code   136  los_init.o(i.LOS_KernelInit)
    LOS_MemAlloc                             0x080020df   Thumb Code    40  los_memory.o(i.LOS_MemAlloc)
    LOS_MemAllocAlign                        0x08002107   Thumb Code     4  los_memory.o(i.LOS_MemAllocAlign)
    LOS_MemFree                              0x0800210b   Thumb Code    38  los_memory.o(i.LOS_MemFree)
    LOS_MemInit                              0x08002131   Thumb Code   160  los_memory.o(i.LOS_MemInit)
    LOS_MuxCreate                            0x08002215   Thumb Code   102  los_mux.o(i.LOS_MuxCreate)
    LOS_MuxDelete                            0x0800229d   Thumb Code   118  los_mux.o(i.LOS_MuxDelete)
    LOS_MuxPend                              0x08002335   Thumb Code   250  los_mux.o(i.LOS_MuxPend)
    LOS_MuxPost                              0x08002485   Thumb Code   156  los_mux.o(i.LOS_MuxPost)
    LOS_QueueCreate                          0x08002545   Thumb Code   182  los_queue.o(i.LOS_QueueCreate)
    LOS_QueueDelete                          0x08002609   Thumb Code   138  los_queue.o(i.LOS_QueueDelete)
    LOS_QueueReadCopy                        0x080026a1   Thumb Code    34  los_queue.o(i.LOS_QueueReadCopy)
    LOS_QueueWriteCopy                       0x080026c3   Thumb Code    38  los_queue.o(i.LOS_QueueWriteCopy)
    LOS_Schedule                             0x080026e9   Thumb Code    54  los_hw.o(i.LOS_Schedule)
    LOS_SemCreate                            0x08002729   Thumb Code    10  los_sem.o(i.LOS_SemCreate)
    LOS_SemDelete                            0x08002735   Thumb Code   110  los_sem.o(i.LOS_SemDelete)
    LOS_SemPend                              0x080027c5   Thumb Code   208  los_sem.o(i.LOS_SemPend)
    LOS_SemPost                              0x0800290d   Thumb Code   140  los_sem.o(i.LOS_SemPost)
    LOS_Start                                0x080029b9   Thumb Code    32  los_init.o(i.LOS_Start)
    LOS_TaskCreate                           0x080029f5   Thumb Code   106  los_task.o(i.LOS_TaskCreate)
    LOS_TaskCreateOnly                       0x08002a65   Thumb Code   322  los_task.o(i.LOS_TaskCreateOnly)
    LOS_TaskDelay                            0x08002bc9   Thumb Code    94  los_task.o(i.LOS_TaskDelay)
    LOS_TaskDelete                           0x08002c35   Thumb Code   300  los_task.o(i.LOS_TaskDelete)
    LOS_TaskNameGet                          0x08002d6d   Thumb Code    52  los_task.o(i.LOS_TaskNameGet)
    LOS_TaskYield                            0x08002da5   Thumb Code   102  los_task.o(i.LOS_TaskYield)
    LOS_TickCountGet                         0x08002e15   Thumb Code     8  los_sys.o(i.LOS_TickCountGet)
    MX_GPIO_Init                             0x08002e21   Thumb Code   278  gpio.o(i.MX_GPIO_Init)
    MX_USART1_UART_Init                      0x08002f49   Thumb Code    56  usart.o(i.MX_USART1_UART_Init)
    OC_cmd_match                             0x08002f99   Thumb Code    18  main.o(i.OC_cmd_match)
    Read_BH1750                              0x08003155   Thumb Code    68  bh1750.o(i.Read_BH1750)
    Start_BH1750                             0x0800319d   Thumb Code    18  bh1750.o(i.Start_BH1750)
    SystemClock_Config                       0x080031b1   Thumb Code   152  sys_init.o(i.SystemClock_Config)
    SystemInit                               0x0800324d   Thumb Code    56  system_stm32l4xx.o(i.SystemInit)
    UART_AdvFeatureConfig                    0x08003291   Thumb Code   200  stm32l4xx_hal_uart.o(i.UART_AdvFeatureConfig)
    UART_CheckIdleState                      0x08003359   Thumb Code    92  stm32l4xx_hal_uart.o(i.UART_CheckIdleState)
    UART_SetConfig                           0x080033b5   Thumb Code   554  stm32l4xx_hal_uart.o(i.UART_SetConfig)
    UART_WaitOnFlagUntilTimeout              0x08003609   Thumb Code   100  stm32l4xx_hal_uart.o(i.UART_WaitOnFlagUntilTimeout)
    _Error_Handler                           0x0800366d   Thumb Code     2  sys_init.o(i._Error_Handler)
    __0printf$8                              0x08003671   Thumb Code    22  printf8.o(i.__0printf$8)
    __1printf$8                              0x08003671   Thumb Code     0  printf8.o(i.__0printf$8)
    __2printf                                0x08003671   Thumb Code     0  printf8.o(i.__0printf$8)
    __0snprintf$8                            0x08003691   Thumb Code    44  printf8.o(i.__0snprintf$8)
    __1snprintf$8                            0x08003691   Thumb Code     0  printf8.o(i.__0snprintf$8)
    __2snprintf                              0x08003691   Thumb Code     0  printf8.o(i.__0snprintf$8)
    __0sprintf$8                             0x080036c1   Thumb Code    34  printf8.o(i.__0sprintf$8)
    __1sprintf$8                             0x080036c1   Thumb Code     0  printf8.o(i.__0sprintf$8)
    __2sprintf                               0x080036c1   Thumb Code     0  printf8.o(i.__0sprintf$8)
    __scatterload_copy                       0x08003709   Thumb Code    14  handlers.o(i.__scatterload_copy)
    __scatterload_null                       0x08003717   Thumb Code     2  handlers.o(i.__scatterload_null)
    __scatterload_zeroinit                   0x08003719   Thumb Code    14  handlers.o(i.__scatterload_zeroinit)
    at_cmd                                   0x08003bb1   Thumb Code    48  at_main.o(i.at_cmd)
    at_cmd_multi_suffix                      0x08003be1   Thumb Code   222  at_main.o(i.at_cmd_multi_suffix)
    at_deinit                                0x08003cf5   Thumb Code   110  at_main.o(i.at_deinit)
    at_free                                  0x08003dc5   Thumb Code    10  at_main.o(i.at_free)
    at_get_time                              0x08003e19   Thumb Code    16  at_main.o(i.at_get_time)
    at_get_unuse_linkid                      0x08003e29   Thumb Code    52  at_main.o(i.at_get_unuse_linkid)
    at_init                                  0x08003ed1   Thumb Code   152  at_main.o(i.at_init)
    at_init_oob                              0x08004051   Thumb Code    18  at_main.o(i.at_init_oob)
    at_irq_handler                           0x08004069   Thumb Code   106  at_hal.o(i.at_irq_handler)
    at_listener_list_add                     0x080040e5   Thumb Code    26  at_main.o(i.at_listener_list_add)
    at_listner_list_del                      0x08004105   Thumb Code    34  at_main.o(i.at_listner_list_del)
    at_listner_list_destroy                  0x0800412d   Thumb Code    28  at_main.o(i.at_listner_list_destroy)
    at_malloc                                0x08004149   Thumb Code    28  at_main.o(i.at_malloc)
    at_oob_register                          0x08004169   Thumb Code    76  at_main.o(i.at_oob_register)
    at_recv_task                             0x080041b9   Thumb Code   198  at_main.o(i.at_recv_task)
    at_struct_deinit                         0x0800439d   Thumb Code   222  at_main.o(i.at_struct_deinit)
    at_struct_init                           0x08004525   Thumb Code   428  at_main.o(i.at_struct_init)
    at_transmit                              0x08004881   Thumb Code    56  at_hal.o(i.at_transmit)
    at_usart_deinit                          0x080048c1   Thumb Code    34  at_hal.o(i.at_usart_deinit)
    at_usart_init                            0x080048e9   Thumb Code   130  at_hal.o(i.at_usart_init)
    at_write                                 0x08004999   Thumb Code   206  at_main.o(i.at_write)
    cloud_cmd_matching                       0x08004a79   Thumb Code    74  at_main.o(i.cloud_cmd_matching)
    creat_data_collection_task               0x08004ac9   Thumb Code    36  main.o(i.creat_data_collection_task)
    creat_data_report_task                   0x08004b0d   Thumb Code    36  main.o(i.creat_data_report_task)
    create_at_recv_task                      0x08004b4d   Thumb Code    36  at_main.o(i.create_at_recv_task)
    data_collection_task                     0x08004b89   Thumb Code    62  main.o(i.data_collection_task)
    data_report_task                         0x08004c2d   Thumb Code   124  main.o(i.data_report_task)
    dwt_delay_init                           0x08004e09   Thumb Code    30  dwt.o(i.dwt_delay_init)
    fputc                                    0x08004e35   Thumb Code    20  usart.o(i.fputc)
    los_nb_init                              0x08004e4d   Thumb Code   114  los_nb_api.o(i.los_nb_init)
    los_nb_notify                            0x08004ee5   Thumb Code    30  los_nb_api.o(i.los_nb_notify)
    los_nb_report                            0x08004f09   Thumb Code    16  los_nb_api.o(i.los_nb_report)
    main                                     0x08004f19   Thumb Code    36  main.o(i.main)
    nb_check_csq                             0x08004f3d   Thumb Code    30  bc95.o(i.nb_check_csq)
    nb_cmd_data_ioctl                        0x08004f71   Thumb Code   166  main.o(i.nb_cmd_data_ioctl)
    nb_get_netstat                           0x08005075   Thumb Code    30  bc95.o(i.nb_get_netstat)
    nb_hw_detect                             0x080050ad   Thumb Code    22  bc95.o(i.nb_hw_detect)
    nb_query_ip                              0x080050dd   Thumb Code    30  bc95.o(i.nb_query_ip)
    nb_reboot                                0x08005119   Thumb Code    22  bc95.o(i.nb_reboot)
    nb_send_payload                          0x08005141   Thumb Code   210  bc95.o(i.nb_send_payload)
    nb_send_psk                              0x0800528d   Thumb Code    94  bc95.o(i.nb_send_psk)
    nb_set_cdpserver                         0x08005329   Thumb Code   216  bc95.o(i.nb_set_cdpserver)
    nb_set_no_encrypt                        0x08005451   Thumb Code    30  bc95.o(i.nb_set_no_encrypt)
    osAlarmHeapInfo                          0x08005489   Thumb Code    26  los_heap.o(i.osAlarmHeapInfo)
    osAtomicBitsetClearBit                   0x080054a3   Thumb Code    30  los_slab.o(i.osAtomicBitsetClearBit)
    osAtomicBitsetFindClearAndSet            0x080054c1   Thumb Code    66  los_slab.o(i.osAtomicBitsetFindClearAndSet)
    osAtomicBitsetGetBit                     0x08005503   Thumb Code    34  los_slab.o(i.osAtomicBitsetGetBit)
    osAtomicBitsetInit                       0x08005525   Thumb Code    44  los_slab.o(i.osAtomicBitsetInit)
    osHeapAlloc                              0x08005551   Thumb Code   228  los_heap.o(i.osHeapAlloc)
    osHeapAllocAlign                         0x08005671   Thumb Code    58  los_heap.o(i.osHeapAllocAlign)
    osHeapFree                               0x080056ad   Thumb Code   226  los_heap.o(i.osHeapFree)
    osHeapInit                               0x080057b1   Thumb Code    58  los_heap.o(i.osHeapInit)
    osHeapPrvGetNext                         0x080057eb   Thumb Code    22  los_heap.o(i.osHeapPrvGetNext)
    osHeapStatisticsGet                      0x08005801   Thumb Code    66  los_heap.o(i.osHeapStatisticsGet)
    osHwiDefaultHandler                      0x08005849   Thumb Code    22  los_hwi.o(i.osHwiDefaultHandler)
    osHwiInit                                0x0800587d   Thumb Code    44  los_hwi.o(i.osHwiInit)
    osIdleTask                               0x080058b9   Thumb Code     2  los_task.o(i.osIdleTask)
    osIdleTaskCreate                         0x080058bd   Thumb Code    44  los_task.o(i.osIdleTaskCreate)
    osIntNumGet                              0x080058fd   Thumb Code     6  los_hwi.o(i.osIntNumGet)
    osInterrupt                              0x08005905   Thumb Code    50  los_hwi.o(i.osInterrupt)
    osMemSystemInit                          0x08005941   Thumb Code    16  los_memory.o(i.osMemSystemInit)
    osMuxInit                                0x08005959   Thumb Code    74  los_mux.o(i.osMuxInit)
    osPriqueueDequeue                        0x080059b1   Thumb Code    50  los_priqueue.o(i.osPriqueueDequeue)
    osPriqueueEnqueue                        0x080059e9   Thumb Code    44  los_priqueue.o(i.osPriqueueEnqueue)
    osPriqueueInit                           0x08005a19   Thumb Code    42  los_priqueue.o(i.osPriqueueInit)
    osPriqueueSize                           0x08005a4d   Thumb Code    30  los_priqueue.o(i.osPriqueueSize)
    osPriqueueTop                            0x08005a71   Thumb Code    24  los_priqueue.o(i.osPriqueueTop)
    osQueueInit                              0x08005b5d   Thumb Code    80  los_queue.o(i.osQueueInit)
    osQueueOperate                           0x08005bb9   Thumb Code   342  los_queue.o(i.osQueueOperate)
    osSchedule                               0x08005d91   Thumb Code     4  los_hw.o(i.osSchedule)
    osSemCreate                              0x08005d95   Thumb Code   124  los_sem.o(i.osSemCreate)
    osSemInit                                0x08005e31   Thumb Code    72  los_sem.o(i.osSemInit)
    osSlabAllocatorAlloc                     0x08005e85   Thumb Code    28  los_slab.o(i.osSlabAllocatorAlloc)
    osSlabAllocatorFree                      0x08005ea1   Thumb Code    56  los_slab.o(i.osSlabAllocatorFree)
    osSlabAllocatorNew                       0x08005ed9   Thumb Code    70  los_slab.o(i.osSlabAllocatorNew)
    osSlabBlockHeadFill                      0x08005f1f   Thumb Code    20  los_slabmem.o(i.osSlabBlockHeadFill)
    osSlabCtrlHdrGet                         0x08005f33   Thumb Code     4  los_memory.o(i.osSlabCtrlHdrGet)
    osSlabMemAlloc                           0x08005f37   Thumb Code    98  los_slabmem.o(i.osSlabMemAlloc)
    osSlabMemFree                            0x08005f99   Thumb Code    94  los_slabmem.o(i.osSlabMemFree)
    osSlabMemInit                            0x08005ff9   Thumb Code    82  los_slabmem.o(i.osSlabMemInit)
    osSwTmrInit                              0x08006051   Thumb Code   112  los_swtmr.o(i.osSwTmrInit)
    osSwTmrStart                             0x080060d1   Thumb Code   382  los_swtmr.o(i.osSwTmrStart)
    osSwTmrTask                              0x08006261   Thumb Code    56  los_swtmr.o(i.osSwTmrTask)
    osSwTmrTaskCreate                        0x0800629d   Thumb Code    44  los_swtmr.o(i.osSwTmrTaskCreate)
    osSwtmrScan                              0x08006369   Thumb Code    24  los_swtmr.o(i.osSwtmrScan)
    osTaskAdd2TimerList                      0x08006385   Thumb Code   126  los_task.o(i.osTaskAdd2TimerList)
    osTaskEntry                              0x08006409   Thumb Code    38  los_task.o(i.osTaskEntry)
    osTaskExit                               0x08006435   Thumb Code     4  los_hw.o(i.osTaskExit)
    osTaskInit                               0x08006439   Thumb Code   200  los_task.o(i.osTaskInit)
    osTaskMonInit                            0x0800650d   Thumb Code    30  los_task.o(i.osTaskMonInit)
    osTaskPriModify                          0x08006539   Thumb Code    48  los_task.o(i.osTaskPriModify)
    osTaskScan                               0x08006569   Thumb Code   174  los_task.o(i.osTaskScan)
    osTaskSwitchCheck                        0x0800661d   Thumb Code   170  los_task.o(i.osTaskSwitchCheck)
    osTaskWait                               0x08006759   Thumb Code    70  los_task.o(i.osTaskWait)
    osTaskWake                               0x080067a5   Thumb Code    64  los_task.o(i.osTaskWake)
    osTickHandler                            0x080067e5   Thumb Code    34  los_tick.o(i.osTickHandler)
    osTickStart                              0x0800680d   Thumb Code    98  los_hw_tick.o(i.osTickStart)
    osTimerListDelete                        0x08006899   Thumb Code    48  los_task.o(i.osTimerListDelete)
    osTimesliceCheck                         0x080068cd   Thumb Code    44  los_timeslice.o(i.osTimesliceCheck)
    osTimesliceInit                          0x08006905   Thumb Code    12  los_timeslice.o(i.osTimesliceInit)
    osTskStackInit                           0x08006915   Thumb Code   124  los_hw.o(i.osTskStackInit)
    read_resp                                0x08006999   Thumb Code   194  at_hal.o(i.read_resp)
    store_resp_buf                           0x08006a9d   Thumb Code    22  at_main.o(i.store_resp_buf)
    str_to_hex                               0x08006ab5   Thumb Code    52  bc95.o(i.str_to_hex)
    write_at_task_msg                        0x08006af1   Thumb Code    38  at_hal.o(i.write_at_task_msg)
    AHBPrescTable                            0x08006b20   Data          16  system_stm32l4xx.o(.constdata)
    MSIRangeTable                            0x08006b30   Data          48  system_stm32l4xx.o(.constdata)
    APBPrescTable                            0x08006b60   Data           8  system_stm32l4xx.o(.constdata)
    __ctype_categories                       0x08006ccb   Data          64  ctype_c.o(.constdata)
    __LOS_HEAP_ADDR_START__                  0x08006db0   Data           0  los_startup_keil.o(LOS_HEAP_INFO)
    __LOS_HEAP_ADDR_END__                    0x08006db4   Data           0  los_startup_keil.o(LOS_HEAP_INFO)
    Region$$Table$$Base                      0x08006db8   Number         0  anon$$obj.o(Region$$Table)
    Region$$Table$$Limit                     0x08006de8   Number         0  anon$$obj.o(Region$$Table)
    m_pstHwiForm                             0x20000000   Data        1024  los_hwi.o(.data.vector)
    SystemCoreClock                          0x20000400   Data           4  system_stm32l4xx.o(.data)
    g_TskHandle                              0x20000404   Data           4  main.o(.data)
    BH1750_send                              0x20000408   Data           6  main.o(.data)
    buff_full                                0x20000414   Data           1  at_hal.o(.data)
    wi                                       0x20000424   Data           4  at_hal.o(.data)
    wi_bak                                   0x20000428   Data           4  at_hal.o(.data)
    ri                                       0x2000042c   Data           4  at_hal.o(.data)
    at_user_conf                             0x20000430   Data          36  bc95.o(.data)
    g_pstLosPriorityQueueList                0x20000460   Data           4  los_priqueue.o(.data)
    m_uwSwTmrHandlerQueue                    0x20000470   Data           4  los_swtmr.o(.data)
    m_pstSwtmrCBArray                        0x20000474   Data           4  los_swtmr.o(.data)
    m_pstSwtmrFreeList                       0x20000478   Data           4  los_swtmr.o(.data)
    m_pstSwtmrSortList                       0x2000047c   Data           4  los_swtmr.o(.data)
    g_usLosTaskLock                          0x20000480   Data           2  los_task.o(.data)
    g_pfnTskSwitchHook                       0x20000484   Data           4  los_task.o(.data)
    g_pfnUsrTskSwitchHook                    0x20000488   Data           4  los_task.o(.data)
    g_pstTaskCBArray                         0x2000048c   Data           4  los_task.o(.data)
    g_uwTskMaxNum                            0x20000490   Data           4  los_task.o(.data)
    g_uwIdleTaskID                           0x20000494   Data           4  los_task.o(.data)
    g_uwSwtmrTaskID                          0x20000498   Data           4  los_task.o(.data)
    g_bTaskScheduled                         0x2000049c   Data           4  los_task.o(.data)
    g_stLosTask                              0x200004a0   Data           8  los_task.o(.data)
    g_stTaskTimerList                        0x200004a8   Data           8  los_task.o(.data)
    g_stLosFreeTask                          0x200004b0   Data           8  los_task.o(.data)
    g_stTskRecyleList                        0x200004b8   Data           8  los_task.o(.data)
    g_stTskSortLink                          0x200004c0   Data           8  los_task.o(.data)
    g_bSysTickStart                          0x200004c8   Data           4  los_tick.o(.data)
    g_uwSysClock                             0x200004d0   Data           4  los_tick.o(.data)
    g_ullTickCount                           0x200004d8   Data           8  los_tick.o(.data)
    g_uwCyclesPerTick                        0x200004e0   Data           4  los_tick.o(.data)
    g_stTaskTimeSlice                        0x200004e4   Data           8  los_timeslice.o(.data)
    g_pstAllMux                              0x200004ec   Data           4  los_mux.o(.data)
    g_stUnusedMuxList                        0x200004f0   Data           8  los_mux.o(.data)
    g_pstAllQueue                            0x200004f8   Data           4  los_queue.o(.data)
    g_stFreeQueueList                        0x200004fc   Data           8  los_queue.o(.data)
    g_pstAllSem                              0x20000504   Data           4  los_sem.o(.data)
    g_stUnusedSemList                        0x20000508   Data           8  los_sem.o(.data)
    g_pPoolHead                              0x20000520   Data           4  los_memory.o(.data)
    g_stUserErrFunc                          0x20000524   Data           4  los_err.o(.data)
    m_aucSysMem0                             0x20000528   Data           4  los_init.o(.data)
    g_vuwIntCount                            0x2000052c   Data           4  los_hwi.o(.data)
    BUF                                      0x20000530   Data           2  bh1750.o(.data)
    result                                   0x20000532   Data           2  bh1750.o(.data)
    result_lx                                0x20000534   Data           4  bh1750.o(.data)
    at                                       0x20000538   Data          96  at_main.o(.data)
    __stdout                                 0x20000598   Data           4  stdout.o(.data)
    bc95_net_data                            0x2000059c   Data          30  main.o(.bss)
    huart1                                   0x200005bc   Data         120  usart.o(.bss)
    huart2                                   0x20000634   Data         120  usart.o(.bss)
    at_usart                                 0x200006ac   Data         120  at_hal.o(.bss)
    tmpbuf                                   0x20000724   Data        1024  bc95.o(.bss)
    sockinfo                                 0x20000b24   Data         220  bc95.o(.bss)
    m_uwSwTmrAlignID                         0x20000c0c   Data          64  los_swtmr.o(.bss)
    g_astTskSwitchInfo                       0x20000c4c   Data         342  los_task.o(.bss)
    m_pstHwiSlaveForm                        0x20000da4   Data        1024  los_hwi.o(.bss)
    rbuf                                     0x200011a4   Data        1024  at_main.o(.bss)
    wbuf                                     0x200015a4   Data        1024  at_main.o(.bss)
    at_oob                                   0x200019a4   Data         304  at_main.o(.bss)
    Image$$ARM_LIB_STACKHEAP$$ZI$$Base       0x2000fc00   Number         0  anon$$obj.o ABSOLUTE
    Image$$ARM_LIB_STACKHEAP$$ZI$$Limit      0x20010000   Number         0  anon$$obj.o ABSOLUTE



==============================================================================

Memory Map of the image

  Image Entry point : 0x0800002d

  Load Region LR_IROM1 (Base: 0x08000000, Size: 0x00007384, Max: 0x00040000, ABSOLUTE, COMPRESSED[0x00006e48])

    Execution Region ER_IROM1 (Exec base: 0x08000000, Load base: 0x08000000, Size: 0x00006de8, Max: 0x00040000, ABSOLUTE)

    Exec Addr    Load Addr    Size         Type   Attr      Idx    E Section Name        Object

    0x08000000   0x08000000   0x0000002c   Code   RO            4    RESET               los_startup_keil.o
    0x0800002c   0x0800002c   0x00000000   Code   RO         5886  * .ARM.Collect$$$$00000000  mc_w.l(entry.o)
    0x0800002c   0x0800002c   0x00000004   Code   RO         6186    .ARM.Collect$$$$00000002  mc_w.l(entry3.o)
    0x08000030   0x08000030   0x00000004   Code   RO         6189    .ARM.Collect$$$$00000004  mc_w.l(entry5.o)
    0x08000034   0x08000034   0x00000000   Code   RO         6191    .ARM.Collect$$$$00000008  mc_w.l(entry7b.o)
    0x08000034   0x08000034   0x00000000   Code   RO         6193    .ARM.Collect$$$$0000000A  mc_w.l(entry8b.o)
    0x08000034   0x08000034   0x00000008   Code   RO         6194    .ARM.Collect$$$$0000000B  mc_w.l(entry9a.o)
    0x0800003c   0x0800003c   0x00000000   Code   RO         6196    .ARM.Collect$$$$0000000D  mc_w.l(entry10a.o)
    0x0800003c   0x0800003c   0x00000000   Code   RO         6198    .ARM.Collect$$$$0000000F  mc_w.l(entry11a.o)
    0x0800003c   0x0800003c   0x00000004   Code   RO         6187    .ARM.Collect$$$$00002713  mc_w.l(entry3.o)
    0x08000040   0x08000040   0x00000102   Code   RO         2815    .text               los_dispatch_keil.o
    0x08000142   0x08000142   0x00000068   Code   RO         5889    .text               mc_w.l(uldiv.o)
    0x080001aa   0x080001aa   0x0000000c   Code   RO         5891    .text               mc_w.l(toupper.o)
    0x080001b6   0x080001b6   0x00000024   Code   RO         5893    .text               mc_w.l(memcpya.o)
    0x080001da   0x080001da   0x00000024   Code   RO         5895    .text               mc_w.l(memseta.o)
    0x080001fe   0x080001fe   0x00000024   Code   RO         5897    .text               mc_w.l(strstr.o)
    0x08000222   0x08000222   0x0000000e   Code   RO         5901    .text               mc_w.l(strlen.o)
    0x08000230   0x08000230   0x0000001c   Code   RO         5903    .text               mc_w.l(strcmp.o)
    0x0800024c   0x0800024c   0x00000038   Code   RO         6170    .text               mc_w.l(__0sscanf.o)
    0x08000284   0x08000284   0x00000152   Code   RO         6172    .text               mc_w.l(_scanf_int.o)
    0x080003d6   0x080003d6   0x000000e6   Code   RO         6174    .text               mc_w.l(_scanf_str.o)
    0x080004bc   0x080004bc   0x000000de   Code   RO         6176    .text               mf_w.l(ddiv.o)
    0x0800059a   0x0800059a   0x0000001a   Code   RO         6178    .text               mf_w.l(dfltui.o)
    0x080005b4   0x080005b4   0x00000038   Code   RO         6184    .text               mf_w.l(d2f.o)
    0x080005ec   0x080005ec   0x0000001e   Code   RO         6203    .text               mc_w.l(llshl.o)
    0x0800060a   0x0800060a   0x00000020   Code   RO         6205    .text               mc_w.l(llushr.o)
    0x0800062a   0x0800062a   0x0000001c   Code   RO         6207    .text               mc_w.l(_chval.o)
    0x08000646   0x08000646   0x00000002   PAD
    0x08000648   0x08000648   0x00000028   Code   RO         6209    .text               mc_w.l(scanf_char.o)
    0x08000670   0x08000670   0x00000040   Code   RO         6211    .text               mc_w.l(_sgetc.o)
    0x080006b0   0x080006b0   0x00000000   Code   RO         6213    .text               mc_w.l(iusefp.o)
    0x080006b0   0x080006b0   0x0000006e   Code   RO         6214    .text               mf_w.l(fepilogue.o)
    0x0800071e   0x0800071e   0x000000ba   Code   RO         6216    .text               mf_w.l(depilogue.o)
    0x080007d8   0x080007d8   0x00000024   Code   RO         6224    .text               mc_w.l(init.o)
    0x080007fc   0x080007fc   0x0000000a   Code   RO         6228    .text               mc_w.l(isspace_c.o)
    0x08000806   0x08000806   0x00000002   PAD
    0x08000808   0x08000808   0x00000332   Code   RO         6230    .text               mc_w.l(_scanf.o)
    0x08000b3a   0x08000b3a   0x00000002   PAD
    0x08000b3c   0x08000b3c   0x00000028   Code   RO         6232    .text               mc_w.l(ctype_c.o)
    0x08000b64   0x08000b64   0x00000056   Code   RO         6243    .text               mc_w.l(__dczerorl2.o)
    0x08000bba   0x08000bba   0x00000002   PAD
    0x08000bbc   0x08000bbc   0x00000040   Code   RO         5349    i.Cmd_Write_BH1750  bh1750.o
    0x08000bfc   0x08000bfc   0x0000004c   Code   RO         5350    i.Convert_BH1750    bh1750.o
    0x08000c48   0x08000c48   0x0000018e   Code   RO         4636    i.HAL_GPIO_Init     stm32l4xx_hal_gpio.o
    0x08000dd6   0x08000dd6   0x0000000a   Code   RO         4638    i.HAL_GPIO_ReadPin  stm32l4xx_hal_gpio.o
    0x08000de0   0x08000de0   0x0000000a   Code   RO         4640    i.HAL_GPIO_WritePin  stm32l4xx_hal_gpio.o
    0x08000dea   0x08000dea   0x00000008   Code   RO          516    i.HAL_GetTick       sys_init.o
    0x08000df2   0x08000df2   0x00000016   Code   RO         3448    i.HAL_Init          stm32l4xx_hal.o
    0x08000e08   0x08000e08   0x00000028   Code   RO         3449    i.HAL_InitTick      stm32l4xx_hal.o
    0x08000e30   0x08000e30   0x00000080   Code   RO          454    i.HAL_MspInit       stm32l4xx_hal_msp.o
    0x08000eb0   0x08000eb0   0x0000001a   Code   RO         5117    i.HAL_NVIC_EnableIRQ  stm32l4xx_hal_cortex.o
    0x08000eca   0x08000eca   0x00000002   PAD
    0x08000ecc   0x08000ecc   0x00000040   Code   RO         5123    i.HAL_NVIC_SetPriority  stm32l4xx_hal_cortex.o
    0x08000f0c   0x08000f0c   0x00000024   Code   RO         5124    i.HAL_NVIC_SetPriorityGrouping  stm32l4xx_hal_cortex.o
    0x08000f30   0x08000f30   0x00000064   Code   RO         4927    i.HAL_PWREx_ControlVoltageScaling  stm32l4xx_hal_pwr_ex.o
    0x08000f94   0x08000f94   0x00000010   Code   RO         4950    i.HAL_PWREx_GetVoltageRange  stm32l4xx_hal_pwr_ex.o
    0x08000fa4   0x08000fa4   0x000002ba   Code   RO         4279    i.HAL_RCCEx_PeriphCLKConfig  stm32l4xx_hal_rcc_ex.o
    0x0800125e   0x0800125e   0x00000002   PAD
    0x08001260   0x08001260   0x00000114   Code   RO         4157    i.HAL_RCC_ClockConfig  stm32l4xx_hal_rcc.o
    0x08001374   0x08001374   0x00000020   Code   RO         4163    i.HAL_RCC_GetPCLK1Freq  stm32l4xx_hal_rcc.o
    0x08001394   0x08001394   0x00000020   Code   RO         4164    i.HAL_RCC_GetPCLK2Freq  stm32l4xx_hal_rcc.o
    0x080013b4   0x080013b4   0x000000c4   Code   RO         4165    i.HAL_RCC_GetSysClockFreq  stm32l4xx_hal_rcc.o
    0x08001478   0x08001478   0x000004b4   Code   RO         4168    i.HAL_RCC_OscConfig  stm32l4xx_hal_rcc.o
    0x0800192c   0x0800192c   0x00000028   Code   RO         5128    i.HAL_SYSTICK_Config  stm32l4xx_hal_cortex.o
    0x08001954   0x08001954   0x0000006a   Code   RO         3048    i.HAL_UART_Init     stm32l4xx_hal_uart.o
    0x080019be   0x080019be   0x00000002   PAD
    0x080019c0   0x080019c0   0x00000094   Code   RO          401    i.HAL_UART_MspInit  usart.o
    0x08001a54   0x08001a54   0x000000b0   Code   RO         3056    i.HAL_UART_Transmit  stm32l4xx_hal_uart.o
    0x08001b04   0x08001b04   0x00000058   Code   RO          207    i.HardWare_Init     main.o
    0x08001b5c   0x08001b5c   0x00000052   Code   RO          619    i.HexStrToStr       bc95.o
    0x08001bae   0x08001bae   0x00000002   PAD
    0x08001bb0   0x08001bb0   0x00000054   Code   RO         5351    i.I2C_Ack           bh1750.o
    0x08001c04   0x08001c04   0x00000050   Code   RO         5353    i.I2C_InitGPIO      bh1750.o
    0x08001c54   0x08001c54   0x00000054   Code   RO         5354    i.I2C_NAck          bh1750.o
    0x08001ca8   0x08001ca8   0x00000074   Code   RO         5355    i.I2C_ReadByte      bh1750.o
    0x08001d1c   0x08001d1c   0x00000078   Code   RO         5356    i.I2C_SendByte      bh1750.o
    0x08001d94   0x08001d94   0x00000054   Code   RO         5357    i.I2C_Start         bh1750.o
    0x08001de8   0x08001de8   0x00000058   Code   RO         5358    i.I2C_Stop          bh1750.o
    0x08001e40   0x08001e40   0x0000006c   Code   RO         5359    i.I2C_WaitAck       bh1750.o
    0x08001eac   0x08001eac   0x00000010   Code   RO         5360    i.Init_BH1750       bh1750.o
    0x08001ebc   0x08001ebc   0x00000014   Code   RO         2675    i.LOS_Align         los_misc.o
    0x08001ed0   0x08001ed0   0x0000001c   Code   RO         2705    i.LOS_ErrHandle     los_err.o
    0x08001eec   0x08001eec   0x000000ac   Code   RO         2915    i.LOS_HwiCreate     los_hwi.o
    0x08001f98   0x08001f98   0x000000f4   Code   RO         2738    i.LOS_KernelInit    los_init.o
    0x0800208c   0x0800208c   0x0000000e   Code   RO         1548    i.LOS_ListAdd       los_task.o
    0x0800209a   0x0800209a   0x0000000e   Code   RO         1981    i.LOS_ListAdd       los_mux.o
    0x080020a8   0x080020a8   0x0000000e   Code   RO         2046    i.LOS_ListAdd       los_queue.o
    0x080020b6   0x080020b6   0x0000000e   Code   RO         2169    i.LOS_ListAdd       los_sem.o
    0x080020c4   0x080020c4   0x00000014   Code   RO         1549    i.LOS_ListDelete    los_task.o
    0x080020d8   0x080020d8   0x00000006   Code   RO         1550    i.LOS_ListTailInsert  los_task.o
    0x080020de   0x080020de   0x00000028   Code   RO         2315    i.LOS_MemAlloc      los_memory.o
    0x08002106   0x08002106   0x00000004   Code   RO         2316    i.LOS_MemAllocAlign  los_memory.o
    0x0800210a   0x0800210a   0x00000026   Code   RO         2318    i.LOS_MemFree       los_memory.o
    0x08002130   0x08002130   0x000000e2   Code   RO         2320    i.LOS_MemInit       los_memory.o
    0x08002212   0x08002212   0x00000002   PAD
    0x08002214   0x08002214   0x00000088   Code   RO         1982    i.LOS_MuxCreate     los_mux.o
    0x0800229c   0x0800229c   0x00000098   Code   RO         1983    i.LOS_MuxDelete     los_mux.o
    0x08002334   0x08002334   0x00000150   Code   RO         1984    i.LOS_MuxPend       los_mux.o
    0x08002484   0x08002484   0x000000c0   Code   RO         1985    i.LOS_MuxPost       los_mux.o
    0x08002544   0x08002544   0x000000c4   Code   RO         2047    i.LOS_QueueCreate   los_queue.o
    0x08002608   0x08002608   0x00000098   Code   RO         2048    i.LOS_QueueDelete   los_queue.o
    0x080026a0   0x080026a0   0x00000022   Code   RO         2051    i.LOS_QueueReadCopy  los_queue.o
    0x080026c2   0x080026c2   0x00000026   Code   RO         2053    i.LOS_QueueWriteCopy  los_queue.o
    0x080026e8   0x080026e8   0x00000040   Code   RO         2821    i.LOS_Schedule      los_hw.o
    0x08002728   0x08002728   0x0000000a   Code   RO         2170    i.LOS_SemCreate     los_sem.o
    0x08002732   0x08002732   0x00000002   PAD
    0x08002734   0x08002734   0x00000090   Code   RO         2171    i.LOS_SemDelete     los_sem.o
    0x080027c4   0x080027c4   0x00000148   Code   RO         2172    i.LOS_SemPend       los_sem.o
    0x0800290c   0x0800290c   0x000000ac   Code   RO         2173    i.LOS_SemPost       los_sem.o
    0x080029b8   0x080029b8   0x0000003c   Code   RO         2740    i.LOS_Start         los_init.o
    0x080029f4   0x080029f4   0x00000070   Code   RO         1553    i.LOS_TaskCreate    los_task.o
    0x08002a64   0x08002a64   0x00000162   Code   RO         1554    i.LOS_TaskCreateOnly  los_task.o
    0x08002bc6   0x08002bc6   0x00000002   PAD
    0x08002bc8   0x08002bc8   0x0000006c   Code   RO         1555    i.LOS_TaskDelay     los_task.o
    0x08002c34   0x08002c34   0x00000138   Code   RO         1556    i.LOS_TaskDelete    los_task.o
    0x08002d6c   0x08002d6c   0x00000038   Code   RO         1561    i.LOS_TaskNameGet   los_task.o
    0x08002da4   0x08002da4   0x00000070   Code   RO         1569    i.LOS_TaskYield     los_task.o
    0x08002e14   0x08002e14   0x0000000c   Code   RO         1491    i.LOS_TickCountGet  los_sys.o
    0x08002e20   0x08002e20   0x00000128   Code   RO          376    i.MX_GPIO_Init      gpio.o
    0x08002f48   0x08002f48   0x00000050   Code   RO          402    i.MX_USART1_UART_Init  usart.o
    0x08002f98   0x08002f98   0x00000012   Code   RO          208    i.OC_cmd_match      main.o
    0x08002faa   0x08002faa   0x00000002   PAD
    0x08002fac   0x08002fac   0x0000012c   Code   RO         4282    i.RCCEx_PLLSAI1_Config  stm32l4xx_hal_rcc_ex.o
    0x080030d8   0x080030d8   0x0000007c   Code   RO         4169    i.RCC_SetFlashLatencyFromMSIRange  stm32l4xx_hal_rcc.o
    0x08003154   0x08003154   0x00000048   Code   RO         5361    i.Read_BH1750       bh1750.o
    0x0800319c   0x0800319c   0x00000012   Code   RO         5362    i.Start_BH1750      bh1750.o
    0x080031ae   0x080031ae   0x00000002   PAD
    0x080031b0   0x080031b0   0x0000009c   Code   RO          517    i.SystemClock_Config  sys_init.o
    0x0800324c   0x0800324c   0x00000044   Code   RO           13    i.SystemInit        system_stm32l4xx.o
    0x08003290   0x08003290   0x000000c8   Code   RO         3061    i.UART_AdvFeatureConfig  stm32l4xx_hal_uart.o
    0x08003358   0x08003358   0x0000005c   Code   RO         3062    i.UART_CheckIdleState  stm32l4xx_hal_uart.o
    0x080033b4   0x080033b4   0x00000254   Code   RO         3077    i.UART_SetConfig    stm32l4xx_hal_uart.o
    0x08003608   0x08003608   0x00000064   Code   RO         3080    i.UART_WaitOnFlagUntilTimeout  stm32l4xx_hal_uart.o
    0x0800366c   0x0800366c   0x00000002   Code   RO          518    i._Error_Handler    sys_init.o
    0x0800366e   0x0800366e   0x00000002   PAD
    0x08003670   0x08003670   0x00000020   Code   RO         6116    i.__0printf$8       mc_w.l(printf8.o)
    0x08003690   0x08003690   0x00000030   Code   RO         6117    i.__0snprintf$8     mc_w.l(printf8.o)
    0x080036c0   0x080036c0   0x00000028   Code   RO         6118    i.__0sprintf$8      mc_w.l(printf8.o)
    0x080036e8   0x080036e8   0x00000020   Code   RO         5130    i.__NVIC_SetPriority  stm32l4xx_hal_cortex.o
    0x08003708   0x08003708   0x0000000e   Code   RO         6237    i.__scatterload_copy  mc_w.l(handlers.o)
    0x08003716   0x08003716   0x00000002   Code   RO         6238    i.__scatterload_null  mc_w.l(handlers.o)
    0x08003718   0x08003718   0x0000000e   Code   RO         6239    i.__scatterload_zeroinit  mc_w.l(handlers.o)
    0x08003726   0x08003726   0x00000002   PAD
    0x08003728   0x08003728   0x00000416   Code   RO         6123    i._printf_core      mc_w.l(printf8.o)
    0x08003b3e   0x08003b3e   0x00000024   Code   RO         6124    i._printf_post_padding  mc_w.l(printf8.o)
    0x08003b62   0x08003b62   0x0000002e   Code   RO         6125    i._printf_pre_padding  mc_w.l(printf8.o)
    0x08003b90   0x08003b90   0x00000016   Code   RO         6126    i._snputc           mc_w.l(printf8.o)
    0x08003ba6   0x08003ba6   0x0000000a   Code   RO         6127    i._sputc            mc_w.l(printf8.o)
    0x08003bb0   0x08003bb0   0x00000030   Code   RO         5662    i.at_cmd            at_main.o
    0x08003be0   0x08003be0   0x00000114   Code   RO         5664    i.at_cmd_multi_suffix  at_main.o
    0x08003cf4   0x08003cf4   0x000000d0   Code   RO         5665    i.at_deinit         at_main.o
    0x08003dc4   0x08003dc4   0x00000010   Code   RO         5666    i.at_free           at_main.o
    0x08003dd4   0x08003dd4   0x00000044   Code   RO         5667    i.at_get_queue_wait_time  at_main.o
    0x08003e18   0x08003e18   0x00000010   Code   RO         5668    i.at_get_time       at_main.o
    0x08003e28   0x08003e28   0x0000003c   Code   RO         5669    i.at_get_unuse_linkid  at_main.o
    0x08003e64   0x08003e64   0x0000006c   Code   RO         5670    i.at_handle_resp    at_main.o
    0x08003ed0   0x08003ed0   0x00000180   Code   RO         5671    i.at_init           at_main.o
    0x08004050   0x08004050   0x00000018   Code   RO         5672    i.at_init_oob       at_main.o
    0x08004068   0x08004068   0x0000007c   Code   RO          552    i.at_irq_handler    at_hal.o
    0x080040e4   0x080040e4   0x00000020   Code   RO         5673    i.at_listener_list_add  at_main.o
    0x08004104   0x08004104   0x00000028   Code   RO         5674    i.at_listner_list_del  at_main.o
    0x0800412c   0x0800412c   0x0000001c   Code   RO         5675    i.at_listner_list_destroy  at_main.o
    0x08004148   0x08004148   0x00000020   Code   RO         5676    i.at_malloc         at_main.o
    0x08004168   0x08004168   0x00000050   Code   RO         5677    i.at_oob_register   at_main.o
    0x080041b8   0x080041b8   0x0000014c   Code   RO         5678    i.at_recv_task      at_main.o
    0x08004304   0x08004304   0x00000028   Code   RO         5680    i.at_rm_node        at_main.o
    0x0800432c   0x0800432c   0x00000070   Code   RO         5681    i.at_rm_timeout_nodes  at_main.o
    0x0800439c   0x0800439c   0x00000188   Code   RO         5682    i.at_struct_deinit  at_main.o
    0x08004524   0x08004524   0x0000035c   Code   RO         5683    i.at_struct_init    at_main.o
    0x08004880   0x08004880   0x00000040   Code   RO          553    i.at_transmit       at_hal.o
    0x080048c0   0x080048c0   0x00000028   Code   RO          554    i.at_usart_deinit   at_hal.o
    0x080048e8   0x080048e8   0x000000b0   Code   RO          555    i.at_usart_init     at_hal.o
    0x08004998   0x08004998   0x000000e0   Code   RO         5684    i.at_write          at_main.o
    0x08004a78   0x08004a78   0x00000050   Code   RO         5686    i.cloud_cmd_matching  at_main.o
    0x08004ac8   0x08004ac8   0x00000044   Code   RO          209    i.creat_data_collection_task  main.o
    0x08004b0c   0x08004b0c   0x00000040   Code   RO          210    i.creat_data_report_task  main.o
    0x08004b4c   0x08004b4c   0x0000003c   Code   RO         5687    i.create_at_recv_task  at_main.o
    0x08004b88   0x08004b88   0x000000a4   Code   RO          211    i.data_collection_task  main.o
    0x08004c2c   0x08004c2c   0x000001c4   Code   RO          212    i.data_report_task  main.o
    0x08004df0   0x08004df0   0x00000016   Code   RO         5363    i.delayus           bh1750.o
    0x08004e06   0x08004e06   0x00000002   PAD
    0x08004e08   0x08004e08   0x0000002c   Code   RO          480    i.dwt_delay_init    dwt.o
    0x08004e34   0x08004e34   0x00000018   Code   RO          404    i.fputc             usart.o
    0x08004e4c   0x08004e4c   0x00000098   Code   RO         5848    i.los_nb_init       los_nb_api.o
    0x08004ee4   0x08004ee4   0x00000024   Code   RO         5849    i.los_nb_notify     los_nb_api.o
    0x08004f08   0x08004f08   0x00000010   Code   RO         5850    i.los_nb_report     los_nb_api.o
    0x08004f18   0x08004f18   0x00000024   Code   RO          213    i.main              main.o
    0x08004f3c   0x08004f3c   0x00000034   Code   RO          622    i.nb_check_csq      bc95.o
    0x08004f70   0x08004f70   0x00000104   Code   RO          214    i.nb_cmd_data_ioctl  main.o
    0x08005074   0x08005074   0x00000038   Code   RO          633    i.nb_get_netstat    bc95.o
    0x080050ac   0x080050ac   0x00000030   Code   RO          636    i.nb_hw_detect      bc95.o
    0x080050dc   0x080050dc   0x0000003c   Code   RO          638    i.nb_query_ip       bc95.o
    0x08005118   0x08005118   0x00000028   Code   RO          640    i.nb_reboot         bc95.o
    0x08005140   0x08005140   0x0000014c   Code   RO          646    i.nb_send_payload   bc95.o
    0x0800528c   0x0800528c   0x0000009c   Code   RO          647    i.nb_send_psk       bc95.o
    0x08005328   0x08005328   0x00000126   Code   RO          649    i.nb_set_cdpserver  bc95.o
    0x0800544e   0x0800544e   0x00000002   PAD
    0x08005450   0x08005450   0x00000038   Code   RO          650    i.nb_set_no_encrypt  bc95.o
    0x08005488   0x08005488   0x0000001a   Code   RO         2242    i.osAlarmHeapInfo   los_heap.o
    0x080054a2   0x080054a2   0x0000001e   Code   RO         2478    i.osAtomicBitsetClearBit  los_slab.o
    0x080054c0   0x080054c0   0x00000042   Code   RO         2480    i.osAtomicBitsetFindClearAndSet  los_slab.o
    0x08005502   0x08005502   0x00000022   Code   RO         2481    i.osAtomicBitsetGetBit  los_slab.o
    0x08005524   0x08005524   0x0000002c   Code   RO         2483    i.osAtomicBitsetInit  los_slab.o
    0x08005550   0x08005550   0x00000120   Code   RO         2243    i.osHeapAlloc       los_heap.o
    0x08005670   0x08005670   0x0000003a   Code   RO         2244    i.osHeapAllocAlign  los_heap.o
    0x080056aa   0x080056aa   0x00000002   PAD
    0x080056ac   0x080056ac   0x00000104   Code   RO         2245    i.osHeapFree        los_heap.o
    0x080057b0   0x080057b0   0x0000003a   Code   RO         2248    i.osHeapInit        los_heap.o
    0x080057ea   0x080057ea   0x00000016   Code   RO         2249    i.osHeapPrvGetNext  los_heap.o
    0x08005800   0x08005800   0x00000048   Code   RO         2250    i.osHeapStatisticsGet  los_heap.o
    0x08005848   0x08005848   0x00000034   Code   RO         2917    i.osHwiDefaultHandler  los_hwi.o
    0x0800587c   0x0800587c   0x0000003c   Code   RO         2918    i.osHwiInit         los_hwi.o
    0x080058b8   0x080058b8   0x00000002   Code   RO         1573    i.osIdleTask        los_task.o
    0x080058ba   0x080058ba   0x00000002   PAD
    0x080058bc   0x080058bc   0x00000040   Code   RO         1574    i.osIdleTaskCreate  los_task.o
    0x080058fc   0x080058fc   0x00000006   Code   RO         2919    i.osIntNumGet       los_hwi.o
    0x08005902   0x08005902   0x00000002   PAD
    0x08005904   0x08005904   0x0000003c   Code   RO         2920    i.osInterrupt       los_hwi.o
    0x08005940   0x08005940   0x00000018   Code   RO         2324    i.osMemSystemInit   los_memory.o
    0x08005958   0x08005958   0x00000058   Code   RO         1986    i.osMuxInit         los_mux.o
    0x080059b0   0x080059b0   0x00000038   Code   RO         1286    i.osPriqueueDequeue  los_priqueue.o
    0x080059e8   0x080059e8   0x00000030   Code   RO         1287    i.osPriqueueEnqueue  los_priqueue.o
    0x08005a18   0x08005a18   0x00000034   Code   RO         1288    i.osPriqueueInit    los_priqueue.o
    0x08005a4c   0x08005a4c   0x00000024   Code   RO         1289    i.osPriqueueSize    los_priqueue.o
    0x08005a70   0x08005a70   0x0000001c   Code   RO         1290    i.osPriqueueTop     los_priqueue.o
    0x08005a8c   0x08005a8c   0x000000d0   Code   RO         2056    i.osQueueBufferOperate  los_queue.o
    0x08005b5c   0x08005b5c   0x0000005c   Code   RO         2057    i.osQueueInit       los_queue.o
    0x08005bb8   0x08005bb8   0x0000016e   Code   RO         2060    i.osQueueOperate    los_queue.o
    0x08005d26   0x08005d26   0x00000002   PAD
    0x08005d28   0x08005d28   0x00000034   Code   RO         2061    i.osQueueReadParameterCheck  los_queue.o
    0x08005d5c   0x08005d5c   0x00000034   Code   RO         2062    i.osQueueWriteParameterCheck  los_queue.o
    0x08005d90   0x08005d90   0x00000004   Code   RO         2823    i.osSchedule        los_hw.o
    0x08005d94   0x08005d94   0x0000009c   Code   RO         2174    i.osSemCreate       los_sem.o
    0x08005e30   0x08005e30   0x00000054   Code   RO         2175    i.osSemInit         los_sem.o
    0x08005e84   0x08005e84   0x0000001c   Code   RO         2484    i.osSlabAllocatorAlloc  los_slab.o
    0x08005ea0   0x08005ea0   0x00000038   Code   RO         2488    i.osSlabAllocatorFree  los_slab.o
    0x08005ed8   0x08005ed8   0x00000046   Code   RO         2495    i.osSlabAllocatorNew  los_slab.o
    0x08005f1e   0x08005f1e   0x00000014   Code   RO         2609    i.osSlabBlockHeadFill  los_slabmem.o
    0x08005f32   0x08005f32   0x00000004   Code   RO         2325    i.osSlabCtrlHdrGet  los_memory.o
    0x08005f36   0x08005f36   0x00000062   Code   RO         2611    i.osSlabMemAlloc    los_slabmem.o
    0x08005f98   0x08005f98   0x0000005e   Code   RO         2614    i.osSlabMemFree     los_slabmem.o
    0x08005ff6   0x08005ff6   0x00000002   PAD
    0x08005ff8   0x08005ff8   0x00000058   Code   RO         2615    i.osSlabMemInit     los_slabmem.o
    0x08006050   0x08006050   0x00000080   Code   RO         1369    i.osSwTmrInit       los_swtmr.o
    0x080060d0   0x080060d0   0x0000018e   Code   RO         1370    i.osSwTmrStart      los_swtmr.o
    0x0800625e   0x0800625e   0x00000002   PAD
    0x08006260   0x08006260   0x0000003c   Code   RO         1371    i.osSwTmrTask       los_swtmr.o
    0x0800629c   0x0800629c   0x00000040   Code   RO         1372    i.osSwTmrTaskCreate  los_swtmr.o
    0x080062dc   0x080062dc   0x00000068   Code   RO         1373    i.osSwTmrTimeoutHandle  los_swtmr.o
    0x08006344   0x08006344   0x00000024   Code   RO         1375    i.osSwtmrDelete     los_swtmr.o
    0x08006368   0x08006368   0x0000001c   Code   RO         1376    i.osSwtmrScan       los_swtmr.o
    0x08006384   0x08006384   0x00000084   Code   RO         1575    i.osTaskAdd2TimerList  los_task.o
    0x08006408   0x08006408   0x0000002c   Code   RO         1576    i.osTaskEntry       los_task.o
    0x08006434   0x08006434   0x00000004   Code   RO         2824    i.osTaskExit        los_hw.o
    0x08006438   0x08006438   0x000000d4   Code   RO         1577    i.osTaskInit        los_task.o
    0x0800650c   0x0800650c   0x0000002c   Code   RO         1578    i.osTaskMonInit     los_task.o
    0x08006538   0x08006538   0x00000030   Code   RO         1579    i.osTaskPriModify   los_task.o
    0x08006568   0x08006568   0x000000b4   Code   RO         1580    i.osTaskScan        los_task.o
    0x0800661c   0x0800661c   0x0000013c   Code   RO         1581    i.osTaskSwitchCheck  los_task.o
    0x08006758   0x08006758   0x0000004c   Code   RO         1582    i.osTaskWait        los_task.o
    0x080067a4   0x080067a4   0x00000040   Code   RO         1583    i.osTaskWake        los_task.o
    0x080067e4   0x080067e4   0x00000028   Code   RO         1826    i.osTickHandler     los_tick.o
    0x0800680c   0x0800680c   0x0000008c   Code   RO         2872    i.osTickStart       los_hw_tick.o
    0x08006898   0x08006898   0x00000034   Code   RO         1584    i.osTimerListDelete  los_task.o
    0x080068cc   0x080068cc   0x00000038   Code   RO         1874    i.osTimesliceCheck  los_timeslice.o
    0x08006904   0x08006904   0x00000010   Code   RO         1875    i.osTimesliceInit   los_timeslice.o
    0x08006914   0x08006914   0x00000084   Code   RO         2825    i.osTskStackInit    los_hw.o
    0x08006998   0x08006998   0x00000104   Code   RO          556    i.read_resp         at_hal.o
    0x08006a9c   0x08006a9c   0x00000016   Code   RO         5688    i.store_resp_buf    at_main.o
    0x08006ab2   0x08006ab2   0x00000002   PAD
    0x08006ab4   0x08006ab4   0x0000003c   Code   RO          653    i.str_to_hex        bc95.o
    0x08006af0   0x08006af0   0x00000030   Code   RO          557    i.write_at_task_msg  at_hal.o
    0x08006b20   0x08006b20   0x00000040   Data   RO           14    .constdata          system_stm32l4xx.o
    0x08006b60   0x08006b60   0x00000008   Data   RO           15    .constdata          system_stm32l4xx.o
    0x08006b68   0x08006b68   0x00000012   Data   RO          217    .constdata          main.o
    0x08006b7a   0x08006b7a   0x0000000a   Data   RO          559    .constdata          at_hal.o
    0x08006b84   0x08006b84   0x000000b0   Data   RO          656    .constdata          bc95.o
    0x08006c34   0x08006c34   0x00000014   Data   RO         2922    .constdata          los_hwi.o
    0x08006c48   0x08006c48   0x00000083   Data   RO         5692    .constdata          at_main.o
    0x08006ccb   0x08006ccb   0x00000040   Data   RO         6233    .constdata          mc_w.l(ctype_c.o)
    0x08006d0b   0x08006d0b   0x00000001   PAD
    0x08006d0c   0x08006d0c   0x0000000e   Data   RO          657    .conststring        bc95.o
    0x08006d1a   0x08006d1a   0x00000002   PAD
    0x08006d1c   0x08006d1c   0x00000094   Data   RO         5693    .conststring        at_main.o
    0x08006db0   0x08006db0   0x00000008   Data   RO            3    LOS_HEAP_INFO       los_startup_keil.o
    0x08006db8   0x08006db8   0x00000030   Data   RO         6235    Region$$Table       anon$$obj.o


    Execution Region VECTOR (Exec base: 0x20000000, Load base: 0x08006de8, Size: 0x00000400, Max: 0x00000400, ABSOLUTE, COMPRESSED[0x00000018])

    Exec Addr    Load Addr    Size         Type   Attr      Idx    E Section Name        Object

    0x20000000   COMPRESSED   0x00000400   Data   RW         2924    .data.vector        los_hwi.o


    Execution Region RW_IRAM1 (Exec base: 0x20000400, Load base: 0x08006e00, Size: 0x00001ad8, Max: 0x0000f800, ABSOLUTE, COMPRESSED[0x00000048])

    Exec Addr    Load Addr    Size         Type   Attr      Idx    E Section Name        Object

    0x20000400   COMPRESSED   0x00000004   Data   RW           16    .data               system_stm32l4xx.o
    0x20000404   COMPRESSED   0x0000000a   Data   RW          218    .data               main.o
    0x2000040e   COMPRESSED   0x00000002   PAD
    0x20000410   COMPRESSED   0x00000004   Data   RW          481    .data               dwt.o
    0x20000414   COMPRESSED   0x0000001c   Data   RW          560    .data               at_hal.o
    0x20000430   COMPRESSED   0x00000024   Data   RW          658    .data               bc95.o
    0x20000454   COMPRESSED   0x00000008   Data   RW          660    .data               bc95.o
    0x2000045c   COMPRESSED   0x00000008   Data   RW         1292    .data               los_priqueue.o
    0x20000464   COMPRESSED   0x0000001c   Data   RW         1380    .data               los_swtmr.o
    0x20000480   COMPRESSED   0x00000048   Data   RW         1587    .data               los_task.o
    0x200004c8   COMPRESSED   0x00000004   Data   RW         1827    .data               los_tick.o
    0x200004cc   COMPRESSED   0x00000004   PAD
    0x200004d0   COMPRESSED   0x00000010   Data   RW         1828    .data               los_tick.o
    0x200004e0   COMPRESSED   0x00000004   Data   RW         1831    .data               los_tick.o
    0x200004e4   COMPRESSED   0x00000008   Data   RW         1876    .data               los_timeslice.o
    0x200004ec   COMPRESSED   0x0000000c   Data   RW         1987    .data               los_mux.o
    0x200004f8   COMPRESSED   0x0000000c   Data   RW         2063    .data               los_queue.o
    0x20000504   COMPRESSED   0x0000000c   Data   RW         2176    .data               los_sem.o
    0x20000510   COMPRESSED   0x00000010   Data   RW         2251    .data               los_heap.o
    0x20000520   COMPRESSED   0x00000004   Data   RW         2326    .data               los_memory.o
    0x20000524   COMPRESSED   0x00000004   Data   RW         2706    .data               los_err.o
    0x20000528   COMPRESSED   0x00000004   Data   RW         2742    .data               los_init.o
    0x2000052c   COMPRESSED   0x00000004   Data   RW         2923    .data               los_hwi.o
    0x20000530   COMPRESSED   0x00000008   Data   RW         5364    .data               bh1750.o
    0x20000538   COMPRESSED   0x00000060   Data   RW         5694    .data               at_main.o
    0x20000598   COMPRESSED   0x00000004   Data   RW         6200    .data               mc_w.l(stdout.o)
    0x2000059c        -       0x0000001e   Zero   RW          216    .bss                main.o
    0x200005ba   COMPRESSED   0x00000002   PAD
    0x200005bc        -       0x000000f0   Zero   RW          405    .bss                usart.o
    0x200006ac        -       0x00000078   Zero   RW          558    .bss                at_hal.o
    0x20000724        -       0x000004e8   Zero   RW          655    .bss                bc95.o
    0x20000c0c        -       0x00000040   Zero   RW         1379    .bss                los_swtmr.o
    0x20000c4c        -       0x00000156   Zero   RW         1585    .bss                los_task.o
    0x20000da2   COMPRESSED   0x00000002   PAD
    0x20000da4        -       0x00000400   Zero   RW         2921    .bss                los_hwi.o
    0x200011a4        -       0x00000400   Zero   RW         5689    .bss                at_main.o
    0x200015a4        -       0x00000400   Zero   RW         5690    .bss                at_main.o
    0x200019a4        -       0x00000130   Zero   RW         5691    .bss                at_main.o
    0x20001ad4   COMPRESSED   0x00000004   PAD
    0x20001ad8        -       0x00000400   Zero   RW            2    LOS_HEAP            los_startup_keil.o


    Execution Region ARM_LIB_STACKHEAP (Exec base: 0x2000fc00, Load base: 0x08006e48, Size: 0x00000400, Max: 0x00000400, ABSOLUTE)

    Exec Addr    Load Addr    Size         Type   Attr      Idx    E Section Name        Object

    0x2000fc00        -       0x00000400   Zero   RW            1    ARM_LIB_STACKHEAP.bss  anon$$obj.o


==============================================================================

Image component sizes


      Code (inc. data)   RO Data    RW Data    ZI Data      Debug   Object Name

       712        154         10         28        120      34630   at_hal.o
      3542       1270        279         96       2352      23217   at_main.o
      1236        412        190         44       1256      19281   bc95.o
      1032         60          0          8          0       9114   bh1750.o
         0          0          0          0          0       3196   cmsis_liteos.o
        44         14          0          4          0        701   dwt.o
       296         18          0          0          0       1059   gpio.o
       258         24          0          0          0        464   los_dispatch_keil.o
        28          6          0          4          0       2390   los_err.o
       784        100          0         16          0       7324   los_heap.o
       204         18          0          0          0       2870   los_hw.o
       140         42          0          0          0      30513   los_hw_tick.o
       350         78         20       1028       1024      41159   los_hwi.o
       304        136          0          4          0       1944   los_init.o
       336         68          0          4          0       5506   los_memory.o
        20          0          0          0          0        648   los_misc.o
       918        204          0         12          0       6696   los_mux.o
       204         44          0          0          0       2902   los_nb_api.o
       220         30          0          8          0      13046   los_priqueue.o
      1204        108          0         12          0      12623   los_queue.o
       908        230          0         12          0       7470   los_sem.o
       328          0          0          0          0       6436   los_slab.o
       300          0          0          0          0       4183   los_slabmem.o
        44         22          8          0       1024        320   los_startup_keil.o
       818         70          0         28         64       7811   los_swtmr.o
        12          4          0          0          0        543   los_sys.o
      2328        292          0         72        342      24580   los_task.o
        40          6          0         24          0       1060   los_tick.o
        72         16          0          8          0       1353   los_timeslice.o
      1150        636         18         10         30      18549   main.o
        62          6          0          0          0       1230   stm32l4xx_hal.o
       198         14          0          0          0      33615   stm32l4xx_hal_cortex.o
       418         28          0          0          0       3243   stm32l4xx_hal_gpio.o
       128          6          0          0          0        950   stm32l4xx_hal_msp.o
       116         20          0          0          0       1410   stm32l4xx_hal_pwr_ex.o
      1864         88          0          0          0       6816   stm32l4xx_hal_rcc.o
       998         32          0          0          0       3000   stm32l4xx_hal_rcc_ex.o
      1270         62          0          0          0       6541   stm32l4xx_hal_uart.o
       166          4          0          0          0       2224   sys_init.o
        68         12         72          4          0     645001   system_stm32l4xx.o
       252         42          0          0        240       2397   usart.o

    ----------------------------------------------------------------------
     23410       4376        647       1432       7484     998015   Object Totals
         0          0         48          0       1024          0   (incl. Generated)
        38          0          2          6          8          0   (incl. Padding)

    ----------------------------------------------------------------------

      Code (inc. data)   RO Data    RW Data    ZI Data      Debug   Library Member Name

        56          8          0          0          0         84   __0sscanf.o
        86          0          0          0          0          0   __dczerorl2.o
        28          0          0          0          0         68   _chval.o
       818          4          0          0          0        112   _scanf.o
       338          0          0          0          0         96   _scanf_int.o
       230          0          0          0          0         96   _scanf_str.o
        64          0          0          0          0         84   _sgetc.o
        40          6         64          0          0         68   ctype_c.o
         0          0          0          0          0          0   entry.o
         0          0          0          0          0          0   entry10a.o
         0          0          0          0          0          0   entry11a.o
         8          4          0          0          0          0   entry3.o
         4          0          0          0          0          0   entry5.o
         0          0          0          0          0          0   entry7b.o
         0          0          0          0          0          0   entry8b.o
         8          4          0          0          0          0   entry9a.o
        30          0          0          0          0          0   handlers.o
        36          8          0          0          0         68   init.o
        10          0          0          0          0         68   isspace_c.o
         0          0          0          0          0          0   iusefp.o
        30          0          0          0          0         68   llshl.o
        32          0          0          0          0         68   llushr.o
        36          0          0          0          0         68   memcpya.o
        36          0          0          0          0        108   memseta.o
      1280         64          0          0          0        656   printf8.o
        40          8          0          0          0         84   scanf_char.o
         0          0          0          4          0          0   stdout.o
        28          0          0          0          0         76   strcmp.o
        14          0          0          0          0         68   strlen.o
        36          0          0          0          0         80   strstr.o
        12          0          0          0          0         68   toupper.o
       104          0          0          0          0         92   uldiv.o
        56          0          0          0          0         88   d2f.o
       222          0          0          0          0        100   ddiv.o
       186          0          0          0          0        176   depilogue.o
        26          0          0          0          0         76   dfltui.o
       110          0          0          0          0        168   fepilogue.o

    ----------------------------------------------------------------------
      4014        106         65          4          0       2788   Library Totals
        10          0          1          0          0          0   (incl. Padding)

    ----------------------------------------------------------------------

      Code (inc. data)   RO Data    RW Data    ZI Data      Debug   Library Name

      3404        106         64          4          0       2180   mc_w.l
       600          0          0          0          0        608   mf_w.l

    ----------------------------------------------------------------------
      4014        106         65          4          0       2788   Library Totals

    ----------------------------------------------------------------------

==============================================================================


      Code (inc. data)   RO Data    RW Data    ZI Data      Debug   

     27424       4482        712       1436       7484     980279   Grand Totals
     27424       4482        712         96       7484     980279   ELF Image Totals (compressed)
     27424       4482        712         96          0          0   ROM Totals

==============================================================================

    Total RO  Size (Code + RO Data)                28136 (  27.48kB)
    Total RW  Size (RW Data + ZI Data)              8920 (   8.71kB)
    Total ROM Size (Code + RO Data + RW Data)      28232 (  27.57kB)

==============================================================================

